SQL> SELECT * FROM JOURNEY_DETAILS;

JOURN SOURCE               DESTINATION          JDDATE    TTIME                                                                       ON_BUS_SER BUS_I ROUTE                                                                                                    
----- -------------------- -------------------- --------- --------------------------------------------------------------------------- ---------- ----- -----                                                                                                    
J01   VADODARA             AHMEDABAD            05-JUL-19 05-JUL-19 06.30.00.000000 AM                                                no         B01   R41                                                                                                      
J02   VADODARA             AHMEDABAD            05-JUL-19 05-JUL-19 10.30.00.000000 AM                                                no         B01   R42                                                                                                      
J03   VADODARA             AHMEDABAD            05-JUL-19 05-JUL-19 02.00.00.000000 PM                                                no         B01   R43                                                                                                      
J04   VADODARA             AHMEDABAD            05-JUL-19 05-JUL-19 06.30.00.000000 PM                                                no         B01   R44                                                                                                      
J05   VADODARA             AHMEDABAD            06-JUL-19 06-JUL-19 06.00.00.000000 AM                                                no         B01   R41                                                                                                      
J06   VADODARA             AHMEDABAD            06-JUL-19 06-JUL-19 10.30.00.000000 AM                                                no         B01   R42                                                                                                      
J07   VADODARA             AHMEDABAD            06-JUL-19 06-JUL-19 02.45.00.000000 PM                                                no         B01   R43                                                                                                      
J08   VADODARA             AHMEDABAD            06-JUL-19 06-JUL-19 06.30.00.000000 PM                                                no         B01   R44                                                                                                      
J09   VADODARA             AHMEDABAD            07-JUL-19 07-JUL-19 05.00.00.000000 AM                                                no         B01   R41                                                                                                      
J10   VADODARA             AHMEDABAD            07-JUL-19 07-JUL-19 09.30.00.000000 AM                                                no         B01   R42                                                                                                      
J11   VADODARA             AHMEDABAD            07-JUL-19 07-JUL-19 01.30.00.000000 PM                                                no         B01   R43                                                                                                      

JOURN SOURCE               DESTINATION          JDDATE    TTIME                                                                       ON_BUS_SER BUS_I ROUTE                                                                                                    
----- -------------------- -------------------- --------- --------------------------------------------------------------------------- ---------- ----- -----                                                                                                    
J12   VADODARA             AHMEDABAD            07-JUL-19 07-JUL-19 05.30.00.000000 PM                                                no         B01   R44                                                                                                      
J13   VADODARA             AHMEDABAD            08-JUL-19 08-JUL-19 05.30.00.000000 AM                                                no         B01   R41                                                                                                      
J14   VADODARA             AHMEDABAD            08-JUL-19 08-JUL-19 09.30.00.000000 AM                                                no         B01   R42                                                                                                      
J15   VADODARA             AHMEDABAD            08-JUL-19 08-JUL-19 01.30.00.000000 PM                                                no         B01   R43                                                                                                      
J16   VADODARA             AHMEDABAD            08-JUL-19 08-JUL-19 07.30.00.000000 PM                                                no         B01   R44                                                                                                      
J17   VADODARA             AHMEDABAD            09-JUL-19 09-JUL-19 05.30.00.000000 AM                                                no         B01   R41                                                                                                      
J18   VADODARA             AHMEDABAD            09-JUL-19 09-JUL-19 09.30.00.000000 AM                                                no         B01   R42                                                                                                      
J19   VADODARA             AHMEDABAD            09-JUL-19 09-JUL-19 01.30.00.000000 PM                                                no         B01   R43                                                                                                      
J20   VADODARA             AHMEDABAD            09-JUL-19 09-JUL-19 05.30.00.000000 PM                                                no         B01   R44                                                                                                      
J21   BHARUCH              VADODARA             05-JUL-19 05-JUL-19 06.00.00.000000 AM                                                no         B02   R61                                                                                                      
J22   BHARUCH              VADODARA             05-JUL-19 05-JUL-19 10.00.00.000000 AM                                                no         B02   R62                                                                                                      

JOURN SOURCE               DESTINATION          JDDATE    TTIME                                                                       ON_BUS_SER BUS_I ROUTE                                                                                                    
----- -------------------- -------------------- --------- --------------------------------------------------------------------------- ---------- ----- -----                                                                                                    
J23   BHARUCH              VADODARA             05-JUL-19 05-JUL-19 02.00.00.000000 PM                                                no         B02   R63                                                                                                      
J24   BHARUCH              VADODARA             05-JUL-19 05-JUL-19 06.30.00.000000 PM                                                no         B02   R64                                                                                                      
J25   BHARUCH              VADODARA             06-JUL-19 06-JUL-19 06.00.00.000000 AM                                                no         B02   R65                                                                                                      
J26   BHARUCH              VADODARA             06-JUL-19 06-JUL-19 09.30.00.000000 AM                                                no         B02   R66                                                                                                      
J27   BHARUCH              VADODARA             06-JUL-19 06-JUL-19 02.45.00.000000 PM                                                no         B02   R67                                                                                                      
J28   BHARUCH              VADODARA             06-JUL-19 06-JUL-19 06.30.00.000000 PM                                                no         B02   R68                                                                                                      
J29   BHARUCH              VADODARA             07-JUL-19 07-JUL-19 05.00.00.000000 AM                                                no         B02   R61                                                                                                      
J30   BHARUCH              VADODARA             07-JUL-19 07-JUL-19 09.30.00.000000 AM                                                no         B02   R61                                                                                                      
J31   BHARUCH              VADODARA             07-JUL-19 07-JUL-19 03.30.00.000000 PM                                                no         B02   R62                                                                                                      
J32   BHARUCH              VADODARA             07-JUL-19 07-JUL-19 07.30.00.000000 PM                                                no         B02   R62                                                                                                      
J33   BHARUCH              VADODARA             08-JUL-19 08-JUL-19 04.30.00.000000 AM                                                no         B02   R63                                                                                                      

JOURN SOURCE               DESTINATION          JDDATE    TTIME                                                                       ON_BUS_SER BUS_I ROUTE                                                                                                    
----- -------------------- -------------------- --------- --------------------------------------------------------------------------- ---------- ----- -----                                                                                                    
J34   BHARUCH              VADODARA             08-JUL-19 08-JUL-19 08.00.00.000000 AM                                                no         B02   R63                                                                                                      
J35   BHARUCH              VADODARA             08-JUL-19 08-JUL-19 12.30.00.000000 PM                                                no         B02   R64                                                                                                      
J36   BHARUCH              VADODARA             08-JUL-19 08-JUL-19 04.30.00.000000 PM                                                no         B02   R64                                                                                                      
J37   BHARUCH              VADODARA             09-JUL-19 09-JUL-19 07.30.00.000000 AM                                                no         B02   R65                                                                                                      
J38   BHARUCH              VADODARA             09-JUL-19 09-JUL-19 10.45.00.000000 AM                                                no         B02   R65                                                                                                      
J39   BHARUCH              VADODARA             09-JUL-19 09-JUL-19 02.15.00.000000 PM                                                no         B02   R66                                                                                                      
J40   BHARUCH              VADODARA             09-JUL-19 09-JUL-19 04.45.00.000000 PM                                                no         B02   R66                                                                                                      
J41   MUMBAI               PUNE                 05-JUL-19 05-JUL-19 06.30.00.000000 AM                                                no         B03   R49                                                                                                      
J42   MUMBAI               PUNE                 05-JUL-19 05-JUL-19 12.30.00.000000 PM                                                no         B03   R50                                                                                                      
J43   MUMBAI               PUNE                 05-JUL-19 05-JUL-19 06.00.00.000000 PM                                                no         B03   R51                                                                                                      
J44   MUMBAI               PUNE                 06-JUL-19 06-JUL-19 12.30.00.000000 AM                                                no         B03   R52                                                                                                      

JOURN SOURCE               DESTINATION          JDDATE    TTIME                                                                       ON_BUS_SER BUS_I ROUTE                                                                                                    
----- -------------------- -------------------- --------- --------------------------------------------------------------------------- ---------- ----- -----                                                                                                    
J45   MUMBAI               PUNE                 06-JUL-19 06-JUL-19 06.00.00.000000 AM                                                no         B03   R49                                                                                                      
J46   MUMBAI               PUNE                 06-JUL-19 06-JUL-19 12.30.00.000000 PM                                                no         B03   R50                                                                                                      
J47   MUMBAI               PUNE                 06-JUL-19 06-JUL-19 06.45.00.000000 PM                                                no         B03   R51                                                                                                      
J48   MUMBAI               PUNE                 07-JUL-19 07-JUL-19 12.30.00.000000 AM                                                no         B03   R52                                                                                                      
J49   MUMBAI               PUNE                 07-JUL-19 07-JUL-19 05.00.00.000000 AM                                                no         B03   R49                                                                                                      
J50   MUMBAI               PUNE                 07-JUL-19 07-JUL-19 11.30.00.000000 AM                                                no         B03   R50                                                                                                      
J51   MUMBAI               PUNE                 07-JUL-19 07-JUL-19 04.30.00.000000 PM                                                no         B03   R51                                                                                                      
J52   MUMBAI               PUNE                 07-JUL-19 07-JUL-19 10.30.00.000000 PM                                                no         B03   R52                                                                                                      
J53   MUMBAI               PUNE                 08-JUL-19 08-JUL-19 05.30.00.000000 AM                                                no         B03   R49                                                                                                      
J54   MUMBAI               PUNE                 08-JUL-19 08-JUL-19 11.30.00.000000 AM                                                no         B03   R50                                                                                                      
J55   MUMBAI               PUNE                 08-JUL-19 08-JUL-19 05.30.00.000000 PM                                                no         B03   R51                                                                                                      

JOURN SOURCE               DESTINATION          JDDATE    TTIME                                                                       ON_BUS_SER BUS_I ROUTE                                                                                                    
----- -------------------- -------------------- --------- --------------------------------------------------------------------------- ---------- ----- -----                                                                                                    
J56   MUMBAI               PUNE                 08-JUL-19 08-JUL-19 11.30.00.000000 PM                                                no         B03   R52                                                                                                      
J57   MUMBAI               PUNE                 09-JUL-19 09-JUL-19 05.30.00.000000 AM                                                no         B03   R49                                                                                                      
J58   MUMBAI               PUNE                 09-JUL-19 09-JUL-19 11.30.00.000000 AM                                                no         B03   R50                                                                                                      
J59   MUMBAI               PUNE                 09-JUL-19 09-JUL-19 06.15.00.000000 PM                                                no         B03   R51                                                                                                      
J60   MUMBAI               PUNE                 10-JUL-19 10-JUL-19 12.45.00.000000 AM                                                no         B03   R52                                                                                                      
J61   JAIPUR               UDAIPUR              05-JUL-19 05-JUL-19 06.00.00.000000 AM                                                no         B04   R69                                                                                                      
J62   JAIPUR               UDAIPUR              05-JUL-19 05-JUL-19 10.00.00.000000 AM                                                no         B04   R70                                                                                                      
J63   JAIPUR               UDAIPUR              05-JUL-19 05-JUL-19 02.00.00.000000 PM                                                no         B04   R69                                                                                                      
J64   JAIPUR               UDAIPUR              05-JUL-19 05-JUL-19 06.30.00.000000 PM                                                no         B04   R70                                                                                                      
J65   JAIPUR               UDAIPUR              06-JUL-19 06-JUL-19 06.00.00.000000 AM                                                no         B04   R69                                                                                                      
J66   JAIPUR               UDAIPUR              06-JUL-19 06-JUL-19 09.30.00.000000 AM                                                no         B04   R70                                                                                                      

JOURN SOURCE               DESTINATION          JDDATE    TTIME                                                                       ON_BUS_SER BUS_I ROUTE                                                                                                    
----- -------------------- -------------------- --------- --------------------------------------------------------------------------- ---------- ----- -----                                                                                                    
J67   JAIPUR               UDAIPUR              06-JUL-19 06-JUL-19 02.45.00.000000 PM                                                no         B04   R69                                                                                                      
J68   JAIPUR               UDAIPUR              06-JUL-19 06-JUL-19 06.30.00.000000 PM                                                no         B04   R70                                                                                                      
J69   JAIPUR               UDAIPUR              07-JUL-19 07-JUL-19 05.00.00.000000 AM                                                no         B04   R69                                                                                                      
J70   JAIPUR               UDAIPUR              07-JUL-19 07-JUL-19 09.30.00.000000 AM                                                no         B04   R70                                                                                                      
J71   JAIPUR               UDAIPUR              07-JUL-19 07-JUL-19 03.30.00.000000 PM                                                no         B04   R69                                                                                                      
J72   JAIPUR               UDAIPUR              07-JUL-19 07-JUL-19 07.30.00.000000 PM                                                no         B04   R70                                                                                                      
J73   JAIPUR               UDAIPUR              08-JUL-19 08-JUL-19 04.30.00.000000 AM                                                no         B04   R69                                                                                                      
J74   JAIPUR               UDAIPUR              08-JUL-19 08-JUL-19 08.00.00.000000 AM                                                no         B04   R70                                                                                                      
J75   JAIPUR               UDAIPUR              08-JUL-19 08-JUL-19 12.30.00.000000 PM                                                no         B04   R69                                                                                                      
J76   JAIPUR               UDAIPUR              08-JUL-19 08-JUL-19 04.30.00.000000 PM                                                no         B04   R70                                                                                                      
J77   JAIPUR               UDAIPUR              09-JUL-19 09-JUL-19 07.30.00.000000 AM                                                no         B04   R69                                                                                                      

JOURN SOURCE               DESTINATION          JDDATE    TTIME                                                                       ON_BUS_SER BUS_I ROUTE                                                                                                    
----- -------------------- -------------------- --------- --------------------------------------------------------------------------- ---------- ----- -----                                                                                                    
J78   JAIPUR               UDAIPUR              09-JUL-19 09-JUL-19 10.45.00.000000 AM                                                no         B04   R70                                                                                                      
J79   JAIPUR               UDAIPUR              09-JUL-19 09-JUL-19 02.15.00.000000 PM                                                no         B04   R69                                                                                                      
J80   JAIPUR               UDAIPUR              09-JUL-19 09-JUL-19 04.45.00.000000 PM                                                no         B04   R70                                                                                                      
J81   SURAT                AHMEDABAD            05-JUL-19 05-JUL-19 06.30.00.000000 AM                                                no         B05   R01                                                                                                      
J82   SURAT                AHMEDABAD            05-JUL-19 05-JUL-19 12.30.00.000000 PM                                                no         B05   R02                                                                                                      
J83   SURAT                AHMEDABAD            05-JUL-19 05-JUL-19 06.00.00.000000 PM                                                no         B05   R03                                                                                                      
J84   SURAT                AHMEDABAD            06-JUL-19 06-JUL-19 12.30.00.000000 AM                                                no         B05   R04                                                                                                      
J85   SURAT                AHMEDABAD            06-JUL-19 06-JUL-19 06.00.00.000000 AM                                                no         B05   R05                                                                                                      
J86   SURAT                AHMEDABAD            06-JUL-19 06-JUL-19 12.30.00.000000 PM                                                no         B05   R06                                                                                                      
J87   SURAT                AHMEDABAD            06-JUL-19 06-JUL-19 06.45.00.000000 PM                                                no         B05   R07                                                                                                      
J88   SURAT                AHMEDABAD            07-JUL-19 07-JUL-19 12.30.00.000000 AM                                                no         B05   R08                                                                                                      

JOURN SOURCE               DESTINATION          JDDATE    TTIME                                                                       ON_BUS_SER BUS_I ROUTE                                                                                                    
----- -------------------- -------------------- --------- --------------------------------------------------------------------------- ---------- ----- -----                                                                                                    
J89   SURAT                AHMEDABAD            07-JUL-19 07-JUL-19 05.00.00.000000 AM                                                no         B05   R01                                                                                                      
J90   SURAT                AHMEDABAD            07-JUL-19 07-JUL-19 11.30.00.000000 AM                                                no         B05   R01                                                                                                      
J91   SURAT                AHMEDABAD            07-JUL-19 07-JUL-19 04.30.00.000000 PM                                                no         B05   R02                                                                                                      
J92   SURAT                AHMEDABAD            07-JUL-19 07-JUL-19 10.30.00.000000 PM                                                no         B05   R02                                                                                                      
J93   SURAT                AHMEDABAD            08-JUL-19 08-JUL-19 05.30.00.000000 AM                                                no         B05   R03                                                                                                      
J94   SURAT                AHMEDABAD            08-JUL-19 08-JUL-19 11.30.00.000000 AM                                                no         B05   R03                                                                                                      
J95   SURAT                AHMEDABAD            08-JUL-19 08-JUL-19 05.30.00.000000 PM                                                no         B05   R04                                                                                                      
J96   SURAT                AHMEDABAD            08-JUL-19 08-JUL-19 11.30.00.000000 PM                                                no         B05   R05                                                                                                      
J97   SURAT                AHMEDABAD            09-JUL-19 09-JUL-19 05.30.00.000000 AM                                                no         B05   R06                                                                                                      
J98   SURAT                AHMEDABAD            09-JUL-19 09-JUL-19 11.30.00.000000 AM                                                no         B05   R06                                                                                                      
J99   SURAT                AHMEDABAD            09-JUL-19 09-JUL-19 06.15.00.000000 PM                                                no         B05   R07                                                                                                      

JOURN SOURCE               DESTINATION          JDDATE    TTIME                                                                       ON_BUS_SER BUS_I ROUTE                                                                                                    
----- -------------------- -------------------- --------- --------------------------------------------------------------------------- ---------- ----- -----                                                                                                    
J100  SURAT                AHMEDABAD            10-JUL-19 10-JUL-19 12.45.00.000000 AM                                                no         B05   R08                                                                                                      
J101  RAJKOT               AHMEDABAD            05-JUL-19 05-JUL-19 06.00.00.000000 AM                                                no         B06   R09                                                                                                      
J102  RAJKOT               AHMEDABAD            05-JUL-19 05-JUL-19 10.00.00.000000 AM                                                no         B06   R10                                                                                                      
J103  RAJKOT               AHMEDABAD            05-JUL-19 05-JUL-19 02.00.00.000000 PM                                                no         B06   R11                                                                                                      
J104  RAJKOT               AHMEDABAD            05-JUL-19 05-JUL-19 06.30.00.000000 PM                                                no         B06   R12                                                                                                      
J105  RAJKOT               AHMEDABAD            06-JUL-19 06-JUL-19 06.00.00.000000 AM                                                no         B06   R13                                                                                                      
J106  RAJKOT               AHMEDABAD            06-JUL-19 06-JUL-19 09.30.00.000000 AM                                                no         B06   R14                                                                                                      
J107  RAJKOT               AHMEDABAD            06-JUL-19 06-JUL-19 02.45.00.000000 PM                                                no         B06   R15                                                                                                      
J108  RAJKOT               AHMEDABAD            06-JUL-19 06-JUL-19 06.30.00.000000 PM                                                no         B06   R16                                                                                                      
J109  RAJKOT               AHMEDABAD            07-JUL-19 07-JUL-19 05.00.00.000000 AM                                                no         B06   R09                                                                                                      
J110  RAJKOT               AHMEDABAD            07-JUL-19 07-JUL-19 09.30.00.000000 AM                                                no         B06   R09                                                                                                      

JOURN SOURCE               DESTINATION          JDDATE    TTIME                                                                       ON_BUS_SER BUS_I ROUTE                                                                                                    
----- -------------------- -------------------- --------- --------------------------------------------------------------------------- ---------- ----- -----                                                                                                    
J111  RAJKOT               AHMEDABAD            07-JUL-19 07-JUL-19 03.30.00.000000 PM                                                no         B06   R10                                                                                                      
J112  RAJKOT               AHMEDABAD            07-JUL-19 07-JUL-19 07.30.00.000000 PM                                                no         B06   R10                                                                                                      
J113  RAJKOT               AHMEDABAD            08-JUL-19 08-JUL-19 04.30.00.000000 AM                                                no         B06   R11                                                                                                      
J114  RAJKOT               AHMEDABAD            08-JUL-19 08-JUL-19 08.00.00.000000 AM                                                no         B06   R11                                                                                                      
J115  RAJKOT               AHMEDABAD            08-JUL-19 08-JUL-19 12.30.00.000000 PM                                                no         B06   R12                                                                                                      
J116  RAJKOT               AHMEDABAD            08-JUL-19 08-JUL-19 04.30.00.000000 PM                                                no         B06   R12                                                                                                      
J117  RAJKOT               AHMEDABAD            09-JUL-19 09-JUL-19 07.30.00.000000 AM                                                no         B06   R13                                                                                                      
J118  RAJKOT               AHMEDABAD            09-JUL-19 09-JUL-19 10.45.00.000000 AM                                                no         B06   R13                                                                                                      
J119  RAJKOT               AHMEDABAD            09-JUL-19 09-JUL-19 02.15.00.000000 PM                                                no         B06   R14                                                                                                      
J120  RAJKOT               AHMEDABAD            09-JUL-19 09-JUL-19 04.45.00.000000 PM                                                no         B06   R14                                                                                                      
J121  DELHI                AHMEDABAD            05-JUL-19 05-JUL-19 06.30.00.000000 AM                                                no         B07   R17                                                                                                      

JOURN SOURCE               DESTINATION          JDDATE    TTIME                                                                       ON_BUS_SER BUS_I ROUTE                                                                                                    
----- -------------------- -------------------- --------- --------------------------------------------------------------------------- ---------- ----- -----                                                                                                    
J122  DELHI                AHMEDABAD            05-JUL-19 05-JUL-19 12.30.00.000000 PM                                                no         B07   R18                                                                                                      
J123  DELHI                AHMEDABAD            05-JUL-19 05-JUL-19 06.00.00.000000 PM                                                no         B07   R19                                                                                                      
J124  DELHI                AHMEDABAD            06-JUL-19 06-JUL-19 12.30.00.000000 AM                                                no         B07   R20                                                                                                      
J125  DELHI                AHMEDABAD            06-JUL-19 06-JUL-19 06.00.00.000000 AM                                                no         B07   R21                                                                                                      
J126  DELHI                AHMEDABAD            06-JUL-19 06-JUL-19 12.30.00.000000 PM                                                no         B07   R22                                                                                                      
J127  DELHI                AHMEDABAD            06-JUL-19 06-JUL-19 06.45.00.000000 PM                                                no         B07   R23                                                                                                      
J128  DELHI                AHMEDABAD            07-JUL-19 07-JUL-19 12.30.00.000000 AM                                                no         B07   R24                                                                                                      
J129  DELHI                AHMEDABAD            07-JUL-19 07-JUL-19 05.00.00.000000 AM                                                no         B07   R17                                                                                                      
J130  DELHI                AHMEDABAD            07-JUL-19 07-JUL-19 11.30.00.000000 AM                                                no         B07   R17                                                                                                      
J131  DELHI                AHMEDABAD            07-JUL-19 07-JUL-19 04.30.00.000000 PM                                                no         B07   R18                                                                                                      
J132  DELHI                AHMEDABAD            07-JUL-19 07-JUL-19 10.30.00.000000 PM                                                no         B07   R18                                                                                                      

JOURN SOURCE               DESTINATION          JDDATE    TTIME                                                                       ON_BUS_SER BUS_I ROUTE                                                                                                    
----- -------------------- -------------------- --------- --------------------------------------------------------------------------- ---------- ----- -----                                                                                                    
J133  DELHI                AHMEDABAD            08-JUL-19 08-JUL-19 05.30.00.000000 AM                                                no         B07   R19                                                                                                      
J134  DELHI                AHMEDABAD            08-JUL-19 08-JUL-19 11.30.00.000000 AM                                                no         B07   R20                                                                                                      
J135  DELHI                AHMEDABAD            08-JUL-19 08-JUL-19 05.30.00.000000 PM                                                no         B07   R21                                                                                                      
J136  DELHI                AHMEDABAD            08-JUL-19 08-JUL-19 11.30.00.000000 PM                                                no         B07   R21                                                                                                      
J137  DELHI                AHMEDABAD            09-JUL-19 09-JUL-19 05.30.00.000000 AM                                                no         B07   R22                                                                                                      
J138  DELHI                AHMEDABAD            09-JUL-19 09-JUL-19 11.30.00.000000 AM                                                no         B07   R23                                                                                                      
J139  DELHI                AHMEDABAD            09-JUL-19 09-JUL-19 06.15.00.000000 PM                                                no         B07   R24                                                                                                      
J140  DELHI                AHMEDABAD            10-JUL-19 10-JUL-19 12.45.00.000000 AM                                                no         B07   R24                                                                                                      
J141  BHARUCH              SURAT                05-JUL-19 05-JUL-19 06.30.00.000000 AM                                                no         B08   R45                                                                                                      
J142  BHARUCH              SURAT                05-JUL-19 05-JUL-19 12.30.00.000000 PM                                                no         B08   R46                                                                                                      
J143  BHARUCH              SURAT                05-JUL-19 05-JUL-19 06.00.00.000000 PM                                                no         B08   R47                                                                                                      

JOURN SOURCE               DESTINATION          JDDATE    TTIME                                                                       ON_BUS_SER BUS_I ROUTE                                                                                                    
----- -------------------- -------------------- --------- --------------------------------------------------------------------------- ---------- ----- -----                                                                                                    
J144  BHARUCH              SURAT                06-JUL-19 06-JUL-19 12.30.00.000000 AM                                                no         B08   R48                                                                                                      
J145  BHARUCH              SURAT                06-JUL-19 06-JUL-19 06.00.00.000000 AM                                                no         B08   R45                                                                                                      
J146  BHARUCH              SURAT                06-JUL-19 06-JUL-19 12.30.00.000000 PM                                                no         B08   R46                                                                                                      
J147  BHARUCH              SURAT                06-JUL-19 06-JUL-19 06.45.00.000000 PM                                                no         B08   R47                                                                                                      
J148  BHARUCH              SURAT                07-JUL-19 07-JUL-19 12.30.00.000000 AM                                                no         B08   R48                                                                                                      
J149  BHARUCH              SURAT                07-JUL-19 07-JUL-19 05.00.00.000000 AM                                                no         B08   R45                                                                                                      
J150  BHARUCH              SURAT                07-JUL-19 07-JUL-19 11.30.00.000000 AM                                                no         B08   R46                                                                                                      
J151  BHARUCH              SURAT                07-JUL-19 07-JUL-19 04.30.00.000000 PM                                                no         B08   R47                                                                                                      
J152  BHARUCH              SURAT                07-JUL-19 07-JUL-19 10.30.00.000000 PM                                                no         B08   R48                                                                                                      
J153  BHARUCH              SURAT                08-JUL-19 08-JUL-19 05.30.00.000000 AM                                                no         B08   R45                                                                                                      
J154  BHARUCH              SURAT                08-JUL-19 08-JUL-19 11.30.00.000000 AM                                                no         B08   R46                                                                                                      

JOURN SOURCE               DESTINATION          JDDATE    TTIME                                                                       ON_BUS_SER BUS_I ROUTE                                                                                                    
----- -------------------- -------------------- --------- --------------------------------------------------------------------------- ---------- ----- -----                                                                                                    
J155  BHARUCH              SURAT                08-JUL-19 08-JUL-19 05.30.00.000000 PM                                                no         B08   R47                                                                                                      
J156  BHARUCH              SURAT                08-JUL-19 08-JUL-19 11.30.00.000000 PM                                                no         B08   R48                                                                                                      
J157  BHARUCH              SURAT                09-JUL-19 09-JUL-19 05.30.00.000000 AM                                                no         B08   R45                                                                                                      
J158  BHARUCH              SURAT                09-JUL-19 09-JUL-19 11.30.00.000000 AM                                                no         B08   R46                                                                                                      
J159  BHARUCH              SURAT                09-JUL-19 09-JUL-19 06.15.00.000000 PM                                                no         B08   R47                                                                                                      
J160  BHARUCH              SURAT                10-JUL-19 10-JUL-19 12.45.00.000000 AM                                                no         B08   R48                                                                                                      
J161  BHARUCH              NAVSARI              05-JUL-19 05-JUL-19 06.30.00.000000 AM                                                no         B09   R53                                                                                                      
J162  BHARUCH              NAVSARI              05-JUL-19 05-JUL-19 12.30.00.000000 PM                                                no         B09   R54                                                                                                      
J163  BHARUCH              NAVSARI              05-JUL-19 05-JUL-19 06.00.00.000000 PM                                                no         B09   R55                                                                                                      
J164  BHARUCH              NAVSARI              06-JUL-19 06-JUL-19 12.30.00.000000 AM                                                no         B09   R56                                                                                                      
J165  BHARUCH              NAVSARI              06-JUL-19 06-JUL-19 06.00.00.000000 AM                                                no         B09   R57                                                                                                      

JOURN SOURCE               DESTINATION          JDDATE    TTIME                                                                       ON_BUS_SER BUS_I ROUTE                                                                                                    
----- -------------------- -------------------- --------- --------------------------------------------------------------------------- ---------- ----- -----                                                                                                    
J166  BHARUCH              NAVSARI              06-JUL-19 06-JUL-19 12.30.00.000000 PM                                                no         B09   R58                                                                                                      
J167  BHARUCH              NAVSARI              06-JUL-19 06-JUL-19 06.45.00.000000 PM                                                no         B09   R59                                                                                                      
J168  BHARUCH              NAVSARI              07-JUL-19 07-JUL-19 12.30.00.000000 AM                                                no         B09   R60                                                                                                      
J169  BHARUCH              NAVSARI              07-JUL-19 07-JUL-19 05.00.00.000000 AM                                                no         B09   R53                                                                                                      
J170  BHARUCH              NAVSARI              07-JUL-19 07-JUL-19 11.30.00.000000 AM                                                no         B09   R53                                                                                                      
J171  BHARUCH              NAVSARI              07-JUL-19 07-JUL-19 04.30.00.000000 PM                                                no         B09   R54                                                                                                      
J172  BHARUCH              NAVSARI              07-JUL-19 07-JUL-19 10.30.00.000000 PM                                                no         B09   R54                                                                                                      
J173  BHARUCH              NAVSARI              08-JUL-19 08-JUL-19 05.30.00.000000 AM                                                no         B09   R55                                                                                                      
J174  BHARUCH              NAVSARI              08-JUL-19 08-JUL-19 11.30.00.000000 AM                                                no         B09   R55                                                                                                      
J175  BHARUCH              NAVSARI              08-JUL-19 08-JUL-19 05.30.00.000000 PM                                                no         B09   R56                                                                                                      
J176  BHARUCH              NAVSARI              08-JUL-19 08-JUL-19 11.30.00.000000 PM                                                no         B09   R57                                                                                                      

JOURN SOURCE               DESTINATION          JDDATE    TTIME                                                                       ON_BUS_SER BUS_I ROUTE                                                                                                    
----- -------------------- -------------------- --------- --------------------------------------------------------------------------- ---------- ----- -----                                                                                                    
J177  BHARUCH              NAVSARI              09-JUL-19 09-JUL-19 05.30.00.000000 AM                                                no         B09   R58                                                                                                      
J178  BHARUCH              NAVSARI              09-JUL-19 09-JUL-19 11.30.00.000000 AM                                                no         B09   R58                                                                                                      
J179  BHARUCH              NAVSARI              09-JUL-19 09-JUL-19 06.15.00.000000 PM                                                no         B09   R59                                                                                                      
J180  BHARUCH              NAVSARI              10-JUL-19 10-JUL-19 12.45.00.000000 AM                                                no         B09   R60                                                                                                      
J181  DELHI                SHIMLA               05-JUL-19 05-JUL-19 06.30.00.000000 AM                                                no         B10   R25                                                                                                      
J182  DELHI                SHIMLA               05-JUL-19 05-JUL-19 12.30.00.000000 PM                                                no         B10   R26                                                                                                      
J183  DELHI                SHIMLA               05-JUL-19 05-JUL-19 06.00.00.000000 PM                                                no         B10   R27                                                                                                      
J184  DELHI                SHIMLA               06-JUL-19 06-JUL-19 12.30.00.000000 AM                                                no         B10   R28                                                                                                      
J185  DELHI                SHIMLA               06-JUL-19 06-JUL-19 06.00.00.000000 AM                                                no         B10   R25                                                                                                      
J186  DELHI                SHIMLA               06-JUL-19 06-JUL-19 12.30.00.000000 PM                                                no         B10   R26                                                                                                      
J187  DELHI                SHIMLA               06-JUL-19 06-JUL-19 06.45.00.000000 PM                                                no         B10   R27                                                                                                      

JOURN SOURCE               DESTINATION          JDDATE    TTIME                                                                       ON_BUS_SER BUS_I ROUTE                                                                                                    
----- -------------------- -------------------- --------- --------------------------------------------------------------------------- ---------- ----- -----                                                                                                    
J188  DELHI                SHIMLA               07-JUL-19 07-JUL-19 12.30.00.000000 AM                                                no         B10   R28                                                                                                      
J189  DELHI                SHIMLA               07-JUL-19 07-JUL-19 05.00.00.000000 AM                                                no         B10   R25                                                                                                      
J190  DELHI                SHIMLA               07-JUL-19 07-JUL-19 11.30.00.000000 AM                                                no         B10   R26                                                                                                      
J191  DELHI                SHIMLA               07-JUL-19 07-JUL-19 04.30.00.000000 PM                                                no         B10   R27                                                                                                      
J192  DELHI                SHIMLA               07-JUL-19 07-JUL-19 10.30.00.000000 PM                                                no         B10   R28                                                                                                      
J193  DELHI                SHIMLA               08-JUL-19 08-JUL-19 05.30.00.000000 AM                                                no         B10   R25                                                                                                      
J194  DELHI                SHIMLA               08-JUL-19 08-JUL-19 11.30.00.000000 AM                                                no         B10   R26                                                                                                      
J195  DELHI                SHIMLA               08-JUL-19 08-JUL-19 05.30.00.000000 PM                                                no         B10   R27                                                                                                      
J196  DELHI                SHIMLA               08-JUL-19 08-JUL-19 11.30.00.000000 PM                                                no         B10   R28                                                                                                      
J197  DELHI                SHIMLA               09-JUL-19 09-JUL-19 05.30.00.000000 AM                                                no         B10   R25                                                                                                      
J198  DELHI                SHIMLA               09-JUL-19 09-JUL-19 11.30.00.000000 AM                                                no         B10   R26                                                                                                      

JOURN SOURCE               DESTINATION          JDDATE    TTIME                                                                       ON_BUS_SER BUS_I ROUTE                                                                                                    
----- -------------------- -------------------- --------- --------------------------------------------------------------------------- ---------- ----- -----                                                                                                    
J199  DELHI                SHIMLA               09-JUL-19 09-JUL-19 06.15.00.000000 PM                                                no         B10   R27                                                                                                      
J200  DELHI                SHIMLA               10-JUL-19 10-JUL-19 12.45.00.000000 AM                                                no         B10   R28                                                                                                      
J201  DELHI                UDAIPUR              05-JUL-19 05-JUL-19 06.30.00.000000 AM                                                no         B11   R71                                                                                                      
J202  DELHI                UDAIPUR              05-JUL-19 05-JUL-19 12.30.00.000000 PM                                                no         B11   R72                                                                                                      
J203  DELHI                UDAIPUR              05-JUL-19 05-JUL-19 06.00.00.000000 PM                                                no         B11   R73                                                                                                      
J204  DELHI                UDAIPUR              06-JUL-19 06-JUL-19 12.30.00.000000 AM                                                no         B11   R74                                                                                                      
J205  DELHI                UDAIPUR              06-JUL-19 06-JUL-19 06.00.00.000000 AM                                                no         B11   R75                                                                                                      
J206  DELHI                UDAIPUR              06-JUL-19 06-JUL-19 12.30.00.000000 PM                                                no         B11   R76                                                                                                      
J207  DELHI                UDAIPUR              06-JUL-19 06-JUL-19 06.45.00.000000 PM                                                no         B11   R77                                                                                                      
J208  DELHI                UDAIPUR              07-JUL-19 07-JUL-19 12.30.00.000000 AM                                                no         B11   R78                                                                                                      
J209  DELHI                UDAIPUR              07-JUL-19 07-JUL-19 05.00.00.000000 AM                                                no         B11   R71                                                                                                      

JOURN SOURCE               DESTINATION          JDDATE    TTIME                                                                       ON_BUS_SER BUS_I ROUTE                                                                                                    
----- -------------------- -------------------- --------- --------------------------------------------------------------------------- ---------- ----- -----                                                                                                    
J210  DELHI                UDAIPUR              07-JUL-19 07-JUL-19 11.30.00.000000 AM                                                no         B11   R71                                                                                                      
J211  DELHI                UDAIPUR              07-JUL-19 07-JUL-19 04.30.00.000000 PM                                                no         B11   R72                                                                                                      
J212  DELHI                UDAIPUR              07-JUL-19 07-JUL-19 10.30.00.000000 PM                                                no         B11   R72                                                                                                      
J213  DELHI                UDAIPUR              08-JUL-19 08-JUL-19 05.30.00.000000 AM                                                no         B11   R73                                                                                                      
J214  DELHI                UDAIPUR              08-JUL-19 08-JUL-19 11.30.00.000000 AM                                                no         B11   R73                                                                                                      
J215  DELHI                UDAIPUR              08-JUL-19 08-JUL-19 05.30.00.000000 PM                                                no         B11   R74                                                                                                      
J216  DELHI                UDAIPUR              08-JUL-19 08-JUL-19 11.30.00.000000 PM                                                no         B11   R75                                                                                                      
J217  DELHI                UDAIPUR              09-JUL-19 09-JUL-19 05.30.00.000000 AM                                                no         B11   R76                                                                                                      
J218  DELHI                UDAIPUR              09-JUL-19 09-JUL-19 11.30.00.000000 AM                                                no         B11   R76                                                                                                      
J219  DELHI                UDAIPUR              09-JUL-19 09-JUL-19 06.15.00.000000 PM                                                no         B11   R77                                                                                                      
J220  DELHI                UDAIPUR              10-JUL-19 10-JUL-19 12.45.00.000000 AM                                                no         B11   R78                                                                                                      

JOURN SOURCE               DESTINATION          JDDATE    TTIME                                                                       ON_BUS_SER BUS_I ROUTE                                                                                                    
----- -------------------- -------------------- --------- --------------------------------------------------------------------------- ---------- ----- -----                                                                                                    
J221  GOA                  AHMEDABAD            05-JUL-19 05-JUL-19 06.30.00.000000 AM                                                no         B12   R33                                                                                                      
J222  GOA                  AHMEDABAD            05-JUL-19 05-JUL-19 12.30.00.000000 PM                                                no         B12   R34                                                                                                      
J223  GOA                  AHMEDABAD            05-JUL-19 05-JUL-19 06.00.00.000000 PM                                                no         B12   R35                                                                                                      
J224  GOA                  AHMEDABAD            06-JUL-19 06-JUL-19 12.30.00.000000 AM                                                no         B12   R36                                                                                                      
J225  GOA                  AHMEDABAD            06-JUL-19 06-JUL-19 06.00.00.000000 AM                                                no         B12   R37                                                                                                      
J226  GOA                  AHMEDABAD            06-JUL-19 06-JUL-19 12.30.00.000000 PM                                                no         B12   R38                                                                                                      
J227  GOA                  AHMEDABAD            06-JUL-19 06-JUL-19 06.45.00.000000 PM                                                no         B12   R39                                                                                                      
J228  GOA                  AHMEDABAD            07-JUL-19 07-JUL-19 12.30.00.000000 AM                                                no         B12   R40                                                                                                      
J229  GOA                  AHMEDABAD            07-JUL-19 07-JUL-19 05.00.00.000000 AM                                                no         B12   R33                                                                                                      
J230  GOA                  AHMEDABAD            07-JUL-19 07-JUL-19 11.30.00.000000 AM                                                no         B12   R33                                                                                                      
J231  GOA                  AHMEDABAD            07-JUL-19 07-JUL-19 04.30.00.000000 PM                                                no         B12   R34                                                                                                      

JOURN SOURCE               DESTINATION          JDDATE    TTIME                                                                       ON_BUS_SER BUS_I ROUTE                                                                                                    
----- -------------------- -------------------- --------- --------------------------------------------------------------------------- ---------- ----- -----                                                                                                    
J232  GOA                  AHMEDABAD            07-JUL-19 07-JUL-19 10.30.00.000000 PM                                                no         B12   R34                                                                                                      
J233  GOA                  AHMEDABAD            08-JUL-19 08-JUL-19 05.30.00.000000 AM                                                no         B12   R35                                                                                                      
J234  GOA                  AHMEDABAD            08-JUL-19 08-JUL-19 11.30.00.000000 AM                                                no         B12   R35                                                                                                      
J235  GOA                  AHMEDABAD            08-JUL-19 08-JUL-19 05.30.00.000000 PM                                                no         B12   R36                                                                                                      
J236  GOA                  AHMEDABAD            08-JUL-19 08-JUL-19 11.30.00.000000 PM                                                no         B12   R37                                                                                                      
J237  GOA                  AHMEDABAD            09-JUL-19 09-JUL-19 05.30.00.000000 AM                                                no         B12   R38                                                                                                      
J238  GOA                  AHMEDABAD            09-JUL-19 09-JUL-19 11.30.00.000000 AM                                                no         B12   R38                                                                                                      
J239  GOA                  AHMEDABAD            09-JUL-19 09-JUL-19 06.15.00.000000 PM                                                no         B12   R39                                                                                                      
J240  GOA                  AHMEDABAD            10-JUL-19 10-JUL-19 12.45.00.000000 AM                                                no         B12   R40                                                                                                      

240 rows selected.

SQL> SELECT * FROM CUSTOMER_DETAILS;
SELECT * FROM CUSTOMER_DETAILS
              *
ERROR at line 1:
ORA-00942: table or view does not exist 


SQL> SELECT * FROM CUSTOMER_BOOKING_DETAILS;

BOOKIN SEAT_STAT BOOKING_D TRAVEL_DA JOURN   SEAT_NUM CUSTO                                                                                                                                                                                                     
------ --------- --------- --------- ----- ---------- -----                                                                                                                                                                                                     
BO01   confirmed 03-JUL-19 05-JUL-19 J21           21 C01                                                                                                                                                                                                       
BO02   confirmed 03-JUL-19 05-JUL-19 J21           22 C02                                                                                                                                                                                                       
BO03   confirmed 03-JUL-19 05-JUL-19 J21           23 C03                                                                                                                                                                                                       
BO04   confirmed 03-JUL-19 05-JUL-19 J21           24 C04                                                                                                                                                                                                       
BO05   confirmed 03-JUL-19 05-JUL-19 J21           25 C05                                                                                                                                                                                                       
BO06   confirmed 03-JUL-19 05-JUL-19 J21           26 C06                                                                                                                                                                                                       
BO07   confirmed 03-JUL-19 05-JUL-19 J21           27 C07                                                                                                                                                                                                       
BO08   confirmed 03-JUL-19 05-JUL-19 J21           28 C08                                                                                                                                                                                                       
BO09   confirmed 03-JUL-19 05-JUL-19 J21           29 C09                                                                                                                                                                                                       
BO10   confirmed 01-JUL-19 05-JUL-19 J21           30 C10                                                                                                                                                                                                       
BO11   confirmed 01-JUL-19 05-JUL-19 J21           31 C11                                                                                                                                                                                                       

BOOKIN SEAT_STAT BOOKING_D TRAVEL_DA JOURN   SEAT_NUM CUSTO                                                                                                                                                                                                     
------ --------- --------- --------- ----- ---------- -----                                                                                                                                                                                                     
BO12   confirmed 01-JUL-19 05-JUL-19 J21           32 C12                                                                                                                                                                                                       
BO13   confirmed 01-JUL-19 05-JUL-19 J21           33 C13                                                                                                                                                                                                       
BO14   confirmed 01-JUL-19 05-JUL-19 J21           34 C14                                                                                                                                                                                                       
BO15   confirmed 01-JUL-19 05-JUL-19 J21            1 C15                                                                                                                                                                                                       
BO16   confirmed 01-JUL-19 05-JUL-19 J21            2 C16                                                                                                                                                                                                       
BO17   confirmed 03-JUL-19 05-JUL-19 J21            3 C17                                                                                                                                                                                                       
BO18   confirmed 03-JUL-19 05-JUL-19 J21            4 C18                                                                                                                                                                                                       
BO19   confirmed 03-JUL-19 05-JUL-19 J21            5 C19                                                                                                                                                                                                       
BO20   confirmed 03-JUL-19 05-JUL-19 J21            6 C20                                                                                                                                                                                                       
BO21   confirmed 03-JUL-19 05-JUL-19 J21            7 C21                                                                                                                                                                                                       
BO22   confirmed 03-JUL-19 05-JUL-19 J21            8 C22                                                                                                                                                                                                       

BOOKIN SEAT_STAT BOOKING_D TRAVEL_DA JOURN   SEAT_NUM CUSTO                                                                                                                                                                                                     
------ --------- --------- --------- ----- ---------- -----                                                                                                                                                                                                     
BO23   confirmed 03-JUL-19 05-JUL-19 J21            9 C23                                                                                                                                                                                                       
BO24   confirmed 03-JUL-19 05-JUL-19 J21           10 C24                                                                                                                                                                                                       
BO25   confirmed 03-JUL-19 05-JUL-19 J21           11 C25                                                                                                                                                                                                       
BO26   confirmed 28-JUN-19 05-JUL-19 J21           12 C26                                                                                                                                                                                                       
BO27   confirmed 04-JUL-19 05-JUL-19 J21           13 C27                                                                                                                                                                                                       
BO28   confirmed 04-JUL-19 05-JUL-19 J21           14 C28                                                                                                                                                                                                       
BO29   confirmed 04-JUL-19 05-JUL-19 J21           15 C29                                                                                                                                                                                                       
BO30   confirmed 04-JUL-19 05-JUL-19 J21           16 C30                                                                                                                                                                                                       
BO31   confirmed 04-JUL-19 05-JUL-19 J21           17 C31                                                                                                                                                                                                       
BO32   confirmed 04-JUL-19 05-JUL-19 J21           18 C32                                                                                                                                                                                                       
BO33   confirmed 04-JUL-19 05-JUL-19 J21           19 C33                                                                                                                                                                                                       

BOOKIN SEAT_STAT BOOKING_D TRAVEL_DA JOURN   SEAT_NUM CUSTO                                                                                                                                                                                                     
------ --------- --------- --------- ----- ---------- -----                                                                                                                                                                                                     
BO34   confirmed 01-JUL-19 05-JUL-19 J21           20 C34                                                                                                                                                                                                       
BO35   confirmed 02-JUL-19 05-JUL-19 J21           35 C35                                                                                                                                                                                                       
BO36   confirmed 04-JUL-19 05-JUL-19 J21           36 C36                                                                                                                                                                                                       
BO37   confirmed 03-JUL-19 05-JUL-19 J21           37 C37                                                                                                                                                                                                       
BO38   confirmed 04-JUL-19 05-JUL-19 J21           38 C38                                                                                                                                                                                                       
BO39   confirmed 05-JUL-19 06-JUL-19 J08            1 C01                                                                                                                                                                                                       
BO40   confirmed 05-JUL-19 06-JUL-19 J08            2 C02                                                                                                                                                                                                       
BO41   confirmed 05-JUL-19 06-JUL-19 J08            3 C03                                                                                                                                                                                                       
BO42   confirmed 03-JUL-19 06-JUL-19 J08            4 C04                                                                                                                                                                                                       
BO43   confirmed 03-JUL-19 06-JUL-19 J08            5 C05                                                                                                                                                                                                       
BO44   confirmed 03-JUL-19 06-JUL-19 J08            6 C06                                                                                                                                                                                                       

BOOKIN SEAT_STAT BOOKING_D TRAVEL_DA JOURN   SEAT_NUM CUSTO                                                                                                                                                                                                     
------ --------- --------- --------- ----- ---------- -----                                                                                                                                                                                                     
BO45   confirmed 04-JUL-19 06-JUL-19 J08            7 C07                                                                                                                                                                                                       
BO46   confirmed 03-JUL-19 06-JUL-19 J08            8 C08                                                                                                                                                                                                       
BO47   confirmed 02-JUL-19 06-JUL-19 J08            9 C09                                                                                                                                                                                                       
BO48   confirmed 01-JUL-19 06-JUL-19 J08           10 C10                                                                                                                                                                                                       
BO49   confirmed 05-JUL-19 06-JUL-19 J08           11 C11                                                                                                                                                                                                       
BO50   confirmed 05-JUL-19 06-JUL-19 J08           12 C12                                                                                                                                                                                                       
BO51   confirmed 05-JUL-19 06-JUL-19 J08           13 C13                                                                                                                                                                                                       
BO52   confirmed 05-JUL-19 06-JUL-19 J08           14 C14                                                                                                                                                                                                       
BO53   confirmed 05-JUL-19 06-JUL-19 J08           15 C15                                                                                                                                                                                                       
BO54   confirmed 01-JUL-19 06-JUL-19 J08           16 C16                                                                                                                                                                                                       
BO55   confirmed 01-JUL-19 06-JUL-19 J08           17 C17                                                                                                                                                                                                       

BOOKIN SEAT_STAT BOOKING_D TRAVEL_DA JOURN   SEAT_NUM CUSTO                                                                                                                                                                                                     
------ --------- --------- --------- ----- ---------- -----                                                                                                                                                                                                     
BO56   confirmed 01-JUL-19 06-JUL-19 J08           18 C18                                                                                                                                                                                                       
BO57   confirmed 01-JUL-19 06-JUL-19 J08           19 C19                                                                                                                                                                                                       
BO58   confirmed 02-JUL-19 06-JUL-19 J08           20 C20                                                                                                                                                                                                       
BO59   confirmed 02-JUL-19 06-JUL-19 J08           21 C21                                                                                                                                                                                                       
BO60   confirmed 02-JUL-19 06-JUL-19 J08           22 C22                                                                                                                                                                                                       
BO61   confirmed 02-JUL-19 06-JUL-19 J08           23 C23                                                                                                                                                                                                       
BO62   confirmed 03-JUL-19 06-JUL-19 J08           24 C24                                                                                                                                                                                                       
BO63   confirmed 03-JUL-19 06-JUL-19 J08           25 C25                                                                                                                                                                                                       
BO64   confirmed 03-JUL-19 06-JUL-19 J08           26 C26                                                                                                                                                                                                       
BO65   confirmed 03-JUL-19 06-JUL-19 J08           27 C27                                                                                                                                                                                                       
BO66   confirmed 03-JUL-19 06-JUL-19 J08           28 C28                                                                                                                                                                                                       

BOOKIN SEAT_STAT BOOKING_D TRAVEL_DA JOURN   SEAT_NUM CUSTO                                                                                                                                                                                                     
------ --------- --------- --------- ----- ---------- -----                                                                                                                                                                                                     
BO67   confirmed 05-JUL-19 06-JUL-19 J08           29 C29                                                                                                                                                                                                       
BO68   confirmed 05-JUL-19 06-JUL-19 J08           30 C30                                                                                                                                                                                                       
BO69   confirmed 04-JUL-19 06-JUL-19 J08           31 C31                                                                                                                                                                                                       
BO70   confirmed 04-JUL-19 06-JUL-19 J08           32 C32                                                                                                                                                                                                       
BO71   confirmed 04-JUL-19 06-JUL-19 J08           33 C33                                                                                                                                                                                                       
BO72   confirmed 04-JUL-19 06-JUL-19 J08           34 C34                                                                                                                                                                                                       
BO73   confirmed 04-JUL-19 06-JUL-19 J08           35 C35                                                                                                                                                                                                       
BO74   confirmed 04-JUL-19 06-JUL-19 J08           36 C36                                                                                                                                                                                                       
BO75   confirmed 04-JUL-19 06-JUL-19 J08           37 C37                                                                                                                                                                                                       
BO77   confirmed 01-JUL-19 07-JUL-19 J91            1 C01                                                                                                                                                                                                       
BO78   confirmed 06-JUL-19 07-JUL-19 J91            2 C02                                                                                                                                                                                                       

BOOKIN SEAT_STAT BOOKING_D TRAVEL_DA JOURN   SEAT_NUM CUSTO                                                                                                                                                                                                     
------ --------- --------- --------- ----- ---------- -----                                                                                                                                                                                                     
BO79   confirmed 06-JUL-19 07-JUL-19 J91            3 C03                                                                                                                                                                                                       
BO80   confirmed 01-JUL-19 07-JUL-19 J91            4 C04                                                                                                                                                                                                       
BO81   confirmed 02-JUL-19 07-JUL-19 J91            5 C05                                                                                                                                                                                                       
BO82   confirmed 02-JUL-19 07-JUL-19 J91            6 C06                                                                                                                                                                                                       
BO83   confirmed 02-JUL-19 07-JUL-19 J91            7 C07                                                                                                                                                                                                       
BO84   confirmed 03-JUL-19 07-JUL-19 J91            8 C08                                                                                                                                                                                                       
BO85   confirmed 03-JUL-19 07-JUL-19 J91            9 C09                                                                                                                                                                                                       
BO86   confirmed 06-JUL-19 07-JUL-19 J91           10 C10                                                                                                                                                                                                       
BO87   confirmed 06-JUL-19 07-JUL-19 J91           21 C11                                                                                                                                                                                                       
BO88   confirmed 01-JUL-19 07-JUL-19 J91           22 C12                                                                                                                                                                                                       
BO89   confirmed 01-JUL-19 07-JUL-19 J91           23 C13                                                                                                                                                                                                       

BOOKIN SEAT_STAT BOOKING_D TRAVEL_DA JOURN   SEAT_NUM CUSTO                                                                                                                                                                                                     
------ --------- --------- --------- ----- ---------- -----                                                                                                                                                                                                     
BO90   confirmed 06-JUL-19 07-JUL-19 J91           24 C14                                                                                                                                                                                                       
BO91   confirmed 05-JUL-19 07-JUL-19 J91           25 C15                                                                                                                                                                                                       
BO92   confirmed 04-JUL-19 07-JUL-19 J91           26 C16                                                                                                                                                                                                       
BO93   confirmed 03-JUL-19 07-JUL-19 J91           27 C17                                                                                                                                                                                                       
BO94   confirmed 02-JUL-19 07-JUL-19 J91           28 C18                                                                                                                                                                                                       
BO95   confirmed 02-JUL-19 07-JUL-19 J91           29 C19                                                                                                                                                                                                       
BO96   confirmed 02-JUL-19 07-JUL-19 J91           30 C20                                                                                                                                                                                                       
BO97   confirmed 01-JUL-19 07-JUL-19 J91           11 C21                                                                                                                                                                                                       
BO98   confirmed 01-JUL-19 07-JUL-19 J91           12 C22                                                                                                                                                                                                       
BO99   confirmed 01-JUL-19 07-JUL-19 J91           13 C23                                                                                                                                                                                                       
BO100  confirmed 01-JUL-19 07-JUL-19 J91           14 C24                                                                                                                                                                                                       

BOOKIN SEAT_STAT BOOKING_D TRAVEL_DA JOURN   SEAT_NUM CUSTO                                                                                                                                                                                                     
------ --------- --------- --------- ----- ---------- -----                                                                                                                                                                                                     
BO101  confirmed 01-JUL-19 07-JUL-19 J91           15 C25                                                                                                                                                                                                       
BO102  confirmed 05-JUL-19 07-JUL-19 J91           16 C26                                                                                                                                                                                                       
BO103  confirmed 05-JUL-19 07-JUL-19 J91           17 C27                                                                                                                                                                                                       
BO104  confirmed 05-JUL-19 07-JUL-19 J91           18 C28                                                                                                                                                                                                       
BO105  confirmed 05-JUL-19 07-JUL-19 J91           19 C29                                                                                                                                                                                                       
BO106  confirmed 04-JUL-19 07-JUL-19 J91           20 C30                                                                                                                                                                                                       
BO107  confirmed 04-JUL-19 07-JUL-19 J91           31 C31                                                                                                                                                                                                       
BO108  confirmed 04-JUL-19 07-JUL-19 J91           32 C32                                                                                                                                                                                                       
BO109  confirmed 03-JUL-19 07-JUL-19 J91           33 C33                                                                                                                                                                                                       
BO110  confirmed 03-JUL-19 07-JUL-19 J91           34 C34                                                                                                                                                                                                       
BO111  confirmed 03-JUL-19 07-JUL-19 J91           35 C35                                                                                                                                                                                                       

BOOKIN SEAT_STAT BOOKING_D TRAVEL_DA JOURN   SEAT_NUM CUSTO                                                                                                                                                                                                     
------ --------- --------- --------- ----- ---------- -----                                                                                                                                                                                                     
BO112  confirmed 03-JUL-19 07-JUL-19 J91           36 C36                                                                                                                                                                                                       
BO113  confirmed 03-JUL-19 07-JUL-19 J91           37 C37                                                                                                                                                                                                       
BO114  confirmed 03-JUL-19 07-JUL-19 J91           38 C38                                                                                                                                                                                                       
BO115  confirmed 07-JUL-19 08-JUL-19 J154          21 C01                                                                                                                                                                                                       
BO116  confirmed 05-JUL-19 08-JUL-19 J154          22 C02                                                                                                                                                                                                       
BO117  confirmed 05-JUL-19 08-JUL-19 J154          23 C03                                                                                                                                                                                                       
BO118  confirmed 03-JUL-19 08-JUL-19 J154          24 C04                                                                                                                                                                                                       
BO119  confirmed 03-JUL-19 08-JUL-19 J154          25 C05                                                                                                                                                                                                       
BO120  confirmed 03-JUL-19 08-JUL-19 J154          26 C06                                                                                                                                                                                                       
BO121  confirmed 03-JUL-19 08-JUL-19 J154          20 C07                                                                                                                                                                                                       
BO122  confirmed 03-JUL-19 08-JUL-19 J154          31 C08                                                                                                                                                                                                       

BOOKIN SEAT_STAT BOOKING_D TRAVEL_DA JOURN   SEAT_NUM CUSTO                                                                                                                                                                                                     
------ --------- --------- --------- ----- ---------- -----                                                                                                                                                                                                     
BO123  confirmed 01-JUL-19 08-JUL-19 J154          32 C09                                                                                                                                                                                                       
BO124  confirmed 01-JUL-19 08-JUL-19 J154          33 C10                                                                                                                                                                                                       
BO125  confirmed 01-JUL-19 08-JUL-19 J154          34 C11                                                                                                                                                                                                       
BO126  confirmed 01-JUL-19 08-JUL-19 J154          35 C12                                                                                                                                                                                                       
BO127  confirmed 01-JUL-19 08-JUL-19 J154          36 C13                                                                                                                                                                                                       
BO128  confirmed 01-JUL-19 08-JUL-19 J154          37 C14                                                                                                                                                                                                       
BO129  confirmed 02-JUL-19 08-JUL-19 J154          38 C15                                                                                                                                                                                                       
BO130  confirmed 02-JUL-19 08-JUL-19 J154          27 C16                                                                                                                                                                                                       
BO131  confirmed 02-JUL-19 08-JUL-19 J154          28 C17                                                                                                                                                                                                       
BO132  confirmed 05-JUL-19 08-JUL-19 J154          29 C18                                                                                                                                                                                                       
BO133  confirmed 05-JUL-19 08-JUL-19 J154          30 C19                                                                                                                                                                                                       

BOOKIN SEAT_STAT BOOKING_D TRAVEL_DA JOURN   SEAT_NUM CUSTO                                                                                                                                                                                                     
------ --------- --------- --------- ----- ---------- -----                                                                                                                                                                                                     
BO134  confirmed 05-JUL-19 08-JUL-19 J154          13 C20                                                                                                                                                                                                       
BO135  confirmed 05-JUL-19 08-JUL-19 J154          14 C21                                                                                                                                                                                                       
BO136  confirmed 03-JUL-19 08-JUL-19 J154          15 C22                                                                                                                                                                                                       
BO137  confirmed 03-JUL-19 08-JUL-19 J154          16 C23                                                                                                                                                                                                       
BO138  confirmed 03-JUL-19 08-JUL-19 J154          17 C24                                                                                                                                                                                                       
BO139  confirmed 01-JUL-19 08-JUL-19 J154          18 C25                                                                                                                                                                                                       
BO140  confirmed 01-JUL-19 08-JUL-19 J154          19 C26                                                                                                                                                                                                       
BO141  confirmed 01-JUL-19 08-JUL-19 J154           1 C27                                                                                                                                                                                                       
BO142  confirmed 06-JUL-19 08-JUL-19 J154           2 C28                                                                                                                                                                                                       
BO143  confirmed 06-JUL-19 08-JUL-19 J154           3 C29                                                                                                                                                                                                       
BO144  confirmed 06-JUL-19 08-JUL-19 J154           4 C30                                                                                                                                                                                                       

BOOKIN SEAT_STAT BOOKING_D TRAVEL_DA JOURN   SEAT_NUM CUSTO                                                                                                                                                                                                     
------ --------- --------- --------- ----- ---------- -----                                                                                                                                                                                                     
BO145  confirmed 07-JUL-19 08-JUL-19 J154           5 C31                                                                                                                                                                                                       
BO146  confirmed 07-JUL-19 08-JUL-19 J154           6 C32                                                                                                                                                                                                       
BO147  confirmed 06-JUL-19 08-JUL-19 J154           7 C33                                                                                                                                                                                                       
BO148  confirmed 05-JUL-19 08-JUL-19 J154           8 C34                                                                                                                                                                                                       
BO149  confirmed 04-JUL-19 08-JUL-19 J154           9 C35                                                                                                                                                                                                       
BO150  confirmed 03-JUL-19 08-JUL-19 J154          10 C36                                                                                                                                                                                                       
BO151  confirmed 02-JUL-19 08-JUL-19 J154          11 C37                                                                                                                                                                                                       
BO152  confirmed 01-JUL-19 08-JUL-19 J154          12 C38                                                                                                                                                                                                       

151 rows selected.

SQL> DESC CUSTOMER_BOOKING_DETAILS;
 Name                                                                                                                                               Null?    Type
 -------------------------------------------------------------------------------------------------------------------------------------------------- -------- ---------------------------------------------------------------------------------------------------
 BOOKING_ID                                                                                                                                         NOT NULL VARCHAR2(6)
 SEAT_STATUS                                                                                                                                        NOT NULL VARCHAR2(9)
 BOOKING_DATE                                                                                                                                       NOT NULL DATE
 TRAVEL_DATE                                                                                                                                        NOT NULL DATE
 JOURNEY_ID                                                                                                                                                  VARCHAR2(5)
 SEAT_NUM                                                                                                                                           NOT NULL NUMBER(2)
 CUSTOMER_ID                                                                                                                                                 VARCHAR2(5)

SQL> SELECT * FROM PASSENGER_DETAILS PD,CUSTOMER_BOOKING_DETAILS CBD,JORUNEY_DETAILS JD WHERE PD.CUSTOMER_ID=CBD.CUSTOMER_ID AND CBD.JOURNEY_ID=JD.JOURNEY_ID AND JOURNEY_ID='J21';
SELECT * FROM PASSENGER_DETAILS PD,CUSTOMER_BOOKING_DETAILS CBD,JORUNEY_DETAILS JD WHERE PD.CUSTOMER_ID=CBD.CUSTOMER_ID AND CBD.JOURNEY_ID=JD.JOURNEY_ID AND JOURNEY_ID='J21'
                                                                *
ERROR at line 1:
ORA-00942: table or view does not exist 


SQL> SELECT * FROM PASSENGER_DETAILS PD,CUSTOMER_BOOKING_DETAILS CBD,JOURNEY_DETAILS JD WHERE PD.CUSTOMER_ID=CBD.CUSTOMER_ID AND CBD.JOURNEY_ID=JD.JOURNEY_ID AND JOURNEY_ID='J21';
SELECT * FROM PASSENGER_DETAILS PD,CUSTOMER_BOOKING_DETAILS CBD,JOURNEY_DETAILS JD WHERE PD.CUSTOMER_ID=CBD.CUSTOMER_ID AND CBD.JOURNEY_ID=JD.JOURNEY_ID AND JOURNEY_ID='J21'
                                                                                                                                                             *
ERROR at line 1:
ORA-00918: column ambiguously defined 


SQL> SELECT * FROM PASSENGER_DETAILS PD,CUSTOMER_BOOKING_DETAILS CBD,JOURNEY_DETAILS JD WHERE PD.CUSTOMER_ID=CBD.CUSTOMER_ID AND CBD.JOURNEY_ID=JD.JOURNEY_ID AND JD.JOURNEY_ID='J21';

NAME                                     AGE PHONE_NUMBER EMAIL_ID                                 CUSTO BOOKIN SEAT_STAT BOOKING_D TRAVEL_DA JOURN   SEAT_NUM CUSTO JOURN SOURCE               DESTINATION          JDDATE                                     
---------------------------------------- --- ------------ ---------------------------------------- ----- ------ --------- --------- --------- ----- ---------- ----- ----- -------------------- -------------------- ---------                                  
TTIME                                                                       ON_BUS_SER BUS_I ROUTE                                                                                                                                                              
--------------------------------------------------------------------------- ---------- ----- -----                                                                                                                                                              
Jamie Vardy                              22    3692029666 lakoy82627@cnxingye.com                  C01   BO01   confirmed 03-JUL-19 05-JUL-19 J21           21 C01   J21   BHARUCH              VADODARA             05-JUL-19                                  
05-JUL-19 06.00.00.000000 AM                                                no         B02   R61                                                                                                                                                                
                                                                                                                                                                                                                                                                
Adam Traore                              28    3381358905 xmickoja1t@kirain.me                     C02   BO02   confirmed 03-JUL-19 05-JUL-19 J21           22 C02   J21   BHARUCH              VADODARA             05-JUL-19                                  
05-JUL-19 06.00.00.000000 AM                                                no         B02   R61                                                                                                                                                                
                                                                                                                                                                                                                                                                
Sandi Malls                              42    1564337985 xchom@findoasis.com                      C03   BO03   confirmed 03-JUL-19 05-JUL-19 J21           23 C03   J21   BHARUCH              VADODARA             05-JUL-19                                  
05-JUL-19 06.00.00.000000 AM                                                no         B02   R61                                                                                                                                                                
                                                                                                                                                                                                                                                                

NAME                                     AGE PHONE_NUMBER EMAIL_ID                                 CUSTO BOOKIN SEAT_STAT BOOKING_D TRAVEL_DA JOURN   SEAT_NUM CUSTO JOURN SOURCE               DESTINATION          JDDATE                                     
---------------------------------------- --- ------------ ---------------------------------------- ----- ------ --------- --------- --------- ----- ---------- ----- ----- -------------------- -------------------- ---------                                  
TTIME                                                                       ON_BUS_SER BUS_I ROUTE                                                                                                                                                              
--------------------------------------------------------------------------- ---------- ----- -----                                                                                                                                                              
Trent Arnold                             32    5485949405 raldzjr@halumail.com                     C04   BO04   confirmed 03-JUL-19 05-JUL-19 J21           24 C04   J21   BHARUCH              VADODARA             05-JUL-19                                  
05-JUL-19 06.00.00.000000 AM                                                no         B02   R61                                                                                                                                                                
                                                                                                                                                                                                                                                                
Mike Forgo                               18    5934710388 0ooo20g@merliaz.xyz                      C05   BO05   confirmed 03-JUL-19 05-JUL-19 J21           25 C05   J21   BHARUCH              VADODARA             05-JUL-19                                  
05-JUL-19 06.00.00.000000 AM                                                no         B02   R61                                                                                                                                                                
                                                                                                                                                                                                                                                                
Gabriel Foden                            25    9698291115 0ismail.sport.9@4funpedia.com            C06   BO06   confirmed 03-JUL-19 05-JUL-19 J21           26 C06   J21   BHARUCH              VADODARA             05-JUL-19                                  
05-JUL-19 06.00.00.000000 AM                                                no         B02   R61                                                                                                                                                                
                                                                                                                                                                                                                                                                

NAME                                     AGE PHONE_NUMBER EMAIL_ID                                 CUSTO BOOKIN SEAT_STAT BOOKING_D TRAVEL_DA JOURN   SEAT_NUM CUSTO JOURN SOURCE               DESTINATION          JDDATE                                     
---------------------------------------- --- ------------ ---------------------------------------- ----- ------ --------- --------- --------- ----- ---------- ----- ----- -------------------- -------------------- ---------                                  
TTIME                                                                       ON_BUS_SER BUS_I ROUTE                                                                                                                                                              
--------------------------------------------------------------------------- ---------- ----- -----                                                                                                                                                              
Phil Kevin                               52    2265315320 7sajad15986r@ysyl444.com                 C07   BO07   confirmed 03-JUL-19 05-JUL-19 J21           27 C07   J21   BHARUCH              VADODARA             05-JUL-19                                  
05-JUL-19 06.00.00.000000 AM                                                no         B02   R61                                                                                                                                                                
                                                                                                                                                                                                                                                                
Eion Morgan                              46    1298973395 dloussa@namtruong318.com                 C08   BO08   confirmed 03-JUL-19 05-JUL-19 J21           28 C08   J21   BHARUCH              VADODARA             05-JUL-19                                  
05-JUL-19 06.00.00.000000 AM                                                no         B02   R61                                                                                                                                                                
                                                                                                                                                                                                                                                                
David Willis                             43    9982350680 ifares2@shutenk-shop.com                 C09   BO09   confirmed 03-JUL-19 05-JUL-19 J21           29 C09   J21   BHARUCH              VADODARA             05-JUL-19                                  
05-JUL-19 06.00.00.000000 AM                                                no         B02   R61                                                                                                                                                                
                                                                                                                                                                                                                                                                

NAME                                     AGE PHONE_NUMBER EMAIL_ID                                 CUSTO BOOKIN SEAT_STAT BOOKING_D TRAVEL_DA JOURN   SEAT_NUM CUSTO JOURN SOURCE               DESTINATION          JDDATE                                     
---------------------------------------- --- ------------ ---------------------------------------- ----- ------ --------- --------- --------- ----- ---------- ----- ----- -------------------- -------------------- ---------                                  
TTIME                                                                       ON_BUS_SER BUS_I ROUTE                                                                                                                                                              
--------------------------------------------------------------------------- ---------- ----- -----                                                                                                                                                              
Hugh Jackman                             29    8809966936 bilal@bluwurmind234.tk                   C10   BO10   confirmed 01-JUL-19 05-JUL-19 J21           30 C10   J21   BHARUCH              VADODARA             05-JUL-19                                  
05-JUL-19 06.00.00.000000 AM                                                no         B02   R61                                                                                                                                                                
                                                                                                                                                                                                                                                                
Genny Ollins                             29    9357843930 snasr-2014m@24mail.top                   C11   BO11   confirmed 01-JUL-19 05-JUL-19 J21           31 C11   J21   BHARUCH              VADODARA             05-JUL-19                                  
05-JUL-19 06.00.00.000000 AM                                                no         B02   R61                                                                                                                                                                
                                                                                                                                                                                                                                                                
George Weah                              49    4668960411 0lolo_lola2010858@popichai.com           C12   BO12   confirmed 01-JUL-19 05-JUL-19 J21           32 C12   J21   BHARUCH              VADODARA             05-JUL-19                                  
05-JUL-19 06.00.00.000000 AM                                                no         B02   R61                                                                                                                                                                
                                                                                                                                                                                                                                                                

NAME                                     AGE PHONE_NUMBER EMAIL_ID                                 CUSTO BOOKIN SEAT_STAT BOOKING_D TRAVEL_DA JOURN   SEAT_NUM CUSTO JOURN SOURCE               DESTINATION          JDDATE                                     
---------------------------------------- --- ------------ ---------------------------------------- ----- ------ --------- --------- --------- ----- ---------- ----- ----- -------------------- -------------------- ---------                                  
TTIME                                                                       ON_BUS_SER BUS_I ROUTE                                                                                                                                                              
--------------------------------------------------------------------------- ---------- ----- -----                                                                                                                                                              
Gill Dennis                              35    7180193947 nmedotiger916e@blesscup.cf               C13   BO13   confirmed 01-JUL-19 05-JUL-19 J21           33 C13   J21   BHARUCH              VADODARA             05-JUL-19                                  
05-JUL-19 06.00.00.000000 AM                                                no         B02   R61                                                                                                                                                                
                                                                                                                                                                                                                                                                
Fred Jinngs                              51    6057381289 nmedotiger916e@blesscup.cf               C14   BO14   confirmed 01-JUL-19 05-JUL-19 J21           34 C14   J21   BHARUCH              VADODARA             05-JUL-19                                  
05-JUL-19 06.00.00.000000 AM                                                no         B02   R61                                                                                                                                                                
                                                                                                                                                                                                                                                                
Phoeb Kevin                              26    2265532012 asdjad15986r@ysyl444.com                 C15   BO15   confirmed 01-JUL-19 05-JUL-19 J21            1 C15   J21   BHARUCH              VADODARA             05-JUL-19                                  
05-JUL-19 06.00.00.000000 AM                                                no         B02   R61                                                                                                                                                                
                                                                                                                                                                                                                                                                

NAME                                     AGE PHONE_NUMBER EMAIL_ID                                 CUSTO BOOKIN SEAT_STAT BOOKING_D TRAVEL_DA JOURN   SEAT_NUM CUSTO JOURN SOURCE               DESTINATION          JDDATE                                     
---------------------------------------- --- ------------ ---------------------------------------- ----- ------ --------- --------- --------- ----- ---------- ----- ----- -------------------- -------------------- ---------                                  
TTIME                                                                       ON_BUS_SER BUS_I ROUTE                                                                                                                                                              
--------------------------------------------------------------------------- ---------- ----- -----                                                                                                                                                              
Eion Morner                              16    9598973395 dlayas@namtruong318.com                  C16   BO16   confirmed 01-JUL-19 05-JUL-19 J21            2 C16   J21   BHARUCH              VADODARA             05-JUL-19                                  
05-JUL-19 06.00.00.000000 AM                                                no         B02   R61                                                                                                                                                                
                                                                                                                                                                                                                                                                
Rita Wallis                              43    9382930680 ifares2@shutenk-shop.com                 C17   BO17   confirmed 03-JUL-19 05-JUL-19 J21            3 C17   J21   BHARUCH              VADODARA             05-JUL-19                                  
05-JUL-19 06.00.00.000000 AM                                                no         B02   R61                                                                                                                                                                
                                                                                                                                                                                                                                                                
Hugli Jackler                            29    8839966936 bilaya@bluwurmind234.tk                  C18   BO18   confirmed 03-JUL-19 05-JUL-19 J21            4 C18   J21   BHARUCH              VADODARA             05-JUL-19                                  
05-JUL-19 06.00.00.000000 AM                                                no         B02   R61                                                                                                                                                                
                                                                                                                                                                                                                                                                

NAME                                     AGE PHONE_NUMBER EMAIL_ID                                 CUSTO BOOKIN SEAT_STAT BOOKING_D TRAVEL_DA JOURN   SEAT_NUM CUSTO JOURN SOURCE               DESTINATION          JDDATE                                     
---------------------------------------- --- ------------ ---------------------------------------- ----- ------ --------- --------- --------- ----- ---------- ----- ----- -------------------- -------------------- ---------                                  
TTIME                                                                       ON_BUS_SER BUS_I ROUTE                                                                                                                                                              
--------------------------------------------------------------------------- ---------- ----- -----                                                                                                                                                              
Genny Ollins                             29     938753930 snasyadd2014m@24mail.top                 C19   BO19   confirmed 03-JUL-19 05-JUL-19 J21            5 C19   J21   BHARUCH              VADODARA             05-JUL-19                                  
05-JUL-19 06.00.00.000000 AM                                                no         B02   R61                                                                                                                                                                
                                                                                                                                                                                                                                                                
George Wowey                             49    9876960411 ololoisse_lola2010858@popichai.com       C20   BO20   confirmed 03-JUL-19 05-JUL-19 J21            6 C20   J21   BHARUCH              VADODARA             05-JUL-19                                  
05-JUL-19 06.00.00.000000 AM                                                no         B02   R61                                                                                                                                                                
                                                                                                                                                                                                                                                                
Gill Dennis                              35    9464193947 nmedotiger916e@blesscup.cf               C21   BO21   confirmed 03-JUL-19 05-JUL-19 J21            7 C21   J21   BHARUCH              VADODARA             05-JUL-19                                  
05-JUL-19 06.00.00.000000 AM                                                no         B02   R61                                                                                                                                                                
                                                                                                                                                                                                                                                                

NAME                                     AGE PHONE_NUMBER EMAIL_ID                                 CUSTO BOOKIN SEAT_STAT BOOKING_D TRAVEL_DA JOURN   SEAT_NUM CUSTO JOURN SOURCE               DESTINATION          JDDATE                                     
---------------------------------------- --- ------------ ---------------------------------------- ----- ------ --------- --------- --------- ----- ---------- ----- ----- -------------------- -------------------- ---------                                  
TTIME                                                                       ON_BUS_SER BUS_I ROUTE                                                                                                                                                              
--------------------------------------------------------------------------- ---------- ----- -----                                                                                                                                                              
Fred Jinngs                              51    9443381289 lucicholoe916e@blesscup.cf               C22   BO22   confirmed 03-JUL-19 05-JUL-19 J21            8 C22   J21   BHARUCH              VADODARA             05-JUL-19                                  
05-JUL-19 06.00.00.000000 AM                                                no         B02   R61                                                                                                                                                                
                                                                                                                                                                                                                                                                
Phineas Kevester                         59    9005315320 kevstar153216r@gmail.com                 C23   BO23   confirmed 03-JUL-19 05-JUL-19 J21            9 C23   J21   BHARUCH              VADODARA             05-JUL-19                                  
05-JUL-19 06.00.00.000000 AM                                                no         B02   R61                                                                                                                                                                
                                                                                                                                                                                                                                                                
Kallis Morgan                            41    9090973395 kmorgan@yahoo.com                        C24   BO24   confirmed 03-JUL-19 05-JUL-19 J21           10 C24   J21   BHARUCH              VADODARA             05-JUL-19                                  
05-JUL-19 06.00.00.000000 AM                                                no         B02   R61                                                                                                                                                                
                                                                                                                                                                                                                                                                

NAME                                     AGE PHONE_NUMBER EMAIL_ID                                 CUSTO BOOKIN SEAT_STAT BOOKING_D TRAVEL_DA JOURN   SEAT_NUM CUSTO JOURN SOURCE               DESTINATION          JDDATE                                     
---------------------------------------- --- ------------ ---------------------------------------- ----- ------ --------- --------- --------- ----- ---------- ----- ----- -------------------- -------------------- ---------                                  
TTIME                                                                       ON_BUS_SER BUS_I ROUTE                                                                                                                                                              
--------------------------------------------------------------------------- ---------- ----- -----                                                                                                                                                              
Dave Williamson                          48    9121350680 dwill@shhop.com                          C25   BO25   confirmed 03-JUL-19 05-JUL-19 J21           11 C25   J21   BHARUCH              VADODARA             05-JUL-19                                  
05-JUL-19 06.00.00.000000 AM                                                no         B02   R61                                                                                                                                                                
                                                                                                                                                                                                                                                                
Hugh Caprio                              22    9911966936 hcaprio@bluwind123456.tk                 C26   BO26   confirmed 28-JUN-19 05-JUL-19 J21           12 C26   J21   BHARUCH              VADODARA             05-JUL-19                                  
05-JUL-19 06.00.00.000000 AM                                                no         B02   R61                                                                                                                                                                
                                                                                                                                                                                                                                                                
Gen Jokstar                              25    9234843930 henjokstar@kommail.top                   C27   BO27   confirmed 04-JUL-19 05-JUL-19 J21           13 C27   J21   BHARUCH              VADODARA             05-JUL-19                                  
05-JUL-19 06.00.00.000000 AM                                                no         B02   R61                                                                                                                                                                
                                                                                                                                                                                                                                                                

NAME                                     AGE PHONE_NUMBER EMAIL_ID                                 CUSTO BOOKIN SEAT_STAT BOOKING_D TRAVEL_DA JOURN   SEAT_NUM CUSTO JOURN SOURCE               DESTINATION          JDDATE                                     
---------------------------------------- --- ------------ ---------------------------------------- ----- ------ --------- --------- --------- ----- ---------- ----- ----- -------------------- -------------------- ---------                                  
TTIME                                                                       ON_BUS_SER BUS_I ROUTE                                                                                                                                                              
--------------------------------------------------------------------------- ---------- ----- -----                                                                                                                                                              
George Wheatley                          41    9434960411 hwheatley@popichai.com                   C28   BO28   confirmed 04-JUL-19 05-JUL-19 J21           14 C28   J21   BHARUCH              VADODARA             05-JUL-19                                  
05-JUL-19 06.00.00.000000 AM                                                no         B02   R61                                                                                                                                                                
                                                                                                                                                                                                                                                                
Gilliam Dennistar                        31    9023453947 gdennis916e@blesscup.cf                  C29   BO29   confirmed 04-JUL-19 05-JUL-19 J21           15 C29   J21   BHARUCH              VADODARA             05-JUL-19                                  
05-JUL-19 06.00.00.000000 AM                                                no         B02   R61                                                                                                                                                                
                                                                                                                                                                                                                                                                
Fredling Jingis                          55    9900380089 frdling@blesscup.cf                      C30   BO30   confirmed 04-JUL-19 05-JUL-19 J21           16 C30   J21   BHARUCH              VADODARA             05-JUL-19                                  
05-JUL-19 06.00.00.000000 AM                                                no         B02   R61                                                                                                                                                                
                                                                                                                                                                                                                                                                

NAME                                     AGE PHONE_NUMBER EMAIL_ID                                 CUSTO BOOKIN SEAT_STAT BOOKING_D TRAVEL_DA JOURN   SEAT_NUM CUSTO JOURN SOURCE               DESTINATION          JDDATE                                     
---------------------------------------- --- ------------ ---------------------------------------- ----- ------ --------- --------- --------- ----- ---------- ----- ----- -------------------- -------------------- ---------                                  
TTIME                                                                       ON_BUS_SER BUS_I ROUTE                                                                                                                                                              
--------------------------------------------------------------------------- ---------- ----- -----                                                                                                                                                              
Ferb Kevlos                              66    2265315320 7sajad15986r@ysyl444.com                 C31   BO31   confirmed 04-JUL-19 05-JUL-19 J21           17 C31   J21   BHARUCH              VADODARA             05-JUL-19                                  
05-JUL-19 06.00.00.000000 AM                                                no         B02   R61                                                                                                                                                                
                                                                                                                                                                                                                                                                
Morgan Ellis                             65    1298973395 dloussa@namtruong318.com                 C32   BO32   confirmed 04-JUL-19 05-JUL-19 J21           18 C32   J21   BHARUCH              VADODARA             05-JUL-19                                  
05-JUL-19 06.00.00.000000 AM                                                no         B02   R61                                                                                                                                                                
                                                                                                                                                                                                                                                                
David Decker                             34    9982350680 ifares2@shutenk-shop.com                 C33   BO33   confirmed 04-JUL-19 05-JUL-19 J21           19 C33   J21   BHARUCH              VADODARA             05-JUL-19                                  
05-JUL-19 06.00.00.000000 AM                                                no         B02   R61                                                                                                                                                                
                                                                                                                                                                                                                                                                

NAME                                     AGE PHONE_NUMBER EMAIL_ID                                 CUSTO BOOKIN SEAT_STAT BOOKING_D TRAVEL_DA JOURN   SEAT_NUM CUSTO JOURN SOURCE               DESTINATION          JDDATE                                     
---------------------------------------- --- ------------ ---------------------------------------- ----- ------ --------- --------- --------- ----- ---------- ----- ----- -------------------- -------------------- ---------                                  
TTIME                                                                       ON_BUS_SER BUS_I ROUTE                                                                                                                                                              
--------------------------------------------------------------------------- ---------- ----- -----                                                                                                                                                              
Jack Morris                              22    8809966936 bilal@bluwurmind234.tk                   C34   BO34   confirmed 01-JUL-19 05-JUL-19 J21           20 C34   J21   BHARUCH              VADODARA             05-JUL-19                                  
05-JUL-19 06.00.00.000000 AM                                                no         B02   R61                                                                                                                                                                
                                                                                                                                                                                                                                                                
Genny Oliver                             49    9357843930 snasr-2014m@24mail.top                   C35   BO35   confirmed 02-JUL-19 05-JUL-19 J21           35 C35   J21   BHARUCH              VADODARA             05-JUL-19                                  
05-JUL-19 06.00.00.000000 AM                                                no         B02   R61                                                                                                                                                                
                                                                                                                                                                                                                                                                
Gerill Johnson                           19    4668960411 0lolo_lola2010858@popichai.com           C36   BO36   confirmed 04-JUL-19 05-JUL-19 J21           36 C36   J21   BHARUCH              VADODARA             05-JUL-19                                  
05-JUL-19 06.00.00.000000 AM                                                no         B02   R61                                                                                                                                                                
                                                                                                                                                                                                                                                                

NAME                                     AGE PHONE_NUMBER EMAIL_ID                                 CUSTO BOOKIN SEAT_STAT BOOKING_D TRAVEL_DA JOURN   SEAT_NUM CUSTO JOURN SOURCE               DESTINATION          JDDATE                                     
---------------------------------------- --- ------------ ---------------------------------------- ----- ------ --------- --------- --------- ----- ---------- ----- ----- -------------------- -------------------- ---------                                  
TTIME                                                                       ON_BUS_SER BUS_I ROUTE                                                                                                                                                              
--------------------------------------------------------------------------- ---------- ----- -----                                                                                                                                                              
Den Gillings                             33    7180193947 nmedotiger916e@blesscup.cf               C37   BO37   confirmed 03-JUL-19 05-JUL-19 J21           37 C37   J21   BHARUCH              VADODARA             05-JUL-19                                  
05-JUL-19 06.00.00.000000 AM                                                no         B02   R61                                                                                                                                                                
                                                                                                                                                                                                                                                                
Fredrick Willing                         58    6057381289 nmedotiger916e@blesscup.cf               C38   BO38   confirmed 04-JUL-19 05-JUL-19 J21           38 C38   J21   BHARUCH              VADODARA             05-JUL-19                                  
05-JUL-19 06.00.00.000000 AM                                                no         B02   R61                                                                                                                                                                
                                                                                                                                                                                                                                                                

38 rows selected.

SQL> SELECT PD.NAME,PD.AGE,PD.PHONE_NUMBER,PD.CUSTOMER_ID,CBD.BOOKING_ID,CBD.SEAT_STATUS FROM PASSENGER_DETAILS PD,CUSTOMER_BOOKING_DETAILS CBD,JOURNEY_DETAILS JD WHERE PD.CUSTOMER_ID=CBD.CUSTOMER_ID AND CBD.JOURNEY_ID=JD.JOURNEY_ID AND JD.JOURNEY_ID='J21';

NAME                                     AGE PHONE_NUMBER CUSTO BOOKIN SEAT_STAT                                                                                                                                                                                
---------------------------------------- --- ------------ ----- ------ ---------                                                                                                                                                                                
Jamie Vardy                              22    3692029666 C01   BO01   confirmed                                                                                                                                                                                
Adam Traore                              28    3381358905 C02   BO02   confirmed                                                                                                                                                                                
Sandi Malls                              42    1564337985 C03   BO03   confirmed                                                                                                                                                                                
Trent Arnold                             32    5485949405 C04   BO04   confirmed                                                                                                                                                                                
Mike Forgo                               18    5934710388 C05   BO05   confirmed                                                                                                                                                                                
Gabriel Foden                            25    9698291115 C06   BO06   confirmed                                                                                                                                                                                
Phil Kevin                               52    2265315320 C07   BO07   confirmed                                                                                                                                                                                
Eion Morgan                              46    1298973395 C08   BO08   confirmed                                                                                                                                                                                
David Willis                             43    9982350680 C09   BO09   confirmed                                                                                                                                                                                
Hugh Jackman                             29    8809966936 C10   BO10   confirmed                                                                                                                                                                                
Genny Ollins                             29    9357843930 C11   BO11   confirmed                                                                                                                                                                                

NAME                                     AGE PHONE_NUMBER CUSTO BOOKIN SEAT_STAT                                                                                                                                                                                
---------------------------------------- --- ------------ ----- ------ ---------                                                                                                                                                                                
George Weah                              49    4668960411 C12   BO12   confirmed                                                                                                                                                                                
Gill Dennis                              35    7180193947 C13   BO13   confirmed                                                                                                                                                                                
Fred Jinngs                              51    6057381289 C14   BO14   confirmed                                                                                                                                                                                
Phoeb Kevin                              26    2265532012 C15   BO15   confirmed                                                                                                                                                                                
Eion Morner                              16    9598973395 C16   BO16   confirmed                                                                                                                                                                                
Rita Wallis                              43    9382930680 C17   BO17   confirmed                                                                                                                                                                                
Hugli Jackler                            29    8839966936 C18   BO18   confirmed                                                                                                                                                                                
Genny Ollins                             29     938753930 C19   BO19   confirmed                                                                                                                                                                                
George Wowey                             49    9876960411 C20   BO20   confirmed                                                                                                                                                                                
Gill Dennis                              35    9464193947 C21   BO21   confirmed                                                                                                                                                                                
Fred Jinngs                              51    9443381289 C22   BO22   confirmed                                                                                                                                                                                

NAME                                     AGE PHONE_NUMBER CUSTO BOOKIN SEAT_STAT                                                                                                                                                                                
---------------------------------------- --- ------------ ----- ------ ---------                                                                                                                                                                                
Phineas Kevester                         59    9005315320 C23   BO23   confirmed                                                                                                                                                                                
Kallis Morgan                            41    9090973395 C24   BO24   confirmed                                                                                                                                                                                
Dave Williamson                          48    9121350680 C25   BO25   confirmed                                                                                                                                                                                
Hugh Caprio                              22    9911966936 C26   BO26   confirmed                                                                                                                                                                                
Gen Jokstar                              25    9234843930 C27   BO27   confirmed                                                                                                                                                                                
George Wheatley                          41    9434960411 C28   BO28   confirmed                                                                                                                                                                                
Gilliam Dennistar                        31    9023453947 C29   BO29   confirmed                                                                                                                                                                                
Fredling Jingis                          55    9900380089 C30   BO30   confirmed                                                                                                                                                                                
Ferb Kevlos                              66    2265315320 C31   BO31   confirmed                                                                                                                                                                                
Morgan Ellis                             65    1298973395 C32   BO32   confirmed                                                                                                                                                                                
David Decker                             34    9982350680 C33   BO33   confirmed                                                                                                                                                                                

NAME                                     AGE PHONE_NUMBER CUSTO BOOKIN SEAT_STAT                                                                                                                                                                                
---------------------------------------- --- ------------ ----- ------ ---------                                                                                                                                                                                
Jack Morris                              22    8809966936 C34   BO34   confirmed                                                                                                                                                                                
Genny Oliver                             49    9357843930 C35   BO35   confirmed                                                                                                                                                                                
Gerill Johnson                           19    4668960411 C36   BO36   confirmed                                                                                                                                                                                
Den Gillings                             33    7180193947 C37   BO37   confirmed                                                                                                                                                                                
Fredrick Willing                         58    6057381289 C38   BO38   confirmed                                                                                                                                                                                

38 rows selected.

SQL> SELECT * FROM PASSENGER_DETAILS INNER JOIN CUSTOMER_BOOKING_DETAILS ON CUSTOMER_ID;
SELECT * FROM PASSENGER_DETAILS INNER JOIN CUSTOMER_BOOKING_DETAILS ON CUSTOMER_ID
                                                                                 *
ERROR at line 1:
ORA-00920: invalid relational operator 


SQL> SELECT * FROM PASSENGER_DETAILS INNER JOIN CUSTOMER_BOOKING_DETAILS ON (CUSTOMER_ID);
SELECT * FROM PASSENGER_DETAILS INNER JOIN CUSTOMER_BOOKING_DETAILS ON (CUSTOMER_ID)
                                                                                   *
ERROR at line 1:
ORA-00920: invalid relational operator 


SQL> SELECT * FROM PASSENGER_DETAILS INNER JOIN CUSTOMER_BOOKING_DETAILS ON(CUSTOMER_ID);
SELECT * FROM PASSENGER_DETAILS INNER JOIN CUSTOMER_BOOKING_DETAILS ON(CUSTOMER_ID)
                                                                                  *
ERROR at line 1:
ORA-00920: invalid relational operator 


SQL> SELECT * FROM PASSENGER_DETAILS PD INNER JOIN CUSTOMER_BOOKING_DETAILS CBD ON PD.CUSTOMER_ID=CBD.CUSTOMER_ID;

NAME                                     AGE PHONE_NUMBER EMAIL_ID                                 CUSTO BOOKIN SEAT_STAT BOOKING_D TRAVEL_DA JOURN   SEAT_NUM CUSTO                                                                                            
---------------------------------------- --- ------------ ---------------------------------------- ----- ------ --------- --------- --------- ----- ---------- -----                                                                                            
Jamie Vardy                              22    3692029666 lakoy82627@cnxingye.com                  C01   BO01   confirmed 03-JUL-19 05-JUL-19 J21           21 C01                                                                                              
Adam Traore                              28    3381358905 xmickoja1t@kirain.me                     C02   BO02   confirmed 03-JUL-19 05-JUL-19 J21           22 C02                                                                                              
Sandi Malls                              42    1564337985 xchom@findoasis.com                      C03   BO03   confirmed 03-JUL-19 05-JUL-19 J21           23 C03                                                                                              
Trent Arnold                             32    5485949405 raldzjr@halumail.com                     C04   BO04   confirmed 03-JUL-19 05-JUL-19 J21           24 C04                                                                                              
Mike Forgo                               18    5934710388 0ooo20g@merliaz.xyz                      C05   BO05   confirmed 03-JUL-19 05-JUL-19 J21           25 C05                                                                                              
Gabriel Foden                            25    9698291115 0ismail.sport.9@4funpedia.com            C06   BO06   confirmed 03-JUL-19 05-JUL-19 J21           26 C06                                                                                              
Phil Kevin                               52    2265315320 7sajad15986r@ysyl444.com                 C07   BO07   confirmed 03-JUL-19 05-JUL-19 J21           27 C07                                                                                              
Eion Morgan                              46    1298973395 dloussa@namtruong318.com                 C08   BO08   confirmed 03-JUL-19 05-JUL-19 J21           28 C08                                                                                              
David Willis                             43    9982350680 ifares2@shutenk-shop.com                 C09   BO09   confirmed 03-JUL-19 05-JUL-19 J21           29 C09                                                                                              
Hugh Jackman                             29    8809966936 bilal@bluwurmind234.tk                   C10   BO10   confirmed 01-JUL-19 05-JUL-19 J21           30 C10                                                                                              
Genny Ollins                             29    9357843930 snasr-2014m@24mail.top                   C11   BO11   confirmed 01-JUL-19 05-JUL-19 J21           31 C11                                                                                              

NAME                                     AGE PHONE_NUMBER EMAIL_ID                                 CUSTO BOOKIN SEAT_STAT BOOKING_D TRAVEL_DA JOURN   SEAT_NUM CUSTO                                                                                            
---------------------------------------- --- ------------ ---------------------------------------- ----- ------ --------- --------- --------- ----- ---------- -----                                                                                            
George Weah                              49    4668960411 0lolo_lola2010858@popichai.com           C12   BO12   confirmed 01-JUL-19 05-JUL-19 J21           32 C12                                                                                              
Gill Dennis                              35    7180193947 nmedotiger916e@blesscup.cf               C13   BO13   confirmed 01-JUL-19 05-JUL-19 J21           33 C13                                                                                              
Fred Jinngs                              51    6057381289 nmedotiger916e@blesscup.cf               C14   BO14   confirmed 01-JUL-19 05-JUL-19 J21           34 C14                                                                                              
Phoeb Kevin                              26    2265532012 asdjad15986r@ysyl444.com                 C15   BO15   confirmed 01-JUL-19 05-JUL-19 J21            1 C15                                                                                              
Eion Morner                              16    9598973395 dlayas@namtruong318.com                  C16   BO16   confirmed 01-JUL-19 05-JUL-19 J21            2 C16                                                                                              
Rita Wallis                              43    9382930680 ifares2@shutenk-shop.com                 C17   BO17   confirmed 03-JUL-19 05-JUL-19 J21            3 C17                                                                                              
Hugli Jackler                            29    8839966936 bilaya@bluwurmind234.tk                  C18   BO18   confirmed 03-JUL-19 05-JUL-19 J21            4 C18                                                                                              
Genny Ollins                             29     938753930 snasyadd2014m@24mail.top                 C19   BO19   confirmed 03-JUL-19 05-JUL-19 J21            5 C19                                                                                              
George Wowey                             49    9876960411 ololoisse_lola2010858@popichai.com       C20   BO20   confirmed 03-JUL-19 05-JUL-19 J21            6 C20                                                                                              
Gill Dennis                              35    9464193947 nmedotiger916e@blesscup.cf               C21   BO21   confirmed 03-JUL-19 05-JUL-19 J21            7 C21                                                                                              
Fred Jinngs                              51    9443381289 lucicholoe916e@blesscup.cf               C22   BO22   confirmed 03-JUL-19 05-JUL-19 J21            8 C22                                                                                              

NAME                                     AGE PHONE_NUMBER EMAIL_ID                                 CUSTO BOOKIN SEAT_STAT BOOKING_D TRAVEL_DA JOURN   SEAT_NUM CUSTO                                                                                            
---------------------------------------- --- ------------ ---------------------------------------- ----- ------ --------- --------- --------- ----- ---------- -----                                                                                            
Phineas Kevester                         59    9005315320 kevstar153216r@gmail.com                 C23   BO23   confirmed 03-JUL-19 05-JUL-19 J21            9 C23                                                                                              
Kallis Morgan                            41    9090973395 kmorgan@yahoo.com                        C24   BO24   confirmed 03-JUL-19 05-JUL-19 J21           10 C24                                                                                              
Dave Williamson                          48    9121350680 dwill@shhop.com                          C25   BO25   confirmed 03-JUL-19 05-JUL-19 J21           11 C25                                                                                              
Hugh Caprio                              22    9911966936 hcaprio@bluwind123456.tk                 C26   BO26   confirmed 28-JUN-19 05-JUL-19 J21           12 C26                                                                                              
Gen Jokstar                              25    9234843930 henjokstar@kommail.top                   C27   BO27   confirmed 04-JUL-19 05-JUL-19 J21           13 C27                                                                                              
George Wheatley                          41    9434960411 hwheatley@popichai.com                   C28   BO28   confirmed 04-JUL-19 05-JUL-19 J21           14 C28                                                                                              
Gilliam Dennistar                        31    9023453947 gdennis916e@blesscup.cf                  C29   BO29   confirmed 04-JUL-19 05-JUL-19 J21           15 C29                                                                                              
Fredling Jingis                          55    9900380089 frdling@blesscup.cf                      C30   BO30   confirmed 04-JUL-19 05-JUL-19 J21           16 C30                                                                                              
Ferb Kevlos                              66    2265315320 7sajad15986r@ysyl444.com                 C31   BO31   confirmed 04-JUL-19 05-JUL-19 J21           17 C31                                                                                              
Morgan Ellis                             65    1298973395 dloussa@namtruong318.com                 C32   BO32   confirmed 04-JUL-19 05-JUL-19 J21           18 C32                                                                                              
David Decker                             34    9982350680 ifares2@shutenk-shop.com                 C33   BO33   confirmed 04-JUL-19 05-JUL-19 J21           19 C33                                                                                              

NAME                                     AGE PHONE_NUMBER EMAIL_ID                                 CUSTO BOOKIN SEAT_STAT BOOKING_D TRAVEL_DA JOURN   SEAT_NUM CUSTO                                                                                            
---------------------------------------- --- ------------ ---------------------------------------- ----- ------ --------- --------- --------- ----- ---------- -----                                                                                            
Jack Morris                              22    8809966936 bilal@bluwurmind234.tk                   C34   BO34   confirmed 01-JUL-19 05-JUL-19 J21           20 C34                                                                                              
Genny Oliver                             49    9357843930 snasr-2014m@24mail.top                   C35   BO35   confirmed 02-JUL-19 05-JUL-19 J21           35 C35                                                                                              
Gerill Johnson                           19    4668960411 0lolo_lola2010858@popichai.com           C36   BO36   confirmed 04-JUL-19 05-JUL-19 J21           36 C36                                                                                              
Den Gillings                             33    7180193947 nmedotiger916e@blesscup.cf               C37   BO37   confirmed 03-JUL-19 05-JUL-19 J21           37 C37                                                                                              
Fredrick Willing                         58    6057381289 nmedotiger916e@blesscup.cf               C38   BO38   confirmed 04-JUL-19 05-JUL-19 J21           38 C38                                                                                              
Jamie Vardy                              22    3692029666 lakoy82627@cnxingye.com                  C01   BO39   confirmed 05-JUL-19 06-JUL-19 J08            1 C01                                                                                              
Adam Traore                              28    3381358905 xmickoja1t@kirain.me                     C02   BO40   confirmed 05-JUL-19 06-JUL-19 J08            2 C02                                                                                              
Sandi Malls                              42    1564337985 xchom@findoasis.com                      C03   BO41   confirmed 05-JUL-19 06-JUL-19 J08            3 C03                                                                                              
Trent Arnold                             32    5485949405 raldzjr@halumail.com                     C04   BO42   confirmed 03-JUL-19 06-JUL-19 J08            4 C04                                                                                              
Mike Forgo                               18    5934710388 0ooo20g@merliaz.xyz                      C05   BO43   confirmed 03-JUL-19 06-JUL-19 J08            5 C05                                                                                              
Gabriel Foden                            25    9698291115 0ismail.sport.9@4funpedia.com            C06   BO44   confirmed 03-JUL-19 06-JUL-19 J08            6 C06                                                                                              

NAME                                     AGE PHONE_NUMBER EMAIL_ID                                 CUSTO BOOKIN SEAT_STAT BOOKING_D TRAVEL_DA JOURN   SEAT_NUM CUSTO                                                                                            
---------------------------------------- --- ------------ ---------------------------------------- ----- ------ --------- --------- --------- ----- ---------- -----                                                                                            
Phil Kevin                               52    2265315320 7sajad15986r@ysyl444.com                 C07   BO45   confirmed 04-JUL-19 06-JUL-19 J08            7 C07                                                                                              
Eion Morgan                              46    1298973395 dloussa@namtruong318.com                 C08   BO46   confirmed 03-JUL-19 06-JUL-19 J08            8 C08                                                                                              
David Willis                             43    9982350680 ifares2@shutenk-shop.com                 C09   BO47   confirmed 02-JUL-19 06-JUL-19 J08            9 C09                                                                                              
Hugh Jackman                             29    8809966936 bilal@bluwurmind234.tk                   C10   BO48   confirmed 01-JUL-19 06-JUL-19 J08           10 C10                                                                                              
Genny Ollins                             29    9357843930 snasr-2014m@24mail.top                   C11   BO49   confirmed 05-JUL-19 06-JUL-19 J08           11 C11                                                                                              
George Weah                              49    4668960411 0lolo_lola2010858@popichai.com           C12   BO50   confirmed 05-JUL-19 06-JUL-19 J08           12 C12                                                                                              
Gill Dennis                              35    7180193947 nmedotiger916e@blesscup.cf               C13   BO51   confirmed 05-JUL-19 06-JUL-19 J08           13 C13                                                                                              
Fred Jinngs                              51    6057381289 nmedotiger916e@blesscup.cf               C14   BO52   confirmed 05-JUL-19 06-JUL-19 J08           14 C14                                                                                              
Phoeb Kevin                              26    2265532012 asdjad15986r@ysyl444.com                 C15   BO53   confirmed 05-JUL-19 06-JUL-19 J08           15 C15                                                                                              
Eion Morner                              16    9598973395 dlayas@namtruong318.com                  C16   BO54   confirmed 01-JUL-19 06-JUL-19 J08           16 C16                                                                                              
Rita Wallis                              43    9382930680 ifares2@shutenk-shop.com                 C17   BO55   confirmed 01-JUL-19 06-JUL-19 J08           17 C17                                                                                              

NAME                                     AGE PHONE_NUMBER EMAIL_ID                                 CUSTO BOOKIN SEAT_STAT BOOKING_D TRAVEL_DA JOURN   SEAT_NUM CUSTO                                                                                            
---------------------------------------- --- ------------ ---------------------------------------- ----- ------ --------- --------- --------- ----- ---------- -----                                                                                            
Hugli Jackler                            29    8839966936 bilaya@bluwurmind234.tk                  C18   BO56   confirmed 01-JUL-19 06-JUL-19 J08           18 C18                                                                                              
Genny Ollins                             29     938753930 snasyadd2014m@24mail.top                 C19   BO57   confirmed 01-JUL-19 06-JUL-19 J08           19 C19                                                                                              
George Wowey                             49    9876960411 ololoisse_lola2010858@popichai.com       C20   BO58   confirmed 02-JUL-19 06-JUL-19 J08           20 C20                                                                                              
Gill Dennis                              35    9464193947 nmedotiger916e@blesscup.cf               C21   BO59   confirmed 02-JUL-19 06-JUL-19 J08           21 C21                                                                                              
Fred Jinngs                              51    9443381289 lucicholoe916e@blesscup.cf               C22   BO60   confirmed 02-JUL-19 06-JUL-19 J08           22 C22                                                                                              
Phineas Kevester                         59    9005315320 kevstar153216r@gmail.com                 C23   BO61   confirmed 02-JUL-19 06-JUL-19 J08           23 C23                                                                                              
Kallis Morgan                            41    9090973395 kmorgan@yahoo.com                        C24   BO62   confirmed 03-JUL-19 06-JUL-19 J08           24 C24                                                                                              
Dave Williamson                          48    9121350680 dwill@shhop.com                          C25   BO63   confirmed 03-JUL-19 06-JUL-19 J08           25 C25                                                                                              
Hugh Caprio                              22    9911966936 hcaprio@bluwind123456.tk                 C26   BO64   confirmed 03-JUL-19 06-JUL-19 J08           26 C26                                                                                              
Gen Jokstar                              25    9234843930 henjokstar@kommail.top                   C27   BO65   confirmed 03-JUL-19 06-JUL-19 J08           27 C27                                                                                              
George Wheatley                          41    9434960411 hwheatley@popichai.com                   C28   BO66   confirmed 03-JUL-19 06-JUL-19 J08           28 C28                                                                                              

NAME                                     AGE PHONE_NUMBER EMAIL_ID                                 CUSTO BOOKIN SEAT_STAT BOOKING_D TRAVEL_DA JOURN   SEAT_NUM CUSTO                                                                                            
---------------------------------------- --- ------------ ---------------------------------------- ----- ------ --------- --------- --------- ----- ---------- -----                                                                                            
Gilliam Dennistar                        31    9023453947 gdennis916e@blesscup.cf                  C29   BO67   confirmed 05-JUL-19 06-JUL-19 J08           29 C29                                                                                              
Fredling Jingis                          55    9900380089 frdling@blesscup.cf                      C30   BO68   confirmed 05-JUL-19 06-JUL-19 J08           30 C30                                                                                              
Ferb Kevlos                              66    2265315320 7sajad15986r@ysyl444.com                 C31   BO69   confirmed 04-JUL-19 06-JUL-19 J08           31 C31                                                                                              
Morgan Ellis                             65    1298973395 dloussa@namtruong318.com                 C32   BO70   confirmed 04-JUL-19 06-JUL-19 J08           32 C32                                                                                              
David Decker                             34    9982350680 ifares2@shutenk-shop.com                 C33   BO71   confirmed 04-JUL-19 06-JUL-19 J08           33 C33                                                                                              
Jack Morris                              22    8809966936 bilal@bluwurmind234.tk                   C34   BO72   confirmed 04-JUL-19 06-JUL-19 J08           34 C34                                                                                              
Genny Oliver                             49    9357843930 snasr-2014m@24mail.top                   C35   BO73   confirmed 04-JUL-19 06-JUL-19 J08           35 C35                                                                                              
Gerill Johnson                           19    4668960411 0lolo_lola2010858@popichai.com           C36   BO74   confirmed 04-JUL-19 06-JUL-19 J08           36 C36                                                                                              
Den Gillings                             33    7180193947 nmedotiger916e@blesscup.cf               C37   BO75   confirmed 04-JUL-19 06-JUL-19 J08           37 C37                                                                                              
Jamie Vardy                              22    3692029666 lakoy82627@cnxingye.com                  C01   BO77   confirmed 01-JUL-19 07-JUL-19 J91            1 C01                                                                                              
Adam Traore                              28    3381358905 xmickoja1t@kirain.me                     C02   BO78   confirmed 06-JUL-19 07-JUL-19 J91            2 C02                                                                                              

NAME                                     AGE PHONE_NUMBER EMAIL_ID                                 CUSTO BOOKIN SEAT_STAT BOOKING_D TRAVEL_DA JOURN   SEAT_NUM CUSTO                                                                                            
---------------------------------------- --- ------------ ---------------------------------------- ----- ------ --------- --------- --------- ----- ---------- -----                                                                                            
Sandi Malls                              42    1564337985 xchom@findoasis.com                      C03   BO79   confirmed 06-JUL-19 07-JUL-19 J91            3 C03                                                                                              
Trent Arnold                             32    5485949405 raldzjr@halumail.com                     C04   BO80   confirmed 01-JUL-19 07-JUL-19 J91            4 C04                                                                                              
Mike Forgo                               18    5934710388 0ooo20g@merliaz.xyz                      C05   BO81   confirmed 02-JUL-19 07-JUL-19 J91            5 C05                                                                                              
Gabriel Foden                            25    9698291115 0ismail.sport.9@4funpedia.com            C06   BO82   confirmed 02-JUL-19 07-JUL-19 J91            6 C06                                                                                              
Phil Kevin                               52    2265315320 7sajad15986r@ysyl444.com                 C07   BO83   confirmed 02-JUL-19 07-JUL-19 J91            7 C07                                                                                              
Eion Morgan                              46    1298973395 dloussa@namtruong318.com                 C08   BO84   confirmed 03-JUL-19 07-JUL-19 J91            8 C08                                                                                              
David Willis                             43    9982350680 ifares2@shutenk-shop.com                 C09   BO85   confirmed 03-JUL-19 07-JUL-19 J91            9 C09                                                                                              
Hugh Jackman                             29    8809966936 bilal@bluwurmind234.tk                   C10   BO86   confirmed 06-JUL-19 07-JUL-19 J91           10 C10                                                                                              
Genny Ollins                             29    9357843930 snasr-2014m@24mail.top                   C11   BO87   confirmed 06-JUL-19 07-JUL-19 J91           21 C11                                                                                              
George Weah                              49    4668960411 0lolo_lola2010858@popichai.com           C12   BO88   confirmed 01-JUL-19 07-JUL-19 J91           22 C12                                                                                              
Gill Dennis                              35    7180193947 nmedotiger916e@blesscup.cf               C13   BO89   confirmed 01-JUL-19 07-JUL-19 J91           23 C13                                                                                              

NAME                                     AGE PHONE_NUMBER EMAIL_ID                                 CUSTO BOOKIN SEAT_STAT BOOKING_D TRAVEL_DA JOURN   SEAT_NUM CUSTO                                                                                            
---------------------------------------- --- ------------ ---------------------------------------- ----- ------ --------- --------- --------- ----- ---------- -----                                                                                            
Fred Jinngs                              51    6057381289 nmedotiger916e@blesscup.cf               C14   BO90   confirmed 06-JUL-19 07-JUL-19 J91           24 C14                                                                                              
Phoeb Kevin                              26    2265532012 asdjad15986r@ysyl444.com                 C15   BO91   confirmed 05-JUL-19 07-JUL-19 J91           25 C15                                                                                              
Eion Morner                              16    9598973395 dlayas@namtruong318.com                  C16   BO92   confirmed 04-JUL-19 07-JUL-19 J91           26 C16                                                                                              
Rita Wallis                              43    9382930680 ifares2@shutenk-shop.com                 C17   BO93   confirmed 03-JUL-19 07-JUL-19 J91           27 C17                                                                                              
Hugli Jackler                            29    8839966936 bilaya@bluwurmind234.tk                  C18   BO94   confirmed 02-JUL-19 07-JUL-19 J91           28 C18                                                                                              
Genny Ollins                             29     938753930 snasyadd2014m@24mail.top                 C19   BO95   confirmed 02-JUL-19 07-JUL-19 J91           29 C19                                                                                              
George Wowey                             49    9876960411 ololoisse_lola2010858@popichai.com       C20   BO96   confirmed 02-JUL-19 07-JUL-19 J91           30 C20                                                                                              
Gill Dennis                              35    9464193947 nmedotiger916e@blesscup.cf               C21   BO97   confirmed 01-JUL-19 07-JUL-19 J91           11 C21                                                                                              
Fred Jinngs                              51    9443381289 lucicholoe916e@blesscup.cf               C22   BO98   confirmed 01-JUL-19 07-JUL-19 J91           12 C22                                                                                              
Phineas Kevester                         59    9005315320 kevstar153216r@gmail.com                 C23   BO99   confirmed 01-JUL-19 07-JUL-19 J91           13 C23                                                                                              
Kallis Morgan                            41    9090973395 kmorgan@yahoo.com                        C24   BO100  confirmed 01-JUL-19 07-JUL-19 J91           14 C24                                                                                              

NAME                                     AGE PHONE_NUMBER EMAIL_ID                                 CUSTO BOOKIN SEAT_STAT BOOKING_D TRAVEL_DA JOURN   SEAT_NUM CUSTO                                                                                            
---------------------------------------- --- ------------ ---------------------------------------- ----- ------ --------- --------- --------- ----- ---------- -----                                                                                            
Dave Williamson                          48    9121350680 dwill@shhop.com                          C25   BO101  confirmed 01-JUL-19 07-JUL-19 J91           15 C25                                                                                              
Hugh Caprio                              22    9911966936 hcaprio@bluwind123456.tk                 C26   BO102  confirmed 05-JUL-19 07-JUL-19 J91           16 C26                                                                                              
Gen Jokstar                              25    9234843930 henjokstar@kommail.top                   C27   BO103  confirmed 05-JUL-19 07-JUL-19 J91           17 C27                                                                                              
George Wheatley                          41    9434960411 hwheatley@popichai.com                   C28   BO104  confirmed 05-JUL-19 07-JUL-19 J91           18 C28                                                                                              
Gilliam Dennistar                        31    9023453947 gdennis916e@blesscup.cf                  C29   BO105  confirmed 05-JUL-19 07-JUL-19 J91           19 C29                                                                                              
Fredling Jingis                          55    9900380089 frdling@blesscup.cf                      C30   BO106  confirmed 04-JUL-19 07-JUL-19 J91           20 C30                                                                                              
Ferb Kevlos                              66    2265315320 7sajad15986r@ysyl444.com                 C31   BO107  confirmed 04-JUL-19 07-JUL-19 J91           31 C31                                                                                              
Morgan Ellis                             65    1298973395 dloussa@namtruong318.com                 C32   BO108  confirmed 04-JUL-19 07-JUL-19 J91           32 C32                                                                                              
David Decker                             34    9982350680 ifares2@shutenk-shop.com                 C33   BO109  confirmed 03-JUL-19 07-JUL-19 J91           33 C33                                                                                              
Jack Morris                              22    8809966936 bilal@bluwurmind234.tk                   C34   BO110  confirmed 03-JUL-19 07-JUL-19 J91           34 C34                                                                                              
Genny Oliver                             49    9357843930 snasr-2014m@24mail.top                   C35   BO111  confirmed 03-JUL-19 07-JUL-19 J91           35 C35                                                                                              

NAME                                     AGE PHONE_NUMBER EMAIL_ID                                 CUSTO BOOKIN SEAT_STAT BOOKING_D TRAVEL_DA JOURN   SEAT_NUM CUSTO                                                                                            
---------------------------------------- --- ------------ ---------------------------------------- ----- ------ --------- --------- --------- ----- ---------- -----                                                                                            
Gerill Johnson                           19    4668960411 0lolo_lola2010858@popichai.com           C36   BO112  confirmed 03-JUL-19 07-JUL-19 J91           36 C36                                                                                              
Den Gillings                             33    7180193947 nmedotiger916e@blesscup.cf               C37   BO113  confirmed 03-JUL-19 07-JUL-19 J91           37 C37                                                                                              
Fredrick Willing                         58    6057381289 nmedotiger916e@blesscup.cf               C38   BO114  confirmed 03-JUL-19 07-JUL-19 J91           38 C38                                                                                              
Jamie Vardy                              22    3692029666 lakoy82627@cnxingye.com                  C01   BO115  confirmed 07-JUL-19 08-JUL-19 J154          21 C01                                                                                              
Adam Traore                              28    3381358905 xmickoja1t@kirain.me                     C02   BO116  confirmed 05-JUL-19 08-JUL-19 J154          22 C02                                                                                              
Sandi Malls                              42    1564337985 xchom@findoasis.com                      C03   BO117  confirmed 05-JUL-19 08-JUL-19 J154          23 C03                                                                                              
Trent Arnold                             32    5485949405 raldzjr@halumail.com                     C04   BO118  confirmed 03-JUL-19 08-JUL-19 J154          24 C04                                                                                              
Mike Forgo                               18    5934710388 0ooo20g@merliaz.xyz                      C05   BO119  confirmed 03-JUL-19 08-JUL-19 J154          25 C05                                                                                              
Gabriel Foden                            25    9698291115 0ismail.sport.9@4funpedia.com            C06   BO120  confirmed 03-JUL-19 08-JUL-19 J154          26 C06                                                                                              
Phil Kevin                               52    2265315320 7sajad15986r@ysyl444.com                 C07   BO121  confirmed 03-JUL-19 08-JUL-19 J154          20 C07                                                                                              
Eion Morgan                              46    1298973395 dloussa@namtruong318.com                 C08   BO122  confirmed 03-JUL-19 08-JUL-19 J154          31 C08                                                                                              

NAME                                     AGE PHONE_NUMBER EMAIL_ID                                 CUSTO BOOKIN SEAT_STAT BOOKING_D TRAVEL_DA JOURN   SEAT_NUM CUSTO                                                                                            
---------------------------------------- --- ------------ ---------------------------------------- ----- ------ --------- --------- --------- ----- ---------- -----                                                                                            
David Willis                             43    9982350680 ifares2@shutenk-shop.com                 C09   BO123  confirmed 01-JUL-19 08-JUL-19 J154          32 C09                                                                                              
Hugh Jackman                             29    8809966936 bilal@bluwurmind234.tk                   C10   BO124  confirmed 01-JUL-19 08-JUL-19 J154          33 C10                                                                                              
Genny Ollins                             29    9357843930 snasr-2014m@24mail.top                   C11   BO125  confirmed 01-JUL-19 08-JUL-19 J154          34 C11                                                                                              
George Weah                              49    4668960411 0lolo_lola2010858@popichai.com           C12   BO126  confirmed 01-JUL-19 08-JUL-19 J154          35 C12                                                                                              
Gill Dennis                              35    7180193947 nmedotiger916e@blesscup.cf               C13   BO127  confirmed 01-JUL-19 08-JUL-19 J154          36 C13                                                                                              
Fred Jinngs                              51    6057381289 nmedotiger916e@blesscup.cf               C14   BO128  confirmed 01-JUL-19 08-JUL-19 J154          37 C14                                                                                              
Phoeb Kevin                              26    2265532012 asdjad15986r@ysyl444.com                 C15   BO129  confirmed 02-JUL-19 08-JUL-19 J154          38 C15                                                                                              
Eion Morner                              16    9598973395 dlayas@namtruong318.com                  C16   BO130  confirmed 02-JUL-19 08-JUL-19 J154          27 C16                                                                                              
Rita Wallis                              43    9382930680 ifares2@shutenk-shop.com                 C17   BO131  confirmed 02-JUL-19 08-JUL-19 J154          28 C17                                                                                              
Hugli Jackler                            29    8839966936 bilaya@bluwurmind234.tk                  C18   BO132  confirmed 05-JUL-19 08-JUL-19 J154          29 C18                                                                                              
Genny Ollins                             29     938753930 snasyadd2014m@24mail.top                 C19   BO133  confirmed 05-JUL-19 08-JUL-19 J154          30 C19                                                                                              

NAME                                     AGE PHONE_NUMBER EMAIL_ID                                 CUSTO BOOKIN SEAT_STAT BOOKING_D TRAVEL_DA JOURN   SEAT_NUM CUSTO                                                                                            
---------------------------------------- --- ------------ ---------------------------------------- ----- ------ --------- --------- --------- ----- ---------- -----                                                                                            
George Wowey                             49    9876960411 ololoisse_lola2010858@popichai.com       C20   BO134  confirmed 05-JUL-19 08-JUL-19 J154          13 C20                                                                                              
Gill Dennis                              35    9464193947 nmedotiger916e@blesscup.cf               C21   BO135  confirmed 05-JUL-19 08-JUL-19 J154          14 C21                                                                                              
Fred Jinngs                              51    9443381289 lucicholoe916e@blesscup.cf               C22   BO136  confirmed 03-JUL-19 08-JUL-19 J154          15 C22                                                                                              
Phineas Kevester                         59    9005315320 kevstar153216r@gmail.com                 C23   BO137  confirmed 03-JUL-19 08-JUL-19 J154          16 C23                                                                                              
Kallis Morgan                            41    9090973395 kmorgan@yahoo.com                        C24   BO138  confirmed 03-JUL-19 08-JUL-19 J154          17 C24                                                                                              
Dave Williamson                          48    9121350680 dwill@shhop.com                          C25   BO139  confirmed 01-JUL-19 08-JUL-19 J154          18 C25                                                                                              
Hugh Caprio                              22    9911966936 hcaprio@bluwind123456.tk                 C26   BO140  confirmed 01-JUL-19 08-JUL-19 J154          19 C26                                                                                              
Gen Jokstar                              25    9234843930 henjokstar@kommail.top                   C27   BO141  confirmed 01-JUL-19 08-JUL-19 J154           1 C27                                                                                              
George Wheatley                          41    9434960411 hwheatley@popichai.com                   C28   BO142  confirmed 06-JUL-19 08-JUL-19 J154           2 C28                                                                                              
Gilliam Dennistar                        31    9023453947 gdennis916e@blesscup.cf                  C29   BO143  confirmed 06-JUL-19 08-JUL-19 J154           3 C29                                                                                              
Fredling Jingis                          55    9900380089 frdling@blesscup.cf                      C30   BO144  confirmed 06-JUL-19 08-JUL-19 J154           4 C30                                                                                              

NAME                                     AGE PHONE_NUMBER EMAIL_ID                                 CUSTO BOOKIN SEAT_STAT BOOKING_D TRAVEL_DA JOURN   SEAT_NUM CUSTO                                                                                            
---------------------------------------- --- ------------ ---------------------------------------- ----- ------ --------- --------- --------- ----- ---------- -----                                                                                            
Ferb Kevlos                              66    2265315320 7sajad15986r@ysyl444.com                 C31   BO145  confirmed 07-JUL-19 08-JUL-19 J154           5 C31                                                                                              
Morgan Ellis                             65    1298973395 dloussa@namtruong318.com                 C32   BO146  confirmed 07-JUL-19 08-JUL-19 J154           6 C32                                                                                              
David Decker                             34    9982350680 ifares2@shutenk-shop.com                 C33   BO147  confirmed 06-JUL-19 08-JUL-19 J154           7 C33                                                                                              
Jack Morris                              22    8809966936 bilal@bluwurmind234.tk                   C34   BO148  confirmed 05-JUL-19 08-JUL-19 J154           8 C34                                                                                              
Genny Oliver                             49    9357843930 snasr-2014m@24mail.top                   C35   BO149  confirmed 04-JUL-19 08-JUL-19 J154           9 C35                                                                                              
Gerill Johnson                           19    4668960411 0lolo_lola2010858@popichai.com           C36   BO150  confirmed 03-JUL-19 08-JUL-19 J154          10 C36                                                                                              
Den Gillings                             33    7180193947 nmedotiger916e@blesscup.cf               C37   BO151  confirmed 02-JUL-19 08-JUL-19 J154          11 C37                                                                                              
Fredrick Willing                         58    6057381289 nmedotiger916e@blesscup.cf               C38   BO152  confirmed 01-JUL-19 08-JUL-19 J154          12 C38                                                                                              

151 rows selected.

SQL> SELECT * FROM PASSENGER_DETAILS;

NAME                                     AGE PHONE_NUMBER EMAIL_ID                                 CUSTO                                                                                                                                                        
---------------------------------------- --- ------------ ---------------------------------------- -----                                                                                                                                                        
Jamie Vardy                              22    3692029666 lakoy82627@cnxingye.com                  C01                                                                                                                                                          
Adam Traore                              28    3381358905 xmickoja1t@kirain.me                     C02                                                                                                                                                          
Sandi Malls                              42    1564337985 xchom@findoasis.com                      C03                                                                                                                                                          
Trent Arnold                             32    5485949405 raldzjr@halumail.com                     C04                                                                                                                                                          
Mike Forgo                               18    5934710388 0ooo20g@merliaz.xyz                      C05                                                                                                                                                          
Gabriel Foden                            25    9698291115 0ismail.sport.9@4funpedia.com            C06                                                                                                                                                          
Phil Kevin                               52    2265315320 7sajad15986r@ysyl444.com                 C07                                                                                                                                                          
Eion Morgan                              46    1298973395 dloussa@namtruong318.com                 C08                                                                                                                                                          
David Willis                             43    9982350680 ifares2@shutenk-shop.com                 C09                                                                                                                                                          
Hugh Jackman                             29    8809966936 bilal@bluwurmind234.tk                   C10                                                                                                                                                          
Genny Ollins                             29    9357843930 snasr-2014m@24mail.top                   C11                                                                                                                                                          

NAME                                     AGE PHONE_NUMBER EMAIL_ID                                 CUSTO                                                                                                                                                        
---------------------------------------- --- ------------ ---------------------------------------- -----                                                                                                                                                        
George Weah                              49    4668960411 0lolo_lola2010858@popichai.com           C12                                                                                                                                                          
Gill Dennis                              35    7180193947 nmedotiger916e@blesscup.cf               C13                                                                                                                                                          
Fred Jinngs                              51    6057381289 nmedotiger916e@blesscup.cf               C14                                                                                                                                                          
Phoeb Kevin                              26    2265532012 asdjad15986r@ysyl444.com                 C15                                                                                                                                                          
Eion Morner                              16    9598973395 dlayas@namtruong318.com                  C16                                                                                                                                                          
Rita Wallis                              43    9382930680 ifares2@shutenk-shop.com                 C17                                                                                                                                                          
Hugli Jackler                            29    8839966936 bilaya@bluwurmind234.tk                  C18                                                                                                                                                          
Genny Ollins                             29     938753930 snasyadd2014m@24mail.top                 C19                                                                                                                                                          
George Wowey                             49    9876960411 ololoisse_lola2010858@popichai.com       C20                                                                                                                                                          
Gill Dennis                              35    9464193947 nmedotiger916e@blesscup.cf               C21                                                                                                                                                          
Fred Jinngs                              51    9443381289 lucicholoe916e@blesscup.cf               C22                                                                                                                                                          

NAME                                     AGE PHONE_NUMBER EMAIL_ID                                 CUSTO                                                                                                                                                        
---------------------------------------- --- ------------ ---------------------------------------- -----                                                                                                                                                        
Phineas Kevester                         59    9005315320 kevstar153216r@gmail.com                 C23                                                                                                                                                          
Kallis Morgan                            41    9090973395 kmorgan@yahoo.com                        C24                                                                                                                                                          
Dave Williamson                          48    9121350680 dwill@shhop.com                          C25                                                                                                                                                          
Hugh Caprio                              22    9911966936 hcaprio@bluwind123456.tk                 C26                                                                                                                                                          
Gen Jokstar                              25    9234843930 henjokstar@kommail.top                   C27                                                                                                                                                          
George Wheatley                          41    9434960411 hwheatley@popichai.com                   C28                                                                                                                                                          
Gilliam Dennistar                        31    9023453947 gdennis916e@blesscup.cf                  C29                                                                                                                                                          
Fredling Jingis                          55    9900380089 frdling@blesscup.cf                      C30                                                                                                                                                          
Ferb Kevlos                              66    2265315320 7sajad15986r@ysyl444.com                 C31                                                                                                                                                          
Morgan Ellis                             65    1298973395 dloussa@namtruong318.com                 C32                                                                                                                                                          
David Decker                             34    9982350680 ifares2@shutenk-shop.com                 C33                                                                                                                                                          

NAME                                     AGE PHONE_NUMBER EMAIL_ID                                 CUSTO                                                                                                                                                        
---------------------------------------- --- ------------ ---------------------------------------- -----                                                                                                                                                        
Jack Morris                              22    8809966936 bilal@bluwurmind234.tk                   C34                                                                                                                                                          
Genny Oliver                             49    9357843930 snasr-2014m@24mail.top                   C35                                                                                                                                                          
Gerill Johnson                           19    4668960411 0lolo_lola2010858@popichai.com           C36                                                                                                                                                          
Den Gillings                             33    7180193947 nmedotiger916e@blesscup.cf               C37                                                                                                                                                          
Fredrick Willing                         58    6057381289 nmedotiger916e@blesscup.cf               C38                                                                                                                                                          

38 rows selected.

SQL> SELECT PC.NAME,PC.AGE,PC.PHONE_NUMBER,PC.BOOKING_ID,PC.SEAT_STATUS,PC.JOURNEY_ID FROM JOURNEY_DETAILS JD INNER JOIN (SELECT * FROM PASSENGER_DETAILS PD INNER JOIN CUSTOMER_BOOKING_DETAILS CBD ON PD.CUSTOMER_ID=CBD.CUSTOMER_ID) PC ON PC.JOURNEY_ID=JD.JOURNEY_ID;

NAME                                     AGE PHONE_NUMBER BOOKIN SEAT_STAT JOURN                                                                                                                                                                                
---------------------------------------- --- ------------ ------ --------- -----                                                                                                                                                                                
Jamie Vardy                              22    3692029666 BO01   confirmed J21                                                                                                                                                                                  
Adam Traore                              28    3381358905 BO02   confirmed J21                                                                                                                                                                                  
Sandi Malls                              42    1564337985 BO03   confirmed J21                                                                                                                                                                                  
Trent Arnold                             32    5485949405 BO04   confirmed J21                                                                                                                                                                                  
Mike Forgo                               18    5934710388 BO05   confirmed J21                                                                                                                                                                                  
Gabriel Foden                            25    9698291115 BO06   confirmed J21                                                                                                                                                                                  
Phil Kevin                               52    2265315320 BO07   confirmed J21                                                                                                                                                                                  
Eion Morgan                              46    1298973395 BO08   confirmed J21                                                                                                                                                                                  
David Willis                             43    9982350680 BO09   confirmed J21                                                                                                                                                                                  
Hugh Jackman                             29    8809966936 BO10   confirmed J21                                                                                                                                                                                  
Genny Ollins                             29    9357843930 BO11   confirmed J21                                                                                                                                                                                  

NAME                                     AGE PHONE_NUMBER BOOKIN SEAT_STAT JOURN                                                                                                                                                                                
---------------------------------------- --- ------------ ------ --------- -----                                                                                                                                                                                
George Weah                              49    4668960411 BO12   confirmed J21                                                                                                                                                                                  
Gill Dennis                              35    7180193947 BO13   confirmed J21                                                                                                                                                                                  
Fred Jinngs                              51    6057381289 BO14   confirmed J21                                                                                                                                                                                  
Phoeb Kevin                              26    2265532012 BO15   confirmed J21                                                                                                                                                                                  
Eion Morner                              16    9598973395 BO16   confirmed J21                                                                                                                                                                                  
Rita Wallis                              43    9382930680 BO17   confirmed J21                                                                                                                                                                                  
Hugli Jackler                            29    8839966936 BO18   confirmed J21                                                                                                                                                                                  
Genny Ollins                             29     938753930 BO19   confirmed J21                                                                                                                                                                                  
George Wowey                             49    9876960411 BO20   confirmed J21                                                                                                                                                                                  
Gill Dennis                              35    9464193947 BO21   confirmed J21                                                                                                                                                                                  
Fred Jinngs                              51    9443381289 BO22   confirmed J21                                                                                                                                                                                  

NAME                                     AGE PHONE_NUMBER BOOKIN SEAT_STAT JOURN                                                                                                                                                                                
---------------------------------------- --- ------------ ------ --------- -----                                                                                                                                                                                
Phineas Kevester                         59    9005315320 BO23   confirmed J21                                                                                                                                                                                  
Kallis Morgan                            41    9090973395 BO24   confirmed J21                                                                                                                                                                                  
Dave Williamson                          48    9121350680 BO25   confirmed J21                                                                                                                                                                                  
Hugh Caprio                              22    9911966936 BO26   confirmed J21                                                                                                                                                                                  
Gen Jokstar                              25    9234843930 BO27   confirmed J21                                                                                                                                                                                  
George Wheatley                          41    9434960411 BO28   confirmed J21                                                                                                                                                                                  
Gilliam Dennistar                        31    9023453947 BO29   confirmed J21                                                                                                                                                                                  
Fredling Jingis                          55    9900380089 BO30   confirmed J21                                                                                                                                                                                  
Ferb Kevlos                              66    2265315320 BO31   confirmed J21                                                                                                                                                                                  
Morgan Ellis                             65    1298973395 BO32   confirmed J21                                                                                                                                                                                  
David Decker                             34    9982350680 BO33   confirmed J21                                                                                                                                                                                  

NAME                                     AGE PHONE_NUMBER BOOKIN SEAT_STAT JOURN                                                                                                                                                                                
---------------------------------------- --- ------------ ------ --------- -----                                                                                                                                                                                
Jack Morris                              22    8809966936 BO34   confirmed J21                                                                                                                                                                                  
Genny Oliver                             49    9357843930 BO35   confirmed J21                                                                                                                                                                                  
Gerill Johnson                           19    4668960411 BO36   confirmed J21                                                                                                                                                                                  
Den Gillings                             33    7180193947 BO37   confirmed J21                                                                                                                                                                                  
Fredrick Willing                         58    6057381289 BO38   confirmed J21                                                                                                                                                                                  
Jamie Vardy                              22    3692029666 BO39   confirmed J08                                                                                                                                                                                  
Adam Traore                              28    3381358905 BO40   confirmed J08                                                                                                                                                                                  
Sandi Malls                              42    1564337985 BO41   confirmed J08                                                                                                                                                                                  
Trent Arnold                             32    5485949405 BO42   confirmed J08                                                                                                                                                                                  
Mike Forgo                               18    5934710388 BO43   confirmed J08                                                                                                                                                                                  
Gabriel Foden                            25    9698291115 BO44   confirmed J08                                                                                                                                                                                  

NAME                                     AGE PHONE_NUMBER BOOKIN SEAT_STAT JOURN                                                                                                                                                                                
---------------------------------------- --- ------------ ------ --------- -----                                                                                                                                                                                
Phil Kevin                               52    2265315320 BO45   confirmed J08                                                                                                                                                                                  
Eion Morgan                              46    1298973395 BO46   confirmed J08                                                                                                                                                                                  
David Willis                             43    9982350680 BO47   confirmed J08                                                                                                                                                                                  
Hugh Jackman                             29    8809966936 BO48   confirmed J08                                                                                                                                                                                  
Genny Ollins                             29    9357843930 BO49   confirmed J08                                                                                                                                                                                  
George Weah                              49    4668960411 BO50   confirmed J08                                                                                                                                                                                  
Gill Dennis                              35    7180193947 BO51   confirmed J08                                                                                                                                                                                  
Fred Jinngs                              51    6057381289 BO52   confirmed J08                                                                                                                                                                                  
Phoeb Kevin                              26    2265532012 BO53   confirmed J08                                                                                                                                                                                  
Eion Morner                              16    9598973395 BO54   confirmed J08                                                                                                                                                                                  
Rita Wallis                              43    9382930680 BO55   confirmed J08                                                                                                                                                                                  

NAME                                     AGE PHONE_NUMBER BOOKIN SEAT_STAT JOURN                                                                                                                                                                                
---------------------------------------- --- ------------ ------ --------- -----                                                                                                                                                                                
Hugli Jackler                            29    8839966936 BO56   confirmed J08                                                                                                                                                                                  
Genny Ollins                             29     938753930 BO57   confirmed J08                                                                                                                                                                                  
George Wowey                             49    9876960411 BO58   confirmed J08                                                                                                                                                                                  
Gill Dennis                              35    9464193947 BO59   confirmed J08                                                                                                                                                                                  
Fred Jinngs                              51    9443381289 BO60   confirmed J08                                                                                                                                                                                  
Phineas Kevester                         59    9005315320 BO61   confirmed J08                                                                                                                                                                                  
Kallis Morgan                            41    9090973395 BO62   confirmed J08                                                                                                                                                                                  
Dave Williamson                          48    9121350680 BO63   confirmed J08                                                                                                                                                                                  
Hugh Caprio                              22    9911966936 BO64   confirmed J08                                                                                                                                                                                  
Gen Jokstar                              25    9234843930 BO65   confirmed J08                                                                                                                                                                                  
George Wheatley                          41    9434960411 BO66   confirmed J08                                                                                                                                                                                  

NAME                                     AGE PHONE_NUMBER BOOKIN SEAT_STAT JOURN                                                                                                                                                                                
---------------------------------------- --- ------------ ------ --------- -----                                                                                                                                                                                
Gilliam Dennistar                        31    9023453947 BO67   confirmed J08                                                                                                                                                                                  
Fredling Jingis                          55    9900380089 BO68   confirmed J08                                                                                                                                                                                  
Ferb Kevlos                              66    2265315320 BO69   confirmed J08                                                                                                                                                                                  
Morgan Ellis                             65    1298973395 BO70   confirmed J08                                                                                                                                                                                  
David Decker                             34    9982350680 BO71   confirmed J08                                                                                                                                                                                  
Jack Morris                              22    8809966936 BO72   confirmed J08                                                                                                                                                                                  
Genny Oliver                             49    9357843930 BO73   confirmed J08                                                                                                                                                                                  
Gerill Johnson                           19    4668960411 BO74   confirmed J08                                                                                                                                                                                  
Den Gillings                             33    7180193947 BO75   confirmed J08                                                                                                                                                                                  
Jamie Vardy                              22    3692029666 BO77   confirmed J91                                                                                                                                                                                  
Adam Traore                              28    3381358905 BO78   confirmed J91                                                                                                                                                                                  

NAME                                     AGE PHONE_NUMBER BOOKIN SEAT_STAT JOURN                                                                                                                                                                                
---------------------------------------- --- ------------ ------ --------- -----                                                                                                                                                                                
Sandi Malls                              42    1564337985 BO79   confirmed J91                                                                                                                                                                                  
Trent Arnold                             32    5485949405 BO80   confirmed J91                                                                                                                                                                                  
Mike Forgo                               18    5934710388 BO81   confirmed J91                                                                                                                                                                                  
Gabriel Foden                            25    9698291115 BO82   confirmed J91                                                                                                                                                                                  
Phil Kevin                               52    2265315320 BO83   confirmed J91                                                                                                                                                                                  
Eion Morgan                              46    1298973395 BO84   confirmed J91                                                                                                                                                                                  
David Willis                             43    9982350680 BO85   confirmed J91                                                                                                                                                                                  
Hugh Jackman                             29    8809966936 BO86   confirmed J91                                                                                                                                                                                  
Genny Ollins                             29    9357843930 BO87   confirmed J91                                                                                                                                                                                  
George Weah                              49    4668960411 BO88   confirmed J91                                                                                                                                                                                  
Gill Dennis                              35    7180193947 BO89   confirmed J91                                                                                                                                                                                  

NAME                                     AGE PHONE_NUMBER BOOKIN SEAT_STAT JOURN                                                                                                                                                                                
---------------------------------------- --- ------------ ------ --------- -----                                                                                                                                                                                
Fred Jinngs                              51    6057381289 BO90   confirmed J91                                                                                                                                                                                  
Phoeb Kevin                              26    2265532012 BO91   confirmed J91                                                                                                                                                                                  
Eion Morner                              16    9598973395 BO92   confirmed J91                                                                                                                                                                                  
Rita Wallis                              43    9382930680 BO93   confirmed J91                                                                                                                                                                                  
Hugli Jackler                            29    8839966936 BO94   confirmed J91                                                                                                                                                                                  
Genny Ollins                             29     938753930 BO95   confirmed J91                                                                                                                                                                                  
George Wowey                             49    9876960411 BO96   confirmed J91                                                                                                                                                                                  
Gill Dennis                              35    9464193947 BO97   confirmed J91                                                                                                                                                                                  
Fred Jinngs                              51    9443381289 BO98   confirmed J91                                                                                                                                                                                  
Phineas Kevester                         59    9005315320 BO99   confirmed J91                                                                                                                                                                                  
Kallis Morgan                            41    9090973395 BO100  confirmed J91                                                                                                                                                                                  

NAME                                     AGE PHONE_NUMBER BOOKIN SEAT_STAT JOURN                                                                                                                                                                                
---------------------------------------- --- ------------ ------ --------- -----                                                                                                                                                                                
Dave Williamson                          48    9121350680 BO101  confirmed J91                                                                                                                                                                                  
Hugh Caprio                              22    9911966936 BO102  confirmed J91                                                                                                                                                                                  
Gen Jokstar                              25    9234843930 BO103  confirmed J91                                                                                                                                                                                  
George Wheatley                          41    9434960411 BO104  confirmed J91                                                                                                                                                                                  
Gilliam Dennistar                        31    9023453947 BO105  confirmed J91                                                                                                                                                                                  
Fredling Jingis                          55    9900380089 BO106  confirmed J91                                                                                                                                                                                  
Ferb Kevlos                              66    2265315320 BO107  confirmed J91                                                                                                                                                                                  
Morgan Ellis                             65    1298973395 BO108  confirmed J91                                                                                                                                                                                  
David Decker                             34    9982350680 BO109  confirmed J91                                                                                                                                                                                  
Jack Morris                              22    8809966936 BO110  confirmed J91                                                                                                                                                                                  
Genny Oliver                             49    9357843930 BO111  confirmed J91                                                                                                                                                                                  

NAME                                     AGE PHONE_NUMBER BOOKIN SEAT_STAT JOURN                                                                                                                                                                                
---------------------------------------- --- ------------ ------ --------- -----                                                                                                                                                                                
Gerill Johnson                           19    4668960411 BO112  confirmed J91                                                                                                                                                                                  
Den Gillings                             33    7180193947 BO113  confirmed J91                                                                                                                                                                                  
Fredrick Willing                         58    6057381289 BO114  confirmed J91                                                                                                                                                                                  
Jamie Vardy                              22    3692029666 BO115  confirmed J154                                                                                                                                                                                 
Adam Traore                              28    3381358905 BO116  confirmed J154                                                                                                                                                                                 
Sandi Malls                              42    1564337985 BO117  confirmed J154                                                                                                                                                                                 
Trent Arnold                             32    5485949405 BO118  confirmed J154                                                                                                                                                                                 
Mike Forgo                               18    5934710388 BO119  confirmed J154                                                                                                                                                                                 
Gabriel Foden                            25    9698291115 BO120  confirmed J154                                                                                                                                                                                 
Phil Kevin                               52    2265315320 BO121  confirmed J154                                                                                                                                                                                 
Eion Morgan                              46    1298973395 BO122  confirmed J154                                                                                                                                                                                 

NAME                                     AGE PHONE_NUMBER BOOKIN SEAT_STAT JOURN                                                                                                                                                                                
---------------------------------------- --- ------------ ------ --------- -----                                                                                                                                                                                
David Willis                             43    9982350680 BO123  confirmed J154                                                                                                                                                                                 
Hugh Jackman                             29    8809966936 BO124  confirmed J154                                                                                                                                                                                 
Genny Ollins                             29    9357843930 BO125  confirmed J154                                                                                                                                                                                 
George Weah                              49    4668960411 BO126  confirmed J154                                                                                                                                                                                 
Gill Dennis                              35    7180193947 BO127  confirmed J154                                                                                                                                                                                 
Fred Jinngs                              51    6057381289 BO128  confirmed J154                                                                                                                                                                                 
Phoeb Kevin                              26    2265532012 BO129  confirmed J154                                                                                                                                                                                 
Eion Morner                              16    9598973395 BO130  confirmed J154                                                                                                                                                                                 
Rita Wallis                              43    9382930680 BO131  confirmed J154                                                                                                                                                                                 
Hugli Jackler                            29    8839966936 BO132  confirmed J154                                                                                                                                                                                 
Genny Ollins                             29     938753930 BO133  confirmed J154                                                                                                                                                                                 

NAME                                     AGE PHONE_NUMBER BOOKIN SEAT_STAT JOURN                                                                                                                                                                                
---------------------------------------- --- ------------ ------ --------- -----                                                                                                                                                                                
George Wowey                             49    9876960411 BO134  confirmed J154                                                                                                                                                                                 
Gill Dennis                              35    9464193947 BO135  confirmed J154                                                                                                                                                                                 
Fred Jinngs                              51    9443381289 BO136  confirmed J154                                                                                                                                                                                 
Phineas Kevester                         59    9005315320 BO137  confirmed J154                                                                                                                                                                                 
Kallis Morgan                            41    9090973395 BO138  confirmed J154                                                                                                                                                                                 
Dave Williamson                          48    9121350680 BO139  confirmed J154                                                                                                                                                                                 
Hugh Caprio                              22    9911966936 BO140  confirmed J154                                                                                                                                                                                 
Gen Jokstar                              25    9234843930 BO141  confirmed J154                                                                                                                                                                                 
George Wheatley                          41    9434960411 BO142  confirmed J154                                                                                                                                                                                 
Gilliam Dennistar                        31    9023453947 BO143  confirmed J154                                                                                                                                                                                 
Fredling Jingis                          55    9900380089 BO144  confirmed J154                                                                                                                                                                                 

NAME                                     AGE PHONE_NUMBER BOOKIN SEAT_STAT JOURN                                                                                                                                                                                
---------------------------------------- --- ------------ ------ --------- -----                                                                                                                                                                                
Ferb Kevlos                              66    2265315320 BO145  confirmed J154                                                                                                                                                                                 
Morgan Ellis                             65    1298973395 BO146  confirmed J154                                                                                                                                                                                 
David Decker                             34    9982350680 BO147  confirmed J154                                                                                                                                                                                 
Jack Morris                              22    8809966936 BO148  confirmed J154                                                                                                                                                                                 
Genny Oliver                             49    9357843930 BO149  confirmed J154                                                                                                                                                                                 
Gerill Johnson                           19    4668960411 BO150  confirmed J154                                                                                                                                                                                 
Den Gillings                             33    7180193947 BO151  confirmed J154                                                                                                                                                                                 
Fredrick Willing                         58    6057381289 BO152  confirmed J154                                                                                                                                                                                 

151 rows selected.

SQL> SELECT PC.NAME,PC.AGE,PC.PHONE_NUMBER,PC.BOOKING_ID,PC.SEAT_STATUS,PC.JOURNEY_ID FROM JOURNEY_DETAILS JD INNER JOIN (SELECT * FROM PASSENGER_DETAILS PD INNER JOIN CUSTOMER_BOOKING_DETAILS CBD ON PD.CUSTOMER_ID=CBD.CUSTOMER_ID) PC ON PC.JOURNEY_ID=JD.JOURNEY_ID AND JOURNEY_ID='J21';
SELECT PC.NAME,PC.AGE,PC.PHONE_NUMBER,PC.BOOKING_ID,PC.SEAT_STATUS,PC.JOURNEY_ID FROM JOURNEY_DETAILS JD INNER JOIN (SELECT * FROM PASSENGER_DETAILS PD INNER JOIN CUSTOMER_BOOKING_DETAILS CBD ON PD.CUSTOMER_ID=CBD.CUSTOMER_ID) PC ON PC.JOURNEY_ID=JD.JOURNEY_ID AND JOURNEY_ID='J21'
                                                                                                                                                                                                                                                                         *
ERROR at line 1:
ORA-00918: column ambiguously defined 


SQL> SELECT PC.NAME,PC.AGE,PC.PHONE_NUMBER,PC.BOOKING_ID,PC.SEAT_STATUS,PC.JOURNEY_ID FROM JOURNEY_DETAILS JD INNER JOIN (SELECT * FROM PASSENGER_DETAILS PD INNER JOIN CUSTOMER_BOOKING_DETAILS CBD ON PD.CUSTOMER_ID=CBD.CUSTOMER_ID) PC ON PC.JOURNEY_ID=JD.JOURNEY_ID AND JD.JOURNEY_ID='J21';

NAME                                     AGE PHONE_NUMBER BOOKIN SEAT_STAT JOURN                                                                                                                                                                                
---------------------------------------- --- ------------ ------ --------- -----                                                                                                                                                                                
Jamie Vardy                              22    3692029666 BO01   confirmed J21                                                                                                                                                                                  
Adam Traore                              28    3381358905 BO02   confirmed J21                                                                                                                                                                                  
Sandi Malls                              42    1564337985 BO03   confirmed J21                                                                                                                                                                                  
Trent Arnold                             32    5485949405 BO04   confirmed J21                                                                                                                                                                                  
Mike Forgo                               18    5934710388 BO05   confirmed J21                                                                                                                                                                                  
Gabriel Foden                            25    9698291115 BO06   confirmed J21                                                                                                                                                                                  
Phil Kevin                               52    2265315320 BO07   confirmed J21                                                                                                                                                                                  
Eion Morgan                              46    1298973395 BO08   confirmed J21                                                                                                                                                                                  
David Willis                             43    9982350680 BO09   confirmed J21                                                                                                                                                                                  
Hugh Jackman                             29    8809966936 BO10   confirmed J21                                                                                                                                                                                  
Genny Ollins                             29    9357843930 BO11   confirmed J21                                                                                                                                                                                  

NAME                                     AGE PHONE_NUMBER BOOKIN SEAT_STAT JOURN                                                                                                                                                                                
---------------------------------------- --- ------------ ------ --------- -----                                                                                                                                                                                
George Weah                              49    4668960411 BO12   confirmed J21                                                                                                                                                                                  
Gill Dennis                              35    7180193947 BO13   confirmed J21                                                                                                                                                                                  
Fred Jinngs                              51    6057381289 BO14   confirmed J21                                                                                                                                                                                  
Phoeb Kevin                              26    2265532012 BO15   confirmed J21                                                                                                                                                                                  
Eion Morner                              16    9598973395 BO16   confirmed J21                                                                                                                                                                                  
Rita Wallis                              43    9382930680 BO17   confirmed J21                                                                                                                                                                                  
Hugli Jackler                            29    8839966936 BO18   confirmed J21                                                                                                                                                                                  
Genny Ollins                             29     938753930 BO19   confirmed J21                                                                                                                                                                                  
George Wowey                             49    9876960411 BO20   confirmed J21                                                                                                                                                                                  
Gill Dennis                              35    9464193947 BO21   confirmed J21                                                                                                                                                                                  
Fred Jinngs                              51    9443381289 BO22   confirmed J21                                                                                                                                                                                  

NAME                                     AGE PHONE_NUMBER BOOKIN SEAT_STAT JOURN                                                                                                                                                                                
---------------------------------------- --- ------------ ------ --------- -----                                                                                                                                                                                
Phineas Kevester                         59    9005315320 BO23   confirmed J21                                                                                                                                                                                  
Kallis Morgan                            41    9090973395 BO24   confirmed J21                                                                                                                                                                                  
Dave Williamson                          48    9121350680 BO25   confirmed J21                                                                                                                                                                                  
Hugh Caprio                              22    9911966936 BO26   confirmed J21                                                                                                                                                                                  
Gen Jokstar                              25    9234843930 BO27   confirmed J21                                                                                                                                                                                  
George Wheatley                          41    9434960411 BO28   confirmed J21                                                                                                                                                                                  
Gilliam Dennistar                        31    9023453947 BO29   confirmed J21                                                                                                                                                                                  
Fredling Jingis                          55    9900380089 BO30   confirmed J21                                                                                                                                                                                  
Ferb Kevlos                              66    2265315320 BO31   confirmed J21                                                                                                                                                                                  
Morgan Ellis                             65    1298973395 BO32   confirmed J21                                                                                                                                                                                  
David Decker                             34    9982350680 BO33   confirmed J21                                                                                                                                                                                  

NAME                                     AGE PHONE_NUMBER BOOKIN SEAT_STAT JOURN                                                                                                                                                                                
---------------------------------------- --- ------------ ------ --------- -----                                                                                                                                                                                
Jack Morris                              22    8809966936 BO34   confirmed J21                                                                                                                                                                                  
Genny Oliver                             49    9357843930 BO35   confirmed J21                                                                                                                                                                                  
Gerill Johnson                           19    4668960411 BO36   confirmed J21                                                                                                                                                                                  
Den Gillings                             33    7180193947 BO37   confirmed J21                                                                                                                                                                                  
Fredrick Willing                         58    6057381289 BO38   confirmed J21                                                                                                                                                                                  

38 rows selected.

SQL> DESC JOURNEY_DETAILS
 Name                                                                                                                                               Null?    Type
 -------------------------------------------------------------------------------------------------------------------------------------------------- -------- ---------------------------------------------------------------------------------------------------
 JOURNEY_ID                                                                                                                                         NOT NULL VARCHAR2(5)
 SOURCE                                                                                                                                             NOT NULL VARCHAR2(20)
 DESTINATION                                                                                                                                        NOT NULL VARCHAR2(20)
 JDDATE                                                                                                                                             NOT NULL DATE
 TTIME                                                                                                                                              NOT NULL TIMESTAMP(6)
 ON_BUS_SERVICE                                                                                                                                              VARCHAR2(10)
 BUS_ID                                                                                                                                             NOT NULL VARCHAR2(5)
 ROUTE_ID                                                                                                                                                    VARCHAR2(5)

SQL> SELECT PC.NAME,PC.AGE,PC.PHONE_NUMBER,PC.BOOKING_ID,PC.SEAT_STATUS,PC.JOURNEY_ID,JD.JDDATE JOURNEY DATE,JD.TTIME TIME FROM JOURNEY_DETAILS JD INNER JOIN (SELECT * FROM PASSENGER_DETAILS PD INNER JOIN CUSTOMER_BOOKING_DETAILS CBD ON PD.CUSTOMER_ID=CBD.CUSTOMER_ID) PC ON PC.JOURNEY_ID=JD.JOURNEY_ID AND JD.JOURNEY_ID='J21';
SELECT PC.NAME,PC.AGE,PC.PHONE_NUMBER,PC.BOOKING_ID,PC.SEAT_STATUS,PC.JOURNEY_ID,JD.JDDATE JOURNEY DATE,JD.TTIME TIME FROM JOURNEY_DETAILS JD INNER JOIN (SELECT * FROM PASSENGER_DETAILS PD INNER JOIN CUSTOMER_BOOKING_DETAILS CBD ON PD.CUSTOMER_ID=CBD.CUSTOMER_ID) PC ON PC.JOURNEY_ID=JD.JOURNEY_ID AND JD.JOURNEY_ID='J21'
                                                                                                   *
ERROR at line 1:
ORA-00923: FROM keyword not found where expected 


SQL> SELECT PC.NAME,PC.AGE,PC.PHONE_NUMBER,PC.BOOKING_ID,PC.SEAT_STATUS,PC.JOURNEY_ID,JD.JDDATE JOURNEY DATE,JD.TTIME TIME FROM JOURNEY_DETAILS JD INNER JOIN (SELECT * FROM PASSENGER_DETAILS PD INNER JOIN CUSTOMER_BOOKING_DETAILS CBD ON PD.CUSTOMER_ID=CBD.CUSTOMER_ID) PC ON PC.JOURNEY_ID=JD.JOURNEY_ID WHERE JD.JOURNEY_ID='J21';
SELECT PC.NAME,PC.AGE,PC.PHONE_NUMBER,PC.BOOKING_ID,PC.SEAT_STATUS,PC.JOURNEY_ID,JD.JDDATE JOURNEY DATE,JD.TTIME TIME FROM JOURNEY_DETAILS JD INNER JOIN (SELECT * FROM PASSENGER_DETAILS PD INNER JOIN CUSTOMER_BOOKING_DETAILS CBD ON PD.CUSTOMER_ID=CBD.CUSTOMER_ID) PC ON PC.JOURNEY_ID=JD.JOURNEY_ID WHERE JD.JOURNEY_ID='J21'
                                                                                                   *
ERROR at line 1:
ORA-00923: FROM keyword not found where expected 


SQL> SELECT PC.NAME,PC.AGE,PC.PHONE_NUMBER,PC.BOOKING_ID,PC.SEAT_STATUS,PC.JOURNEY_ID,JD.JDDATE JOURNEY DATE,JD.TTIME TIME FROM JOURNEY_DETAILS JD INNER JOIN (SELECT * FROM PASSENGER_DETAILS PD INNER JOIN CUSTOMER_BOOKING_DETAILS CBD ON PD.CUSTOMER_ID=CBD.CUSTOMER_ID) PC WHERE PC.JOURNEY_ID=JD.JOURNEY_ID AND JD.JOURNEY_ID='J21';
SELECT PC.NAME,PC.AGE,PC.PHONE_NUMBER,PC.BOOKING_ID,PC.SEAT_STATUS,PC.JOURNEY_ID,JD.JDDATE JOURNEY DATE,JD.TTIME TIME FROM JOURNEY_DETAILS JD INNER JOIN (SELECT * FROM PASSENGER_DETAILS PD INNER JOIN CUSTOMER_BOOKING_DETAILS CBD ON PD.CUSTOMER_ID=CBD.CUSTOMER_ID) PC WHERE PC.JOURNEY_ID=JD.JOURNEY_ID AND JD.JOURNEY_ID='J21'
                                                                                                   *
ERROR at line 1:
ORA-00923: FROM keyword not found where expected 


SQL> SELECT PC.NAME,PC.AGE,PC.PHONE_NUMBER,PC.BOOKING_ID,PC.SEAT_STATUS,PC.JOURNEY_ID,JD.JDDATE JOURNEY DATE,
  2  JD.TTIME TIME FROM JOURNEY_DETAILS JD INNER JOIN (SELECT * FROM PASSENGER_DETAILS PD INNER JOIN
  3  CUSTOMER_BOOKING_DETAILS CBD ON PD.CUSTOMER_ID=CBD.CUSTOMER_ID) PC WHERE PC.JOURNEY_ID=JD.JOURNEY_ID AND JD.JOURNEY_ID='J21';
SELECT PC.NAME,PC.AGE,PC.PHONE_NUMBER,PC.BOOKING_ID,PC.SEAT_STATUS,PC.JOURNEY_ID,JD.JDDATE JOURNEY DATE,
                                                                                                   *
ERROR at line 1:
ORA-00923: FROM keyword not found where expected 


SQL> SELECT PC.NAME,PC.AGE,PC.PHONE_NUMBER,PC.BOOKING_ID,PC.SEAT_STATUS,PC.JOURNEY_ID,JD.JDDATE JOURNEY_DATE,JD.TTIME TIME FROM JOURNEY_DETAILS JD INNER JOIN (SELECT * FROM PASSENGER_DETAILS PD INNER JOIN CUSTOMER_BOOKING_DETAILS CBD ON PD.CUSTOMER_ID=CBD.CUSTOMER_ID) PC WHERE PC.JOURNEY_ID=JD.JOURNEY_ID AND JD.JOURNEY_ID='J21';
SELECT PC.NAME,PC.AGE,PC.PHONE_NUMBER,PC.BOOKING_ID,PC.SEAT_STATUS,PC.JOURNEY_ID,JD.JDDATE JOURNEY_DATE,JD.TTIME TIME FROM JOURNEY_DETAILS JD INNER JOIN (SELECT * FROM PASSENGER_DETAILS PD INNER JOIN CUSTOMER_BOOKING_DETAILS CBD ON PD.CUSTOMER_ID=CBD.CUSTOMER_ID) PC WHERE PC.JOURNEY_ID=JD.JOURNEY_ID AND JD.JOURNEY_ID='J21'
                                                                                                                                                                                                                                                                           *
ERROR at line 1:
ORA-00905: missing keyword 


SQL> SELECT PC.NAME,PC.AGE,PC.PHONE_NUMBER,PC.BOOKING_ID,PC.SEAT_STATUS,PC.JOURNEY_ID,JD.JDDATE JOURNEY_DATE,
  2  JD.TTIME TIME FROM JOURNEY_DETAILS JD INNER JOIN (SELECT * FROM PASSENGER_DETAILS PD INNER JOIN
  3  CUSTOMER_BOOKING_DETAILS CBD ON PD.CUSTOMER_ID=CBD.CUSTOMER_ID) PC WHERE PC.JOURNEY_ID=JD.JOURNEY_ID AND JD.JOURNEY_ID='J21';
CUSTOMER_BOOKING_DETAILS CBD ON PD.CUSTOMER_ID=CBD.CUSTOMER_ID) PC WHERE PC.JOURNEY_ID=JD.JOURNEY_ID AND JD.JOURNEY_ID='J21'
                                                                   *
ERROR at line 3:
ORA-00905: missing keyword 


SQL> SELECT PC.NAME,PC.AGE,PC.PHONE_NUMBER,PC.BOOKING_ID,PC.SEAT_STATUS,PC.JOURNEY_ID,JD.JDDATE JOURNEY_DATE,
  2  JD.TTIME TIME FROM JOURNEY_DETAILS JD INNER JOIN (SELECT * FROM PASSENGER_DETAILS PD INNER JOIN
  3  CUSTOMER_BOOKING_DETAILS CBD ON PD.CUSTOMER_ID=CBD.CUSTOMER_ID) PC ON PC.JOURNEY_ID=JD.JOURNEY_ID WHERE JD.JOURNEY_ID='J21';

NAME                                     AGE PHONE_NUMBER BOOKIN SEAT_STAT JOURN JOURNEY_D TIME                                                                                                                                                                 
---------------------------------------- --- ------------ ------ --------- ----- --------- ---------------------------------------------------------------------------                                                                                          
Jamie Vardy                              22    3692029666 BO01   confirmed J21   05-JUL-19 05-JUL-19 06.00.00.000000 AM                                                                                                                                         
Adam Traore                              28    3381358905 BO02   confirmed J21   05-JUL-19 05-JUL-19 06.00.00.000000 AM                                                                                                                                         
Sandi Malls                              42    1564337985 BO03   confirmed J21   05-JUL-19 05-JUL-19 06.00.00.000000 AM                                                                                                                                         
Trent Arnold                             32    5485949405 BO04   confirmed J21   05-JUL-19 05-JUL-19 06.00.00.000000 AM                                                                                                                                         
Mike Forgo                               18    5934710388 BO05   confirmed J21   05-JUL-19 05-JUL-19 06.00.00.000000 AM                                                                                                                                         
Gabriel Foden                            25    9698291115 BO06   confirmed J21   05-JUL-19 05-JUL-19 06.00.00.000000 AM                                                                                                                                         
Phil Kevin                               52    2265315320 BO07   confirmed J21   05-JUL-19 05-JUL-19 06.00.00.000000 AM                                                                                                                                         
Eion Morgan                              46    1298973395 BO08   confirmed J21   05-JUL-19 05-JUL-19 06.00.00.000000 AM                                                                                                                                         
David Willis                             43    9982350680 BO09   confirmed J21   05-JUL-19 05-JUL-19 06.00.00.000000 AM                                                                                                                                         
Hugh Jackman                             29    8809966936 BO10   confirmed J21   05-JUL-19 05-JUL-19 06.00.00.000000 AM                                                                                                                                         
Genny Ollins                             29    9357843930 BO11   confirmed J21   05-JUL-19 05-JUL-19 06.00.00.000000 AM                                                                                                                                         

NAME                                     AGE PHONE_NUMBER BOOKIN SEAT_STAT JOURN JOURNEY_D TIME                                                                                                                                                                 
---------------------------------------- --- ------------ ------ --------- ----- --------- ---------------------------------------------------------------------------                                                                                          
George Weah                              49    4668960411 BO12   confirmed J21   05-JUL-19 05-JUL-19 06.00.00.000000 AM                                                                                                                                         
Gill Dennis                              35    7180193947 BO13   confirmed J21   05-JUL-19 05-JUL-19 06.00.00.000000 AM                                                                                                                                         
Fred Jinngs                              51    6057381289 BO14   confirmed J21   05-JUL-19 05-JUL-19 06.00.00.000000 AM                                                                                                                                         
Phoeb Kevin                              26    2265532012 BO15   confirmed J21   05-JUL-19 05-JUL-19 06.00.00.000000 AM                                                                                                                                         
Eion Morner                              16    9598973395 BO16   confirmed J21   05-JUL-19 05-JUL-19 06.00.00.000000 AM                                                                                                                                         
Rita Wallis                              43    9382930680 BO17   confirmed J21   05-JUL-19 05-JUL-19 06.00.00.000000 AM                                                                                                                                         
Hugli Jackler                            29    8839966936 BO18   confirmed J21   05-JUL-19 05-JUL-19 06.00.00.000000 AM                                                                                                                                         
Genny Ollins                             29     938753930 BO19   confirmed J21   05-JUL-19 05-JUL-19 06.00.00.000000 AM                                                                                                                                         
George Wowey                             49    9876960411 BO20   confirmed J21   05-JUL-19 05-JUL-19 06.00.00.000000 AM                                                                                                                                         
Gill Dennis                              35    9464193947 BO21   confirmed J21   05-JUL-19 05-JUL-19 06.00.00.000000 AM                                                                                                                                         
Fred Jinngs                              51    9443381289 BO22   confirmed J21   05-JUL-19 05-JUL-19 06.00.00.000000 AM                                                                                                                                         

NAME                                     AGE PHONE_NUMBER BOOKIN SEAT_STAT JOURN JOURNEY_D TIME                                                                                                                                                                 
---------------------------------------- --- ------------ ------ --------- ----- --------- ---------------------------------------------------------------------------                                                                                          
Phineas Kevester                         59    9005315320 BO23   confirmed J21   05-JUL-19 05-JUL-19 06.00.00.000000 AM                                                                                                                                         
Kallis Morgan                            41    9090973395 BO24   confirmed J21   05-JUL-19 05-JUL-19 06.00.00.000000 AM                                                                                                                                         
Dave Williamson                          48    9121350680 BO25   confirmed J21   05-JUL-19 05-JUL-19 06.00.00.000000 AM                                                                                                                                         
Hugh Caprio                              22    9911966936 BO26   confirmed J21   05-JUL-19 05-JUL-19 06.00.00.000000 AM                                                                                                                                         
Gen Jokstar                              25    9234843930 BO27   confirmed J21   05-JUL-19 05-JUL-19 06.00.00.000000 AM                                                                                                                                         
George Wheatley                          41    9434960411 BO28   confirmed J21   05-JUL-19 05-JUL-19 06.00.00.000000 AM                                                                                                                                         
Gilliam Dennistar                        31    9023453947 BO29   confirmed J21   05-JUL-19 05-JUL-19 06.00.00.000000 AM                                                                                                                                         
Fredling Jingis                          55    9900380089 BO30   confirmed J21   05-JUL-19 05-JUL-19 06.00.00.000000 AM                                                                                                                                         
Ferb Kevlos                              66    2265315320 BO31   confirmed J21   05-JUL-19 05-JUL-19 06.00.00.000000 AM                                                                                                                                         
Morgan Ellis                             65    1298973395 BO32   confirmed J21   05-JUL-19 05-JUL-19 06.00.00.000000 AM                                                                                                                                         
David Decker                             34    9982350680 BO33   confirmed J21   05-JUL-19 05-JUL-19 06.00.00.000000 AM                                                                                                                                         

NAME                                     AGE PHONE_NUMBER BOOKIN SEAT_STAT JOURN JOURNEY_D TIME                                                                                                                                                                 
---------------------------------------- --- ------------ ------ --------- ----- --------- ---------------------------------------------------------------------------                                                                                          
Jack Morris                              22    8809966936 BO34   confirmed J21   05-JUL-19 05-JUL-19 06.00.00.000000 AM                                                                                                                                         
Genny Oliver                             49    9357843930 BO35   confirmed J21   05-JUL-19 05-JUL-19 06.00.00.000000 AM                                                                                                                                         
Gerill Johnson                           19    4668960411 BO36   confirmed J21   05-JUL-19 05-JUL-19 06.00.00.000000 AM                                                                                                                                         
Den Gillings                             33    7180193947 BO37   confirmed J21   05-JUL-19 05-JUL-19 06.00.00.000000 AM                                                                                                                                         
Fredrick Willing                         58    6057381289 BO38   confirmed J21   05-JUL-19 05-JUL-19 06.00.00.000000 AM                                                                                                                                         

38 rows selected.

SQL> SELECT PC.NAME,PC.AGE,PC.PHONE_NUMBER,PC.BOOKING_ID,PC.SEAT_STATUS,PC.JOURNEY_ID,JD.JDDATE JOURNEY_DATE,JD.TTIME TIME FROM JOURNEY_DETAILS JD INNER JOIN (SELECT * FROM PASSENGER_DETAILS PD INNER JOINCUSTOMER_BOOKING_DETAILS CBD ON PD.CUSTOMER_ID=CBD.CUSTOMER_ID) PC ON PC.JOURNEY_ID=JD.JOURNEY_ID WHERE JD.JOURNEY_ID='J21';
SELECT PC.NAME,PC.AGE,PC.PHONE_NUMBER,PC.BOOKING_ID,PC.SEAT_STATUS,PC.JOURNEY_ID,JD.JDDATE JOURNEY_DATE,JD.TTIME TIME FROM JOURNEY_DETAILS JD INNER JOIN (SELECT * FROM PASSENGER_DETAILS PD INNER JOINCUSTOMER_BOOKING_DETAILS CBD ON PD.CUSTOMER_ID=CBD.CUSTOMER_ID) PC ON PC.JOURNEY_ID=JD.JOURNEY_ID WHERE JD.JOURNEY_ID='J21'
                                                                                                                                                                                                   *
ERROR at line 1:
ORA-00905: missing keyword 


SQL> SELECT PC.NAME,PC.AGE,PC.PHONE_NUMBER,PC.BOOKING_ID,PC.SEAT_STATUS,PC.JOURNEY_ID,JD.JDDATE JOURNEY_DATE,JD.TTIME TIME FROM JOURNEY_DETAILS JD INNER JOIN (SELECT * FROM PASSENGER_DETAILS PD INNER JOIN CUSTOMER_BOOKING_DETAILS CBD ON PD.CUSTOMER_ID=CBD.CUSTOMER_ID) PC ON PC.JOURNEY_ID=JD.JOURNEY_ID WHERE JD.JOURNEY_ID='J21';

NAME                                     AGE PHONE_NUMBER BOOKIN SEAT_STAT JOURN JOURNEY_D TIME                                                                                                                                                                 
---------------------------------------- --- ------------ ------ --------- ----- --------- ---------------------------------------------------------------------------                                                                                          
Jamie Vardy                              22    3692029666 BO01   confirmed J21   05-JUL-19 05-JUL-19 06.00.00.000000 AM                                                                                                                                         
Adam Traore                              28    3381358905 BO02   confirmed J21   05-JUL-19 05-JUL-19 06.00.00.000000 AM                                                                                                                                         
Sandi Malls                              42    1564337985 BO03   confirmed J21   05-JUL-19 05-JUL-19 06.00.00.000000 AM                                                                                                                                         
Trent Arnold                             32    5485949405 BO04   confirmed J21   05-JUL-19 05-JUL-19 06.00.00.000000 AM                                                                                                                                         
Mike Forgo                               18    5934710388 BO05   confirmed J21   05-JUL-19 05-JUL-19 06.00.00.000000 AM                                                                                                                                         
Gabriel Foden                            25    9698291115 BO06   confirmed J21   05-JUL-19 05-JUL-19 06.00.00.000000 AM                                                                                                                                         
Phil Kevin                               52    2265315320 BO07   confirmed J21   05-JUL-19 05-JUL-19 06.00.00.000000 AM                                                                                                                                         
Eion Morgan                              46    1298973395 BO08   confirmed J21   05-JUL-19 05-JUL-19 06.00.00.000000 AM                                                                                                                                         
David Willis                             43    9982350680 BO09   confirmed J21   05-JUL-19 05-JUL-19 06.00.00.000000 AM                                                                                                                                         
Hugh Jackman                             29    8809966936 BO10   confirmed J21   05-JUL-19 05-JUL-19 06.00.00.000000 AM                                                                                                                                         
Genny Ollins                             29    9357843930 BO11   confirmed J21   05-JUL-19 05-JUL-19 06.00.00.000000 AM                                                                                                                                         

NAME                                     AGE PHONE_NUMBER BOOKIN SEAT_STAT JOURN JOURNEY_D TIME                                                                                                                                                                 
---------------------------------------- --- ------------ ------ --------- ----- --------- ---------------------------------------------------------------------------                                                                                          
George Weah                              49    4668960411 BO12   confirmed J21   05-JUL-19 05-JUL-19 06.00.00.000000 AM                                                                                                                                         
Gill Dennis                              35    7180193947 BO13   confirmed J21   05-JUL-19 05-JUL-19 06.00.00.000000 AM                                                                                                                                         
Fred Jinngs                              51    6057381289 BO14   confirmed J21   05-JUL-19 05-JUL-19 06.00.00.000000 AM                                                                                                                                         
Phoeb Kevin                              26    2265532012 BO15   confirmed J21   05-JUL-19 05-JUL-19 06.00.00.000000 AM                                                                                                                                         
Eion Morner                              16    9598973395 BO16   confirmed J21   05-JUL-19 05-JUL-19 06.00.00.000000 AM                                                                                                                                         
Rita Wallis                              43    9382930680 BO17   confirmed J21   05-JUL-19 05-JUL-19 06.00.00.000000 AM                                                                                                                                         
Hugli Jackler                            29    8839966936 BO18   confirmed J21   05-JUL-19 05-JUL-19 06.00.00.000000 AM                                                                                                                                         
Genny Ollins                             29     938753930 BO19   confirmed J21   05-JUL-19 05-JUL-19 06.00.00.000000 AM                                                                                                                                         
George Wowey                             49    9876960411 BO20   confirmed J21   05-JUL-19 05-JUL-19 06.00.00.000000 AM                                                                                                                                         
Gill Dennis                              35    9464193947 BO21   confirmed J21   05-JUL-19 05-JUL-19 06.00.00.000000 AM                                                                                                                                         
Fred Jinngs                              51    9443381289 BO22   confirmed J21   05-JUL-19 05-JUL-19 06.00.00.000000 AM                                                                                                                                         

NAME                                     AGE PHONE_NUMBER BOOKIN SEAT_STAT JOURN JOURNEY_D TIME                                                                                                                                                                 
---------------------------------------- --- ------------ ------ --------- ----- --------- ---------------------------------------------------------------------------                                                                                          
Phineas Kevester                         59    9005315320 BO23   confirmed J21   05-JUL-19 05-JUL-19 06.00.00.000000 AM                                                                                                                                         
Kallis Morgan                            41    9090973395 BO24   confirmed J21   05-JUL-19 05-JUL-19 06.00.00.000000 AM                                                                                                                                         
Dave Williamson                          48    9121350680 BO25   confirmed J21   05-JUL-19 05-JUL-19 06.00.00.000000 AM                                                                                                                                         
Hugh Caprio                              22    9911966936 BO26   confirmed J21   05-JUL-19 05-JUL-19 06.00.00.000000 AM                                                                                                                                         
Gen Jokstar                              25    9234843930 BO27   confirmed J21   05-JUL-19 05-JUL-19 06.00.00.000000 AM                                                                                                                                         
George Wheatley                          41    9434960411 BO28   confirmed J21   05-JUL-19 05-JUL-19 06.00.00.000000 AM                                                                                                                                         
Gilliam Dennistar                        31    9023453947 BO29   confirmed J21   05-JUL-19 05-JUL-19 06.00.00.000000 AM                                                                                                                                         
Fredling Jingis                          55    9900380089 BO30   confirmed J21   05-JUL-19 05-JUL-19 06.00.00.000000 AM                                                                                                                                         
Ferb Kevlos                              66    2265315320 BO31   confirmed J21   05-JUL-19 05-JUL-19 06.00.00.000000 AM                                                                                                                                         
Morgan Ellis                             65    1298973395 BO32   confirmed J21   05-JUL-19 05-JUL-19 06.00.00.000000 AM                                                                                                                                         
David Decker                             34    9982350680 BO33   confirmed J21   05-JUL-19 05-JUL-19 06.00.00.000000 AM                                                                                                                                         

NAME                                     AGE PHONE_NUMBER BOOKIN SEAT_STAT JOURN JOURNEY_D TIME                                                                                                                                                                 
---------------------------------------- --- ------------ ------ --------- ----- --------- ---------------------------------------------------------------------------                                                                                          
Jack Morris                              22    8809966936 BO34   confirmed J21   05-JUL-19 05-JUL-19 06.00.00.000000 AM                                                                                                                                         
Genny Oliver                             49    9357843930 BO35   confirmed J21   05-JUL-19 05-JUL-19 06.00.00.000000 AM                                                                                                                                         
Gerill Johnson                           19    4668960411 BO36   confirmed J21   05-JUL-19 05-JUL-19 06.00.00.000000 AM                                                                                                                                         
Den Gillings                             33    7180193947 BO37   confirmed J21   05-JUL-19 05-JUL-19 06.00.00.000000 AM                                                                                                                                         
Fredrick Willing                         58    6057381289 BO38   confirmed J21   05-JUL-19 05-JUL-19 06.00.00.000000 AM                                                                                                                                         

38 rows selected.

SQL> SELECT * FROM BUS_DETAILS;

BUS_I BUS_TYPE  AC_NON SEAT_STRENGTH OWNER_ LEASE_STAT                                                                                                                                                                                                          
----- --------- ------ ------------- ------ ----------                                                                                                                                                                                                          
B01   seater    ac                42 GJ4895 leased                                                                                                                                                                                                              
B02   seater    ac                42 GJ6197 leased                                                                                                                                                                                                              
B03   seater    ac                42 GJ6138 leased                                                                                                                                                                                                              
B04   seater    non-ac            42 GJ3125 not leased                                                                                                                                                                                                          
B05   seater    non-ac            42 GJ8873 not leased                                                                                                                                                                                                          
B06   seater    non-ac            42 GJ1123 not leased                                                                                                                                                                                                          
B07   sleeper   ac                42 GJ2255 leased                                                                                                                                                                                                              
B08   sleeper   ac                42 GJ3333 leased                                                                                                                                                                                                              
B09   sleeper   ac                42 GJ8305 leased                                                                                                                                                                                                              
B10   sleeper   non-ac            42 GJ8305 not leased                                                                                                                                                                                                          
B11   sleeper   non-ac            42 GJ4692 not leased                                                                                                                                                                                                          

BUS_I BUS_TYPE  AC_NON SEAT_STRENGTH OWNER_ LEASE_STAT                                                                                                                                                                                                          
----- --------- ------ ------------- ------ ----------                                                                                                                                                                                                          
B12   sleeper   non-ac            42 GJ2182 not leased                                                                                                                                                                                                          

12 rows selected.

SQL> SELECT * FROM GARAGE_DETAILS
  2  ;

GARAG BUS_I NAME                                     ADDRESS                                                                                                                                                                                                    
----- ----- ---------------------------------------- ------------------------------------------------------------------------------------------------------------------------                                                                                   
G11   B01   Wiser Automotives                        Ground Floor, Tushar Complex, Waghodia, Vadodara, Gujarat                                                                                                                                                  
G12   B02   Wiser Automotives                        Ground Floor, Tushar Complex, Waghodia, Vadodara, Guajarat                                                                                                                                                 
G21   B03   Pfizer Repair Works                      GF-1 Repair Works, Opposite BMC Office , Kandivali, Mumbai , Maharashtra                                                                                                                                   
G31   B04   Walker Works                             GF-3 Gajendra Building, Besides HDFC Office Building-1, Jaipur, Rajashthan                                                                                                                                 
G41   B05   Winston Works for Vehicles               GF-3 Hanistan Complex, Besides SBI Main Office, Paldi, Ahmedabad, Gujarat                                                                                                                                  
G42   B06   Winston Works for Vehicles               GF-3 Hanistan Complex, Besides SBI Main Office, Paldi, Ahmedabad, Gujarat                                                                                                                                  
G43   B07   Winston Works for Vehicles               GF-3 Hanistan Complex, Besides SBI Main Office, Paldi, Ahmedabad, Gujarat                                                                                                                                  
G51   B08   Broline Motor Works                      Rakoom Complex, Besides SBI Main Office, Bharuch, Gujarat                                                                                                                                                  
G52   B09   Broline Motor Works                      Rakoom Complex, Besides SBI Main Office, Bharuch, Gujarat                                                                                                                                                  
G61   B10   Westminster Repair Works                 GF-3 Garud Building, Besides LIC Office Building-1, North-Noida , Delhi                                                                                                                                    
G62   B11   Westminster Repair Works                 GF-3 Garud Building, Besides LIC Office Building-1, North-Noida , Delhi                                                                                                                                    

GARAG BUS_I NAME                                     ADDRESS                                                                                                                                                                                                    
----- ----- ---------------------------------------- ------------------------------------------------------------------------------------------------------------------------                                                                                   
G71   B12   Wastran Repair Works                     Jatayu Building, Besides St.Xavier Office, North-Panji , Goa                                                                                                                                               

12 rows selected.

SQL> SELECT B.BUS_ID,B.BUS_TYPE,B.AC_NON_AC,B.OWNER_ID,G.NAME MECHANIC,G.GARAGE_ID,G.ADDRESS FROM BUS_DETAILS B JOIN GARAGE_DETAILS G ON B.BUS_ID=G.BUS_ID WHERE G.GARAGE_ID='G42';
SELECT B.BUS_ID,B.BUS_TYPE,B.AC_NON_AC,B.OWNER_ID,G.NAME MECHANIC,G.GARAGE_ID,G.ADDRESS FROM BUS_DETAILS B JOIN GARAGE_DETAILS G ON B.BUS_ID=G.BUS_ID WHERE G.GARAGE_ID='G42'
                                       *
ERROR at line 1:
ORA-00904: "B"."OWNER_ID": invalid identifier 


SQL> DESC BUS_DETAILS;
 Name                                                                                                                                               Null?    Type
 -------------------------------------------------------------------------------------------------------------------------------------------------- -------- ---------------------------------------------------------------------------------------------------
 BUS_ID                                                                                                                                             NOT NULL VARCHAR2(5)
 BUS_TYPE                                                                                                                                           NOT NULL VARCHAR2(9)
 AC_NONAC                                                                                                                                           NOT NULL VARCHAR2(6)
 SEAT_STRENGTH                                                                                                                                      NOT NULL NUMBER(2)
 OWNER_REG                                                                                                                                          NOT NULL VARCHAR2(6)
 LEASE_STATUS                                                                                                                                                VARCHAR2(10)

SQL> SELECT B.BUS_ID,B.BUS_TYPE,B.AC_NON_AC,B.OWNER_REG,G.NAME MECHANIC,G.GARAGE_ID,G.ADDRESS FROM BUS_DETAILS B JOIN GARAGE_DETAILS G ON B.BUS_ID=G.BUS_ID WHERE G.GARAGE_ID='G42';
SELECT B.BUS_ID,B.BUS_TYPE,B.AC_NON_AC,B.OWNER_REG,G.NAME MECHANIC,G.GARAGE_ID,G.ADDRESS FROM BUS_DETAILS B JOIN GARAGE_DETAILS G ON B.BUS_ID=G.BUS_ID WHERE G.GARAGE_ID='G42'
                           *
ERROR at line 1:
ORA-00904: "B"."AC_NON_AC": invalid identifier 


SQL> SELECT B.BUS_ID,B.BUS_TYPE,B.AC_NONAC,B.OWNER_REG,G.NAME MECHANIC,G.GARAGE_ID,G.ADDRESS FROM BUS_DETAILS B JOIN GARAGE_DETAILS G ON B.BUS_ID=G.BUS_ID WHERE G.GARAGE_ID='G42';

BUS_I BUS_TYPE  AC_NON OWNER_ MECHANIC                                 GARAG ADDRESS                                                                                                                                                                            
----- --------- ------ ------ ---------------------------------------- ----- ------------------------------------------------------------------------------------------------------------------------                                                           
B06   seater    non-ac GJ1123 Winston Works for Vehicles               G42   GF-3 Hanistan Complex, Besides SBI Main Office, Paldi, Ahmedabad, Gujarat                                                                                                          

SQL> SELECT J.JOURNEY_ID,B.BUS_ID FROM JOURNEY_DETAILS INNER JOIN BUS_DETAILS ON J.BUS_ID=B.BUS_ID WHERE J.JDDATE=TO_DATE('05-07-2019','DD-MM-YYYY') AND J.TTIME='05-JULY-2019 06:00:00 AM';
SELECT J.JOURNEY_ID,B.BUS_ID FROM JOURNEY_DETAILS INNER JOIN BUS_DETAILS ON J.BUS_ID=B.BUS_ID WHERE J.JDDATE=TO_DATE('05-07-2019','DD-MM-YYYY') AND J.TTIME='05-JULY-2019 06:00:00 AM'
                                                                                     *
ERROR at line 1:
ORA-00904: "B"."BUS_ID": invalid identifier 


SQL> SELECT J.JOURNEY_ID,B.BUS_ID FROM JOURNEY_DETAILS J INNER JOIN BUS_DETAILS B ON J.BUS_ID=B.BUS_ID WHERE J.JDDATE=TO_DATE('05-07-2019','DD-MM-YYYY') AND J.TTIME='05-JULY-2019 06:00:00 AM';

JOURN BUS_I                                                                                                                                                                                                                                                     
----- -----                                                                                                                                                                                                                                                     
J21   B02                                                                                                                                                                                                                                                       
J61   B04                                                                                                                                                                                                                                                       
J101  B06                                                                                                                                                                                                                                                       

SQL> SELECT J.JOURNEY_ID,B.BUS_ID FROM JOURNEY_DETAILS J INNER JOIN BUS_DETAILS B ON J.BUS_ID=B.BUS_ID WHERE J.JDDATE=TO_DATE('05-07-2019','DD-MM-YYYY') AND J.TTIME='05-JULY-2019 06:00:00 AM' AND J.JOURNEY_ID='J21';

JOURN BUS_I                                                                                                                                                                                                                                                     
----- -----                                                                                                                                                                                                                                                     
J21   B02                                                                                                                                                                                                                                                       

SQL> (SELECT * FROM JOURNEY_DETAILS J INNER JOIN BUS_DETAILS B ON J.BUS_ID=B.BUS_ID WHERE J.JDDATE=TO_DATE('05-07-2019','DD-MM-YYYY') AND J.TTIME='05-JULY-2019 06:00:00 AM' AND B.BUS_ID='B02) ;
ERROR:
ORA-01756: quoted string not properly terminated 


SQL> (SELECT * FROM JOURNEY_DETAILS J INNER JOIN BUS_DETAILS B ON J.BUS_ID=B.BUS_ID WHERE J.JDDATE=TO_DATE('05-07-2019','DD-MM-YYYY') AND J.TTIME='05-JULY-2019 06:00:00 AM' AND B.BUS_ID='B02') ;

JOURN SOURCE               DESTINATION          JDDATE    TTIME                                                                       ON_BUS_SER BUS_I ROUTE BUS_I BUS_TYPE  AC_NON SEAT_STRENGTH OWNER_ LEASE_STAT                                             
----- -------------------- -------------------- --------- --------------------------------------------------------------------------- ---------- ----- ----- ----- --------- ------ ------------- ------ ----------                                             
J21   BHARUCH              VADODARA             05-JUL-19 05-JUL-19 06.00.00.000000 AM                                                no         B02   R61   B02   seater    ac                42 GJ6197 leased                                                 

SQL> SELECT BO.BOOKING_ID,BO.CUSTOMER_ID FROM CUSTOMER_BOOKING_DETAILS BO INNER JOIN (SELECT * FROM JOURNEY_DETAILS J INNER JOIN BUS_DETAILS B ON J.BUS_ID=B.BUS_ID WHERE J.JDDATE=TO_DATE('05-07-2019','DD-MM-YYYY') AND J.TTIME='05-JULY-2019 06:00:00 AM' AND B.BUS_ID='B02') BJ ;
SELECT BO.BOOKING_ID,BO.CUSTOMER_ID FROM CUSTOMER_BOOKING_DETAILS BO INNER JOIN (SELECT * FROM JOURNEY_DETAILS J INNER JOIN BUS_DETAILS B ON J.BUS_ID=B.BUS_ID WHERE J.JDDATE=TO_DATE('05-07-2019','DD-MM-YYYY') AND J.TTIME='05-JULY-2019 06:00:00 AM' AND B.BUS_ID='B02') BJ 
                                                                                                                                                                                                                                                                              *
ERROR at line 1:
ORA-00905: missing keyword 


SQL> SELECT BO.BOOKING_ID,BO.CUSTOMER_ID FROM CUSTOMER_BOOKING_DETAILS BO INNER JOIN (SELECT * FROM JOURNEY_DETAILS J INNER JOIN BUS_DETAILS B ON J.BUS_ID=B.BUS_ID WHERE J.JDDATE=TO_DATE('05-07-2019','DD-MM-YYYY') AND J.TTIME='05-JULY-2019 06:00:00 AM' AND B.BUS_ID='B02') BJ ON BJ.JOURNEY_ID=BO.JOURNEY_ID;

BOOKIN CUSTO                                                                                                                                                                                                                                                    
------ -----                                                                                                                                                                                                                                                    
BO01   C01                                                                                                                                                                                                                                                      
BO02   C02                                                                                                                                                                                                                                                      
BO03   C03                                                                                                                                                                                                                                                      
BO04   C04                                                                                                                                                                                                                                                      
BO05   C05                                                                                                                                                                                                                                                      
BO06   C06                                                                                                                                                                                                                                                      
BO07   C07                                                                                                                                                                                                                                                      
BO08   C08                                                                                                                                                                                                                                                      
BO09   C09                                                                                                                                                                                                                                                      
BO10   C10                                                                                                                                                                                                                                                      
BO11   C11                                                                                                                                                                                                                                                      

BOOKIN CUSTO                                                                                                                                                                                                                                                    
------ -----                                                                                                                                                                                                                                                    
BO12   C12                                                                                                                                                                                                                                                      
BO13   C13                                                                                                                                                                                                                                                      
BO14   C14                                                                                                                                                                                                                                                      
BO15   C15                                                                                                                                                                                                                                                      
BO16   C16                                                                                                                                                                                                                                                      
BO17   C17                                                                                                                                                                                                                                                      
BO18   C18                                                                                                                                                                                                                                                      
BO19   C19                                                                                                                                                                                                                                                      
BO20   C20                                                                                                                                                                                                                                                      
BO21   C21                                                                                                                                                                                                                                                      
BO22   C22                                                                                                                                                                                                                                                      

BOOKIN CUSTO                                                                                                                                                                                                                                                    
------ -----                                                                                                                                                                                                                                                    
BO23   C23                                                                                                                                                                                                                                                      
BO24   C24                                                                                                                                                                                                                                                      
BO25   C25                                                                                                                                                                                                                                                      
BO26   C26                                                                                                                                                                                                                                                      
BO27   C27                                                                                                                                                                                                                                                      
BO28   C28                                                                                                                                                                                                                                                      
BO29   C29                                                                                                                                                                                                                                                      
BO30   C30                                                                                                                                                                                                                                                      
BO31   C31                                                                                                                                                                                                                                                      
BO32   C32                                                                                                                                                                                                                                                      
BO33   C33                                                                                                                                                                                                                                                      

BOOKIN CUSTO                                                                                                                                                                                                                                                    
------ -----                                                                                                                                                                                                                                                    
BO34   C34                                                                                                                                                                                                                                                      
BO35   C35                                                                                                                                                                                                                                                      
BO36   C36                                                                                                                                                                                                                                                      
BO37   C37                                                                                                                                                                                                                                                      
BO38   C38                                                                                                                                                                                                                                                      

38 rows selected.

SQL> SELECT P.CUSTOMER_ID,P.NAME,P.PHONE_NUMBER,JCB.TTIME DATE_TIME,JCB.JOURNEY_ID,JCB.BUS_ID,JCB.BOOKING_ID FROM PASSENGER_DETAILS P INNER JOIN (SELECT * FROM CUSTOMER_BOOKING_DETAILS BO INNER JOIN (SELECT * FROM JOURNEY_DETAILS J INNER JOIN BUS_DETAILS B ON J.BUS_ID=B.BUS_ID WHERE J.JDDATE=TO_DATE('05-07-2019','DD-MM-YYYY') AND J.TTIME='05-JULY-2019 06:00:00 AM' AND B.BUS_ID='B02') BJ ON BJ.JOURNEY_ID=BO.JOURNEY_ID) JCB ON P.CUSTOMER_ID=JCB.CUSTOMER_ID WHERE SEAT_STATUS='Confirmed';
SELECT P.CUSTOMER_ID,P.NAME,P.PHONE_NUMBER,JCB.TTIME DATE_TIME,JCB.JOURNEY_ID,JCB.BUS_ID,JCB.BOOKING_ID FROM PASSENGER_DETAILS P INNER JOIN (SELECT * FROM CUSTOMER_BOOKING_DETAILS BO INNER JOIN (SELECT * FROM JOURNEY_DETAILS J INNER JOIN BUS_DETAILS B ON J.BUS_ID=B.BUS_ID WHERE J.JDDATE=TO_DATE('05-07-2019','DD-MM-YYYY') AND J.TTIME='05-JULY-2019 06:00:00 AM' AND B.BUS_ID='B02') BJ ON BJ.JOURNEY_ID=BO.JOURNEY_ID) JCB ON P.CUSTOMER_ID=JCB.CUSTOMER_ID WHERE SEAT_STATUS='Confirmed'
                                                                              *
ERROR at line 1:
ORA-00904: "JCB"."BUS_ID": invalid identifier 


SQL> SELECT P.CUSTOMER_ID,P.NAME,P.PHONE_NUMBER,JCB.TTIME DATE_TIME,JCB.JOURNEY_ID,JCB.BOOKING_ID FROM PASSENGER_DETAILS P INNER JOIN (SELECT * FROM CUSTOMER_BOOKING_DETAILS BO INNER JOIN (SELECT * FROM JOURNEY_DETAILS J INNER JOIN BUS_DETAILS B ON J.BUS_ID=B.BUS_ID WHERE J.JDDATE=TO_DATE('05-07-2019','DD-MM-YYYY') AND J.TTIME='05-JULY-2019 06:00:00 AM' AND B.BUS_ID='B02') BJ ON BJ.JOURNEY_ID=BO.JOURNEY_ID) JCB ON P.CUSTOMER_ID=JCB.CUSTOMER_ID WHERE SEAT_STATUS='Confirmed';
SELECT P.CUSTOMER_ID,P.NAME,P.PHONE_NUMBER,JCB.TTIME DATE_TIME,JCB.JOURNEY_ID,JCB.BOOKING_ID FROM PASSENGER_DETAILS P INNER JOIN (SELECT * FROM CUSTOMER_BOOKING_DETAILS BO INNER JOIN (SELECT * FROM JOURNEY_DETAILS J INNER JOIN BUS_DETAILS B ON J.BUS_ID=B.BUS_ID WHERE J.JDDATE=TO_DATE('05-07-2019','DD-MM-YYYY') AND J.TTIME='05-JULY-2019 06:00:00 AM' AND B.BUS_ID='B02') BJ ON BJ.JOURNEY_ID=BO.JOURNEY_ID) JCB ON P.CUSTOMER_ID=JCB.CUSTOMER_ID WHERE SEAT_STATUS='Confirmed'
                                                               *
ERROR at line 1:
ORA-00904: "JCB"."JOURNEY_ID": invalid identifier 


SQL> SELECT P.CUSTOMER_ID,P.NAME,P.PHONE_NUMBER,JCB.TTIME DATE_TIME,B.BUS_ID,J.JOURNEY_ID,JCB.BUS_ID,JCB.BOOKING_ID FROM PASSENGER_DETAILS P INNER JOIN (SELECT * FROM CUSTOMER_BOOKING_DETAILS BO INNER JOIN (SELECT * FROM JOURNEY_DETAILS J INNER JOIN BUS_DETAILS B ON J.BUS_ID=B.BUS_ID WHERE J.JDDATE=TO_DATE('05-07-2019','DD-MM-YYYY') AND J.TTIME='05-JULY-2019 06:00:00 AM' AND B.BUS_ID='B02') BJ ON BJ.JOURNEY_ID=BO.JOURNEY_ID) JCB ON P.CUSTOMER_ID=JCB.CUSTOMER_ID WHERE SEAT_STATUS='Confirmed';
SELECT P.CUSTOMER_ID,P.NAME,P.PHONE_NUMBER,JCB.TTIME DATE_TIME,B.BUS_ID,J.JOURNEY_ID,JCB.BUS_ID,JCB.BOOKING_ID FROM PASSENGER_DETAILS P INNER JOIN (SELECT * FROM CUSTOMER_BOOKING_DETAILS BO INNER JOIN (SELECT * FROM JOURNEY_DETAILS J INNER JOIN BUS_DETAILS B ON J.BUS_ID=B.BUS_ID WHERE J.JDDATE=TO_DATE('05-07-2019','DD-MM-YYYY') AND J.TTIME='05-JULY-2019 06:00:00 AM' AND B.BUS_ID='B02') BJ ON BJ.JOURNEY_ID=BO.JOURNEY_ID) JCB ON P.CUSTOMER_ID=JCB.CUSTOMER_ID WHERE SEAT_STATUS='Confirmed'
                                                                                     *
ERROR at line 1:
ORA-00904: "JCB"."BUS_ID": invalid identifier 


SQL> SELECT P.CUSTOMER_ID,P.NAME,P.PHONE_NUMBER,JCB.TTIME DATE_TIME,B.BUS_ID,J.JOURNEY_ID,JCB.BOOKING_ID FROM PASSENGER_DETAILS P INNER JOIN (SELECT * FROM CUSTOMER_BOOKING_DETAILS BO INNER JOIN (SELECT * FROM JOURNEY_DETAILS J INNER JOIN BUS_DETAILS B ON J.BUS_ID=B.BUS_ID WHERE J.JDDATE=TO_DATE('05-07-2019','DD-MM-YYYY') AND J.TTIME='05-JULY-2019 06:00:00 AM' AND B.BUS_ID='B02') BJ ON BJ.JOURNEY_ID=BO.JOURNEY_ID) JCB ON P.CUSTOMER_ID=JCB.CUSTOMER_ID WHERE SEAT_STATUS='Confirmed';
SELECT P.CUSTOMER_ID,P.NAME,P.PHONE_NUMBER,JCB.TTIME DATE_TIME,B.BUS_ID,J.JOURNEY_ID,JCB.BOOKING_ID FROM PASSENGER_DETAILS P INNER JOIN (SELECT * FROM CUSTOMER_BOOKING_DETAILS BO INNER JOIN (SELECT * FROM JOURNEY_DETAILS J INNER JOIN BUS_DETAILS B ON J.BUS_ID=B.BUS_ID WHERE J.JDDATE=TO_DATE('05-07-2019','DD-MM-YYYY') AND J.TTIME='05-JULY-2019 06:00:00 AM' AND B.BUS_ID='B02') BJ ON BJ.JOURNEY_ID=BO.JOURNEY_ID) JCB ON P.CUSTOMER_ID=JCB.CUSTOMER_ID WHERE SEAT_STATUS='Confirmed'
                                                                        *
ERROR at line 1:
ORA-00904: "J"."JOURNEY_ID": invalid identifier 


SQL> (SELECT * FROM CUSTOMER_BOOKING_DETAILS BO INNER JOIN (SELECT * FROM JOURNEY_DETAILS J INNER JOIN BUS_DETAILS B ON J.BUS_ID=B.BUS_ID WHERE J.JDDATE=TO_DATE('05-07-2019','DD-MM-YYYY') AND J.TTIME='05-JULY-2019 06:00:00 AM' AND B.BUS_ID='B02') BJ ON BJ.JOURNEY_ID=BO.JOURNEY_ID)
  2  ;

BOOKIN SEAT_STAT BOOKING_D TRAVEL_DA JOURN   SEAT_NUM CUSTO JOURN SOURCE               DESTINATION          JDDATE    TTIME                                                                       ON_BUS_SER QCSJ_ ROUTE QCSJ_ BUS_TYPE  AC_NON SEAT_STRENGTH   
------ --------- --------- --------- ----- ---------- ----- ----- -------------------- -------------------- --------- --------------------------------------------------------------------------- ---------- ----- ----- ----- --------- ------ -------------   
OWNER_ LEASE_STAT                                                                                                                                                                                                                                               
------ ----------                                                                                                                                                                                                                                               
BO01   confirmed 03-JUL-19 05-JUL-19 J21           21 C01   J21   BHARUCH              VADODARA             05-JUL-19 05-JUL-19 06.00.00.000000 AM                                                no         B02   R61   B02   seater    ac                42   
GJ6197 leased                                                                                                                                                                                                                                                   
                                                                                                                                                                                                                                                                
BO02   confirmed 03-JUL-19 05-JUL-19 J21           22 C02   J21   BHARUCH              VADODARA             05-JUL-19 05-JUL-19 06.00.00.000000 AM                                                no         B02   R61   B02   seater    ac                42   
GJ6197 leased                                                                                                                                                                                                                                                   
                                                                                                                                                                                                                                                                
BO03   confirmed 03-JUL-19 05-JUL-19 J21           23 C03   J21   BHARUCH              VADODARA             05-JUL-19 05-JUL-19 06.00.00.000000 AM                                                no         B02   R61   B02   seater    ac                42   
GJ6197 leased                                                                                                                                                                                                                                                   
                                                                                                                                                                                                                                                                

BOOKIN SEAT_STAT BOOKING_D TRAVEL_DA JOURN   SEAT_NUM CUSTO JOURN SOURCE               DESTINATION          JDDATE    TTIME                                                                       ON_BUS_SER QCSJ_ ROUTE QCSJ_ BUS_TYPE  AC_NON SEAT_STRENGTH   
------ --------- --------- --------- ----- ---------- ----- ----- -------------------- -------------------- --------- --------------------------------------------------------------------------- ---------- ----- ----- ----- --------- ------ -------------   
OWNER_ LEASE_STAT                                                                                                                                                                                                                                               
------ ----------                                                                                                                                                                                                                                               
BO04   confirmed 03-JUL-19 05-JUL-19 J21           24 C04   J21   BHARUCH              VADODARA             05-JUL-19 05-JUL-19 06.00.00.000000 AM                                                no         B02   R61   B02   seater    ac                42   
GJ6197 leased                                                                                                                                                                                                                                                   
                                                                                                                                                                                                                                                                
BO05   confirmed 03-JUL-19 05-JUL-19 J21           25 C05   J21   BHARUCH              VADODARA             05-JUL-19 05-JUL-19 06.00.00.000000 AM                                                no         B02   R61   B02   seater    ac                42   
GJ6197 leased                                                                                                                                                                                                                                                   
                                                                                                                                                                                                                                                                
BO06   confirmed 03-JUL-19 05-JUL-19 J21           26 C06   J21   BHARUCH              VADODARA             05-JUL-19 05-JUL-19 06.00.00.000000 AM                                                no         B02   R61   B02   seater    ac                42   
GJ6197 leased                                                                                                                                                                                                                                                   
                                                                                                                                                                                                                                                                

BOOKIN SEAT_STAT BOOKING_D TRAVEL_DA JOURN   SEAT_NUM CUSTO JOURN SOURCE               DESTINATION          JDDATE    TTIME                                                                       ON_BUS_SER QCSJ_ ROUTE QCSJ_ BUS_TYPE  AC_NON SEAT_STRENGTH   
------ --------- --------- --------- ----- ---------- ----- ----- -------------------- -------------------- --------- --------------------------------------------------------------------------- ---------- ----- ----- ----- --------- ------ -------------   
OWNER_ LEASE_STAT                                                                                                                                                                                                                                               
------ ----------                                                                                                                                                                                                                                               
BO07   confirmed 03-JUL-19 05-JUL-19 J21           27 C07   J21   BHARUCH              VADODARA             05-JUL-19 05-JUL-19 06.00.00.000000 AM                                                no         B02   R61   B02   seater    ac                42   
GJ6197 leased                                                                                                                                                                                                                                                   
                                                                                                                                                                                                                                                                
BO08   confirmed 03-JUL-19 05-JUL-19 J21           28 C08   J21   BHARUCH              VADODARA             05-JUL-19 05-JUL-19 06.00.00.000000 AM                                                no         B02   R61   B02   seater    ac                42   
GJ6197 leased                                                                                                                                                                                                                                                   
                                                                                                                                                                                                                                                                
BO09   confirmed 03-JUL-19 05-JUL-19 J21           29 C09   J21   BHARUCH              VADODARA             05-JUL-19 05-JUL-19 06.00.00.000000 AM                                                no         B02   R61   B02   seater    ac                42   
GJ6197 leased                                                                                                                                                                                                                                                   
                                                                                                                                                                                                                                                                

BOOKIN SEAT_STAT BOOKING_D TRAVEL_DA JOURN   SEAT_NUM CUSTO JOURN SOURCE               DESTINATION          JDDATE    TTIME                                                                       ON_BUS_SER QCSJ_ ROUTE QCSJ_ BUS_TYPE  AC_NON SEAT_STRENGTH   
------ --------- --------- --------- ----- ---------- ----- ----- -------------------- -------------------- --------- --------------------------------------------------------------------------- ---------- ----- ----- ----- --------- ------ -------------   
OWNER_ LEASE_STAT                                                                                                                                                                                                                                               
------ ----------                                                                                                                                                                                                                                               
BO10   confirmed 01-JUL-19 05-JUL-19 J21           30 C10   J21   BHARUCH              VADODARA             05-JUL-19 05-JUL-19 06.00.00.000000 AM                                                no         B02   R61   B02   seater    ac                42   
GJ6197 leased                                                                                                                                                                                                                                                   
                                                                                                                                                                                                                                                                
BO11   confirmed 01-JUL-19 05-JUL-19 J21           31 C11   J21   BHARUCH              VADODARA             05-JUL-19 05-JUL-19 06.00.00.000000 AM                                                no         B02   R61   B02   seater    ac                42   
GJ6197 leased                                                                                                                                                                                                                                                   
                                                                                                                                                                                                                                                                
BO12   confirmed 01-JUL-19 05-JUL-19 J21           32 C12   J21   BHARUCH              VADODARA             05-JUL-19 05-JUL-19 06.00.00.000000 AM                                                no         B02   R61   B02   seater    ac                42   
GJ6197 leased                                                                                                                                                                                                                                                   
                                                                                                                                                                                                                                                                

BOOKIN SEAT_STAT BOOKING_D TRAVEL_DA JOURN   SEAT_NUM CUSTO JOURN SOURCE               DESTINATION          JDDATE    TTIME                                                                       ON_BUS_SER QCSJ_ ROUTE QCSJ_ BUS_TYPE  AC_NON SEAT_STRENGTH   
------ --------- --------- --------- ----- ---------- ----- ----- -------------------- -------------------- --------- --------------------------------------------------------------------------- ---------- ----- ----- ----- --------- ------ -------------   
OWNER_ LEASE_STAT                                                                                                                                                                                                                                               
------ ----------                                                                                                                                                                                                                                               
BO13   confirmed 01-JUL-19 05-JUL-19 J21           33 C13   J21   BHARUCH              VADODARA             05-JUL-19 05-JUL-19 06.00.00.000000 AM                                                no         B02   R61   B02   seater    ac                42   
GJ6197 leased                                                                                                                                                                                                                                                   
                                                                                                                                                                                                                                                                
BO14   confirmed 01-JUL-19 05-JUL-19 J21           34 C14   J21   BHARUCH              VADODARA             05-JUL-19 05-JUL-19 06.00.00.000000 AM                                                no         B02   R61   B02   seater    ac                42   
GJ6197 leased                                                                                                                                                                                                                                                   
                                                                                                                                                                                                                                                                
BO15   confirmed 01-JUL-19 05-JUL-19 J21            1 C15   J21   BHARUCH              VADODARA             05-JUL-19 05-JUL-19 06.00.00.000000 AM                                                no         B02   R61   B02   seater    ac                42   
GJ6197 leased                                                                                                                                                                                                                                                   
                                                                                                                                                                                                                                                                

BOOKIN SEAT_STAT BOOKING_D TRAVEL_DA JOURN   SEAT_NUM CUSTO JOURN SOURCE               DESTINATION          JDDATE    TTIME                                                                       ON_BUS_SER QCSJ_ ROUTE QCSJ_ BUS_TYPE  AC_NON SEAT_STRENGTH   
------ --------- --------- --------- ----- ---------- ----- ----- -------------------- -------------------- --------- --------------------------------------------------------------------------- ---------- ----- ----- ----- --------- ------ -------------   
OWNER_ LEASE_STAT                                                                                                                                                                                                                                               
------ ----------                                                                                                                                                                                                                                               
BO16   confirmed 01-JUL-19 05-JUL-19 J21            2 C16   J21   BHARUCH              VADODARA             05-JUL-19 05-JUL-19 06.00.00.000000 AM                                                no         B02   R61   B02   seater    ac                42   
GJ6197 leased                                                                                                                                                                                                                                                   
                                                                                                                                                                                                                                                                
BO17   confirmed 03-JUL-19 05-JUL-19 J21            3 C17   J21   BHARUCH              VADODARA             05-JUL-19 05-JUL-19 06.00.00.000000 AM                                                no         B02   R61   B02   seater    ac                42   
GJ6197 leased                                                                                                                                                                                                                                                   
                                                                                                                                                                                                                                                                
BO18   confirmed 03-JUL-19 05-JUL-19 J21            4 C18   J21   BHARUCH              VADODARA             05-JUL-19 05-JUL-19 06.00.00.000000 AM                                                no         B02   R61   B02   seater    ac                42   
GJ6197 leased                                                                                                                                                                                                                                                   
                                                                                                                                                                                                                                                                

BOOKIN SEAT_STAT BOOKING_D TRAVEL_DA JOURN   SEAT_NUM CUSTO JOURN SOURCE               DESTINATION          JDDATE    TTIME                                                                       ON_BUS_SER QCSJ_ ROUTE QCSJ_ BUS_TYPE  AC_NON SEAT_STRENGTH   
------ --------- --------- --------- ----- ---------- ----- ----- -------------------- -------------------- --------- --------------------------------------------------------------------------- ---------- ----- ----- ----- --------- ------ -------------   
OWNER_ LEASE_STAT                                                                                                                                                                                                                                               
------ ----------                                                                                                                                                                                                                                               
BO19   confirmed 03-JUL-19 05-JUL-19 J21            5 C19   J21   BHARUCH              VADODARA             05-JUL-19 05-JUL-19 06.00.00.000000 AM                                                no         B02   R61   B02   seater    ac                42   
GJ6197 leased                                                                                                                                                                                                                                                   
                                                                                                                                                                                                                                                                
BO20   confirmed 03-JUL-19 05-JUL-19 J21            6 C20   J21   BHARUCH              VADODARA             05-JUL-19 05-JUL-19 06.00.00.000000 AM                                                no         B02   R61   B02   seater    ac                42   
GJ6197 leased                                                                                                                                                                                                                                                   
                                                                                                                                                                                                                                                                
BO21   confirmed 03-JUL-19 05-JUL-19 J21            7 C21   J21   BHARUCH              VADODARA             05-JUL-19 05-JUL-19 06.00.00.000000 AM                                                no         B02   R61   B02   seater    ac                42   
GJ6197 leased                                                                                                                                                                                                                                                   
                                                                                                                                                                                                                                                                

BOOKIN SEAT_STAT BOOKING_D TRAVEL_DA JOURN   SEAT_NUM CUSTO JOURN SOURCE               DESTINATION          JDDATE    TTIME                                                                       ON_BUS_SER QCSJ_ ROUTE QCSJ_ BUS_TYPE  AC_NON SEAT_STRENGTH   
------ --------- --------- --------- ----- ---------- ----- ----- -------------------- -------------------- --------- --------------------------------------------------------------------------- ---------- ----- ----- ----- --------- ------ -------------   
OWNER_ LEASE_STAT                                                                                                                                                                                                                                               
------ ----------                                                                                                                                                                                                                                               
BO22   confirmed 03-JUL-19 05-JUL-19 J21            8 C22   J21   BHARUCH              VADODARA             05-JUL-19 05-JUL-19 06.00.00.000000 AM                                                no         B02   R61   B02   seater    ac                42   
GJ6197 leased                                                                                                                                                                                                                                                   
                                                                                                                                                                                                                                                                
BO23   confirmed 03-JUL-19 05-JUL-19 J21            9 C23   J21   BHARUCH              VADODARA             05-JUL-19 05-JUL-19 06.00.00.000000 AM                                                no         B02   R61   B02   seater    ac                42   
GJ6197 leased                                                                                                                                                                                                                                                   
                                                                                                                                                                                                                                                                
BO24   confirmed 03-JUL-19 05-JUL-19 J21           10 C24   J21   BHARUCH              VADODARA             05-JUL-19 05-JUL-19 06.00.00.000000 AM                                                no         B02   R61   B02   seater    ac                42   
GJ6197 leased                                                                                                                                                                                                                                                   
                                                                                                                                                                                                                                                                

BOOKIN SEAT_STAT BOOKING_D TRAVEL_DA JOURN   SEAT_NUM CUSTO JOURN SOURCE               DESTINATION          JDDATE    TTIME                                                                       ON_BUS_SER QCSJ_ ROUTE QCSJ_ BUS_TYPE  AC_NON SEAT_STRENGTH   
------ --------- --------- --------- ----- ---------- ----- ----- -------------------- -------------------- --------- --------------------------------------------------------------------------- ---------- ----- ----- ----- --------- ------ -------------   
OWNER_ LEASE_STAT                                                                                                                                                                                                                                               
------ ----------                                                                                                                                                                                                                                               
BO25   confirmed 03-JUL-19 05-JUL-19 J21           11 C25   J21   BHARUCH              VADODARA             05-JUL-19 05-JUL-19 06.00.00.000000 AM                                                no         B02   R61   B02   seater    ac                42   
GJ6197 leased                                                                                                                                                                                                                                                   
                                                                                                                                                                                                                                                                
BO26   confirmed 28-JUN-19 05-JUL-19 J21           12 C26   J21   BHARUCH              VADODARA             05-JUL-19 05-JUL-19 06.00.00.000000 AM                                                no         B02   R61   B02   seater    ac                42   
GJ6197 leased                                                                                                                                                                                                                                                   
                                                                                                                                                                                                                                                                
BO27   confirmed 04-JUL-19 05-JUL-19 J21           13 C27   J21   BHARUCH              VADODARA             05-JUL-19 05-JUL-19 06.00.00.000000 AM                                                no         B02   R61   B02   seater    ac                42   
GJ6197 leased                                                                                                                                                                                                                                                   
                                                                                                                                                                                                                                                                

BOOKIN SEAT_STAT BOOKING_D TRAVEL_DA JOURN   SEAT_NUM CUSTO JOURN SOURCE               DESTINATION          JDDATE    TTIME                                                                       ON_BUS_SER QCSJ_ ROUTE QCSJ_ BUS_TYPE  AC_NON SEAT_STRENGTH   
------ --------- --------- --------- ----- ---------- ----- ----- -------------------- -------------------- --------- --------------------------------------------------------------------------- ---------- ----- ----- ----- --------- ------ -------------   
OWNER_ LEASE_STAT                                                                                                                                                                                                                                               
------ ----------                                                                                                                                                                                                                                               
BO28   confirmed 04-JUL-19 05-JUL-19 J21           14 C28   J21   BHARUCH              VADODARA             05-JUL-19 05-JUL-19 06.00.00.000000 AM                                                no         B02   R61   B02   seater    ac                42   
GJ6197 leased                                                                                                                                                                                                                                                   
                                                                                                                                                                                                                                                                
BO29   confirmed 04-JUL-19 05-JUL-19 J21           15 C29   J21   BHARUCH              VADODARA             05-JUL-19 05-JUL-19 06.00.00.000000 AM                                                no         B02   R61   B02   seater    ac                42   
GJ6197 leased                                                                                                                                                                                                                                                   
                                                                                                                                                                                                                                                                
BO30   confirmed 04-JUL-19 05-JUL-19 J21           16 C30   J21   BHARUCH              VADODARA             05-JUL-19 05-JUL-19 06.00.00.000000 AM                                                no         B02   R61   B02   seater    ac                42   
GJ6197 leased                                                                                                                                                                                                                                                   
                                                                                                                                                                                                                                                                

BOOKIN SEAT_STAT BOOKING_D TRAVEL_DA JOURN   SEAT_NUM CUSTO JOURN SOURCE               DESTINATION          JDDATE    TTIME                                                                       ON_BUS_SER QCSJ_ ROUTE QCSJ_ BUS_TYPE  AC_NON SEAT_STRENGTH   
------ --------- --------- --------- ----- ---------- ----- ----- -------------------- -------------------- --------- --------------------------------------------------------------------------- ---------- ----- ----- ----- --------- ------ -------------   
OWNER_ LEASE_STAT                                                                                                                                                                                                                                               
------ ----------                                                                                                                                                                                                                                               
BO31   confirmed 04-JUL-19 05-JUL-19 J21           17 C31   J21   BHARUCH              VADODARA             05-JUL-19 05-JUL-19 06.00.00.000000 AM                                                no         B02   R61   B02   seater    ac                42   
GJ6197 leased                                                                                                                                                                                                                                                   
                                                                                                                                                                                                                                                                
BO32   confirmed 04-JUL-19 05-JUL-19 J21           18 C32   J21   BHARUCH              VADODARA             05-JUL-19 05-JUL-19 06.00.00.000000 AM                                                no         B02   R61   B02   seater    ac                42   
GJ6197 leased                                                                                                                                                                                                                                                   
                                                                                                                                                                                                                                                                
BO33   confirmed 04-JUL-19 05-JUL-19 J21           19 C33   J21   BHARUCH              VADODARA             05-JUL-19 05-JUL-19 06.00.00.000000 AM                                                no         B02   R61   B02   seater    ac                42   
GJ6197 leased                                                                                                                                                                                                                                                   
                                                                                                                                                                                                                                                                

BOOKIN SEAT_STAT BOOKING_D TRAVEL_DA JOURN   SEAT_NUM CUSTO JOURN SOURCE               DESTINATION          JDDATE    TTIME                                                                       ON_BUS_SER QCSJ_ ROUTE QCSJ_ BUS_TYPE  AC_NON SEAT_STRENGTH   
------ --------- --------- --------- ----- ---------- ----- ----- -------------------- -------------------- --------- --------------------------------------------------------------------------- ---------- ----- ----- ----- --------- ------ -------------   
OWNER_ LEASE_STAT                                                                                                                                                                                                                                               
------ ----------                                                                                                                                                                                                                                               
BO34   confirmed 01-JUL-19 05-JUL-19 J21           20 C34   J21   BHARUCH              VADODARA             05-JUL-19 05-JUL-19 06.00.00.000000 AM                                                no         B02   R61   B02   seater    ac                42   
GJ6197 leased                                                                                                                                                                                                                                                   
                                                                                                                                                                                                                                                                
BO35   confirmed 02-JUL-19 05-JUL-19 J21           35 C35   J21   BHARUCH              VADODARA             05-JUL-19 05-JUL-19 06.00.00.000000 AM                                                no         B02   R61   B02   seater    ac                42   
GJ6197 leased                                                                                                                                                                                                                                                   
                                                                                                                                                                                                                                                                
BO36   confirmed 04-JUL-19 05-JUL-19 J21           36 C36   J21   BHARUCH              VADODARA             05-JUL-19 05-JUL-19 06.00.00.000000 AM                                                no         B02   R61   B02   seater    ac                42   
GJ6197 leased                                                                                                                                                                                                                                                   
                                                                                                                                                                                                                                                                

BOOKIN SEAT_STAT BOOKING_D TRAVEL_DA JOURN   SEAT_NUM CUSTO JOURN SOURCE               DESTINATION          JDDATE    TTIME                                                                       ON_BUS_SER QCSJ_ ROUTE QCSJ_ BUS_TYPE  AC_NON SEAT_STRENGTH   
------ --------- --------- --------- ----- ---------- ----- ----- -------------------- -------------------- --------- --------------------------------------------------------------------------- ---------- ----- ----- ----- --------- ------ -------------   
OWNER_ LEASE_STAT                                                                                                                                                                                                                                               
------ ----------                                                                                                                                                                                                                                               
BO37   confirmed 03-JUL-19 05-JUL-19 J21           37 C37   J21   BHARUCH              VADODARA             05-JUL-19 05-JUL-19 06.00.00.000000 AM                                                no         B02   R61   B02   seater    ac                42   
GJ6197 leased                                                                                                                                                                                                                                                   
                                                                                                                                                                                                                                                                
BO38   confirmed 04-JUL-19 05-JUL-19 J21           38 C38   J21   BHARUCH              VADODARA             05-JUL-19 05-JUL-19 06.00.00.000000 AM                                                no         B02   R61   B02   seater    ac                42   
GJ6197 leased                                                                                                                                                                                                                                                   
                                                                                                                                                                                                                                                                

38 rows selected.

SQL> (SELECT * FROM JOURNEY_DETAILS J INNER JOIN BUS_DETAILS B ON J.BUS_ID=B.BUS_ID WHERE J.JDDATE=TO_DATE('05-07-2019','DD-MM-YYYY') AND J.TTIME='05-JULY-2019 06:00:00 AM' AND B.BUS_ID='B02')
  2  ;

JOURN SOURCE               DESTINATION          JDDATE    TTIME                                                                       ON_BUS_SER BUS_I ROUTE BUS_I BUS_TYPE  AC_NON SEAT_STRENGTH OWNER_ LEASE_STAT                                             
----- -------------------- -------------------- --------- --------------------------------------------------------------------------- ---------- ----- ----- ----- --------- ------ ------------- ------ ----------                                             
J21   BHARUCH              VADODARA             05-JUL-19 05-JUL-19 06.00.00.000000 AM                                                no         B02   R61   B02   seater    ac                42 GJ6197 leased                                                 

SQL> (SELECT * FROM CUSTOMER_BOOKING_DETAILS BO INNER JOIN (SELECT B.BUS_ID,J.JOURNEY_ID,J.TTIME FROM JOURNEY_DETAILS J INNER JOIN BUS_DETAILS B ON J.BUS_ID=B.BUS_ID WHERE J.TTIME='05-JULY-2019 06:00:00 AM' AND B.BUS_ID='B02') BJ ON BJ.JOURNEY_ID=BO.JOURNEY_ID)
  2  ;

BOOKIN SEAT_STAT BOOKING_D TRAVEL_DA JOURN   SEAT_NUM CUSTO BUS_I JOURN TTIME                                                                                                                                                                                   
------ --------- --------- --------- ----- ---------- ----- ----- ----- ---------------------------------------------------------------------------                                                                                                             
BO01   confirmed 03-JUL-19 05-JUL-19 J21           21 C01   B02   J21   05-JUL-19 06.00.00.000000 AM                                                                                                                                                            
BO02   confirmed 03-JUL-19 05-JUL-19 J21           22 C02   B02   J21   05-JUL-19 06.00.00.000000 AM                                                                                                                                                            
BO03   confirmed 03-JUL-19 05-JUL-19 J21           23 C03   B02   J21   05-JUL-19 06.00.00.000000 AM                                                                                                                                                            
BO04   confirmed 03-JUL-19 05-JUL-19 J21           24 C04   B02   J21   05-JUL-19 06.00.00.000000 AM                                                                                                                                                            
BO05   confirmed 03-JUL-19 05-JUL-19 J21           25 C05   B02   J21   05-JUL-19 06.00.00.000000 AM                                                                                                                                                            
BO06   confirmed 03-JUL-19 05-JUL-19 J21           26 C06   B02   J21   05-JUL-19 06.00.00.000000 AM                                                                                                                                                            
BO07   confirmed 03-JUL-19 05-JUL-19 J21           27 C07   B02   J21   05-JUL-19 06.00.00.000000 AM                                                                                                                                                            
BO08   confirmed 03-JUL-19 05-JUL-19 J21           28 C08   B02   J21   05-JUL-19 06.00.00.000000 AM                                                                                                                                                            
BO09   confirmed 03-JUL-19 05-JUL-19 J21           29 C09   B02   J21   05-JUL-19 06.00.00.000000 AM                                                                                                                                                            
BO10   confirmed 01-JUL-19 05-JUL-19 J21           30 C10   B02   J21   05-JUL-19 06.00.00.000000 AM                                                                                                                                                            
BO11   confirmed 01-JUL-19 05-JUL-19 J21           31 C11   B02   J21   05-JUL-19 06.00.00.000000 AM                                                                                                                                                            

BOOKIN SEAT_STAT BOOKING_D TRAVEL_DA JOURN   SEAT_NUM CUSTO BUS_I JOURN TTIME                                                                                                                                                                                   
------ --------- --------- --------- ----- ---------- ----- ----- ----- ---------------------------------------------------------------------------                                                                                                             
BO12   confirmed 01-JUL-19 05-JUL-19 J21           32 C12   B02   J21   05-JUL-19 06.00.00.000000 AM                                                                                                                                                            
BO13   confirmed 01-JUL-19 05-JUL-19 J21           33 C13   B02   J21   05-JUL-19 06.00.00.000000 AM                                                                                                                                                            
BO14   confirmed 01-JUL-19 05-JUL-19 J21           34 C14   B02   J21   05-JUL-19 06.00.00.000000 AM                                                                                                                                                            
BO15   confirmed 01-JUL-19 05-JUL-19 J21            1 C15   B02   J21   05-JUL-19 06.00.00.000000 AM                                                                                                                                                            
BO16   confirmed 01-JUL-19 05-JUL-19 J21            2 C16   B02   J21   05-JUL-19 06.00.00.000000 AM                                                                                                                                                            
BO17   confirmed 03-JUL-19 05-JUL-19 J21            3 C17   B02   J21   05-JUL-19 06.00.00.000000 AM                                                                                                                                                            
BO18   confirmed 03-JUL-19 05-JUL-19 J21            4 C18   B02   J21   05-JUL-19 06.00.00.000000 AM                                                                                                                                                            
BO19   confirmed 03-JUL-19 05-JUL-19 J21            5 C19   B02   J21   05-JUL-19 06.00.00.000000 AM                                                                                                                                                            
BO20   confirmed 03-JUL-19 05-JUL-19 J21            6 C20   B02   J21   05-JUL-19 06.00.00.000000 AM                                                                                                                                                            
BO21   confirmed 03-JUL-19 05-JUL-19 J21            7 C21   B02   J21   05-JUL-19 06.00.00.000000 AM                                                                                                                                                            
BO22   confirmed 03-JUL-19 05-JUL-19 J21            8 C22   B02   J21   05-JUL-19 06.00.00.000000 AM                                                                                                                                                            

BOOKIN SEAT_STAT BOOKING_D TRAVEL_DA JOURN   SEAT_NUM CUSTO BUS_I JOURN TTIME                                                                                                                                                                                   
------ --------- --------- --------- ----- ---------- ----- ----- ----- ---------------------------------------------------------------------------                                                                                                             
BO23   confirmed 03-JUL-19 05-JUL-19 J21            9 C23   B02   J21   05-JUL-19 06.00.00.000000 AM                                                                                                                                                            
BO24   confirmed 03-JUL-19 05-JUL-19 J21           10 C24   B02   J21   05-JUL-19 06.00.00.000000 AM                                                                                                                                                            
BO25   confirmed 03-JUL-19 05-JUL-19 J21           11 C25   B02   J21   05-JUL-19 06.00.00.000000 AM                                                                                                                                                            
BO26   confirmed 28-JUN-19 05-JUL-19 J21           12 C26   B02   J21   05-JUL-19 06.00.00.000000 AM                                                                                                                                                            
BO27   confirmed 04-JUL-19 05-JUL-19 J21           13 C27   B02   J21   05-JUL-19 06.00.00.000000 AM                                                                                                                                                            
BO28   confirmed 04-JUL-19 05-JUL-19 J21           14 C28   B02   J21   05-JUL-19 06.00.00.000000 AM                                                                                                                                                            
BO29   confirmed 04-JUL-19 05-JUL-19 J21           15 C29   B02   J21   05-JUL-19 06.00.00.000000 AM                                                                                                                                                            
BO30   confirmed 04-JUL-19 05-JUL-19 J21           16 C30   B02   J21   05-JUL-19 06.00.00.000000 AM                                                                                                                                                            
BO31   confirmed 04-JUL-19 05-JUL-19 J21           17 C31   B02   J21   05-JUL-19 06.00.00.000000 AM                                                                                                                                                            
BO32   confirmed 04-JUL-19 05-JUL-19 J21           18 C32   B02   J21   05-JUL-19 06.00.00.000000 AM                                                                                                                                                            
BO33   confirmed 04-JUL-19 05-JUL-19 J21           19 C33   B02   J21   05-JUL-19 06.00.00.000000 AM                                                                                                                                                            

BOOKIN SEAT_STAT BOOKING_D TRAVEL_DA JOURN   SEAT_NUM CUSTO BUS_I JOURN TTIME                                                                                                                                                                                   
------ --------- --------- --------- ----- ---------- ----- ----- ----- ---------------------------------------------------------------------------                                                                                                             
BO34   confirmed 01-JUL-19 05-JUL-19 J21           20 C34   B02   J21   05-JUL-19 06.00.00.000000 AM                                                                                                                                                            
BO35   confirmed 02-JUL-19 05-JUL-19 J21           35 C35   B02   J21   05-JUL-19 06.00.00.000000 AM                                                                                                                                                            
BO36   confirmed 04-JUL-19 05-JUL-19 J21           36 C36   B02   J21   05-JUL-19 06.00.00.000000 AM                                                                                                                                                            
BO37   confirmed 03-JUL-19 05-JUL-19 J21           37 C37   B02   J21   05-JUL-19 06.00.00.000000 AM                                                                                                                                                            
BO38   confirmed 04-JUL-19 05-JUL-19 J21           38 C38   B02   J21   05-JUL-19 06.00.00.000000 AM                                                                                                                                                            

38 rows selected.

SQL> (SELECT BO.BOOKING_ID,BJ.BUS_ID,BJ.JOURNEY_ID,BJ.TTIME FROM CUSTOMER_BOOKING_DETAILS BO INNER JOIN (SELECT B.BUS_ID,J.JOURNEY_ID,J.TTIME FROM JOURNEY_DETAILS J INNER JOIN BUS_DETAILS B ON J.BUS_ID=B.BUS_ID WHERE J.TTIME='05-JULY-2019 06:00:00 AM' AND B.BUS_ID='B02') BJ ON BJ.JOURNEY_ID=BO.JOURNEY_ID);

BOOKIN BUS_I JOURN TTIME                                                                                                                                                                                                                                        
------ ----- ----- ---------------------------------------------------------------------------                                                                                                                                                                  
BO01   B02   J21   05-JUL-19 06.00.00.000000 AM                                                                                                                                                                                                                 
BO02   B02   J21   05-JUL-19 06.00.00.000000 AM                                                                                                                                                                                                                 
BO03   B02   J21   05-JUL-19 06.00.00.000000 AM                                                                                                                                                                                                                 
BO04   B02   J21   05-JUL-19 06.00.00.000000 AM                                                                                                                                                                                                                 
BO05   B02   J21   05-JUL-19 06.00.00.000000 AM                                                                                                                                                                                                                 
BO06   B02   J21   05-JUL-19 06.00.00.000000 AM                                                                                                                                                                                                                 
BO07   B02   J21   05-JUL-19 06.00.00.000000 AM                                                                                                                                                                                                                 
BO08   B02   J21   05-JUL-19 06.00.00.000000 AM                                                                                                                                                                                                                 
BO09   B02   J21   05-JUL-19 06.00.00.000000 AM                                                                                                                                                                                                                 
BO10   B02   J21   05-JUL-19 06.00.00.000000 AM                                                                                                                                                                                                                 
BO11   B02   J21   05-JUL-19 06.00.00.000000 AM                                                                                                                                                                                                                 

BOOKIN BUS_I JOURN TTIME                                                                                                                                                                                                                                        
------ ----- ----- ---------------------------------------------------------------------------                                                                                                                                                                  
BO12   B02   J21   05-JUL-19 06.00.00.000000 AM                                                                                                                                                                                                                 
BO13   B02   J21   05-JUL-19 06.00.00.000000 AM                                                                                                                                                                                                                 
BO14   B02   J21   05-JUL-19 06.00.00.000000 AM                                                                                                                                                                                                                 
BO15   B02   J21   05-JUL-19 06.00.00.000000 AM                                                                                                                                                                                                                 
BO16   B02   J21   05-JUL-19 06.00.00.000000 AM                                                                                                                                                                                                                 
BO17   B02   J21   05-JUL-19 06.00.00.000000 AM                                                                                                                                                                                                                 
BO18   B02   J21   05-JUL-19 06.00.00.000000 AM                                                                                                                                                                                                                 
BO19   B02   J21   05-JUL-19 06.00.00.000000 AM                                                                                                                                                                                                                 
BO20   B02   J21   05-JUL-19 06.00.00.000000 AM                                                                                                                                                                                                                 
BO21   B02   J21   05-JUL-19 06.00.00.000000 AM                                                                                                                                                                                                                 
BO22   B02   J21   05-JUL-19 06.00.00.000000 AM                                                                                                                                                                                                                 

BOOKIN BUS_I JOURN TTIME                                                                                                                                                                                                                                        
------ ----- ----- ---------------------------------------------------------------------------                                                                                                                                                                  
BO23   B02   J21   05-JUL-19 06.00.00.000000 AM                                                                                                                                                                                                                 
BO24   B02   J21   05-JUL-19 06.00.00.000000 AM                                                                                                                                                                                                                 
BO25   B02   J21   05-JUL-19 06.00.00.000000 AM                                                                                                                                                                                                                 
BO26   B02   J21   05-JUL-19 06.00.00.000000 AM                                                                                                                                                                                                                 
BO27   B02   J21   05-JUL-19 06.00.00.000000 AM                                                                                                                                                                                                                 
BO28   B02   J21   05-JUL-19 06.00.00.000000 AM                                                                                                                                                                                                                 
BO29   B02   J21   05-JUL-19 06.00.00.000000 AM                                                                                                                                                                                                                 
BO30   B02   J21   05-JUL-19 06.00.00.000000 AM                                                                                                                                                                                                                 
BO31   B02   J21   05-JUL-19 06.00.00.000000 AM                                                                                                                                                                                                                 
BO32   B02   J21   05-JUL-19 06.00.00.000000 AM                                                                                                                                                                                                                 
BO33   B02   J21   05-JUL-19 06.00.00.000000 AM                                                                                                                                                                                                                 

BOOKIN BUS_I JOURN TTIME                                                                                                                                                                                                                                        
------ ----- ----- ---------------------------------------------------------------------------                                                                                                                                                                  
BO34   B02   J21   05-JUL-19 06.00.00.000000 AM                                                                                                                                                                                                                 
BO35   B02   J21   05-JUL-19 06.00.00.000000 AM                                                                                                                                                                                                                 
BO36   B02   J21   05-JUL-19 06.00.00.000000 AM                                                                                                                                                                                                                 
BO37   B02   J21   05-JUL-19 06.00.00.000000 AM                                                                                                                                                                                                                 
BO38   B02   J21   05-JUL-19 06.00.00.000000 AM                                                                                                                                                                                                                 

38 rows selected.

SQL> (SELECT BO.BOOKING_ID,BO.CUSTOMER_ID,BJ.BUS_ID,BJ.JOURNEY_ID,BJ.TTIME FROM CUSTOMER_BOOKING_DETAILS BO INNER JOIN (SELECT B.BUS_ID,J.JOURNEY_ID,J.TTIME FROM JOURNEY_DETAILS J INNER JOIN BUS_DETAILS B ON J.BUS_ID=B.BUS_ID WHERE J.TTIME='05-JULY-2019 06:00:00 AM' AND B.BUS_ID='B02') BJ ON BJ.JOURNEY_ID=BO.JOURNEY_ID));
(SELECT BO.BOOKING_ID,BO.CUSTOMER_ID,BJ.BUS_ID,BJ.JOURNEY_ID,BJ.TTIME FROM CUSTOMER_BOOKING_DETAILS BO INNER JOIN (SELECT B.BUS_ID,J.JOURNEY_ID,J.TTIME FROM JOURNEY_DETAILS J INNER JOIN BUS_DETAILS B ON J.BUS_ID=B.BUS_ID WHERE J.TTIME='05-JULY-2019 06:00:00 AM' AND B.BUS_ID='B02') BJ ON BJ.JOURNEY_ID=BO.JOURNEY_ID))
                                                                                                                                                                                                                                                                                                                            *
ERROR at line 1:
ORA-00933: SQL command not properly ended 


SQL> SELECT BO.BOOKING_ID,BO.CUSTOMER_ID,BJ.BUS_ID,BJ.JOURNEY_ID,BJ.TTIME FROM CUSTOMER_BOOKING_DETAILS BO INNER JOIN (SELECT B.BUS_ID,J.JOURNEY_ID,J.TTIME FROM JOURNEY_DETAILS J INNER JOIN BUS_DETAILS B ON J.BUS_ID=B.BUS_ID WHERE J.TTIME='05-JULY-2019 06:00:00 AM' AND B.BUS_ID='B02') BJ ON BJ.JOURNEY_ID=BO.JOURNEY_ID);
SELECT BO.BOOKING_ID,BO.CUSTOMER_ID,BJ.BUS_ID,BJ.JOURNEY_ID,BJ.TTIME FROM CUSTOMER_BOOKING_DETAILS BO INNER JOIN (SELECT B.BUS_ID,J.JOURNEY_ID,J.TTIME FROM JOURNEY_DETAILS J INNER JOIN BUS_DETAILS B ON J.BUS_ID=B.BUS_ID WHERE J.TTIME='05-JULY-2019 06:00:00 AM' AND B.BUS_ID='B02') BJ ON BJ.JOURNEY_ID=BO.JOURNEY_ID)
                                                                                                                                                                                                                                                                                                                          *
ERROR at line 1:
ORA-00933: SQL command not properly ended 


SQL> SELECT BO.BOOKING_ID,BO.CUSTOMER_ID,BJ.BUS_ID,BJ.JOURNEY_ID,BJ.TTIME FROM CUSTOMER_BOOKING_DETAILS BO INNER JOIN (SELECT B.BUS_ID,J.JOURNEY_ID,J.TTIME FROM JOURNEY_DETAILS J INNER JOIN BUS_DETAILS B ON J.BUS_ID=B.BUS_ID WHERE J.TTIME='05-JULY-2019 06:00:00 AM' AND B.BUS_ID='B02') BJ ON BJ.JOURNEY_ID=BO.JOURNEY_ID;

BOOKIN CUSTO BUS_I JOURN TTIME                                                                                                                                                                                                                                  
------ ----- ----- ----- ---------------------------------------------------------------------------                                                                                                                                                            
BO01   C01   B02   J21   05-JUL-19 06.00.00.000000 AM                                                                                                                                                                                                           
BO02   C02   B02   J21   05-JUL-19 06.00.00.000000 AM                                                                                                                                                                                                           
BO03   C03   B02   J21   05-JUL-19 06.00.00.000000 AM                                                                                                                                                                                                           
BO04   C04   B02   J21   05-JUL-19 06.00.00.000000 AM                                                                                                                                                                                                           
BO05   C05   B02   J21   05-JUL-19 06.00.00.000000 AM                                                                                                                                                                                                           
BO06   C06   B02   J21   05-JUL-19 06.00.00.000000 AM                                                                                                                                                                                                           
BO07   C07   B02   J21   05-JUL-19 06.00.00.000000 AM                                                                                                                                                                                                           
BO08   C08   B02   J21   05-JUL-19 06.00.00.000000 AM                                                                                                                                                                                                           
BO09   C09   B02   J21   05-JUL-19 06.00.00.000000 AM                                                                                                                                                                                                           
BO10   C10   B02   J21   05-JUL-19 06.00.00.000000 AM                                                                                                                                                                                                           
BO11   C11   B02   J21   05-JUL-19 06.00.00.000000 AM                                                                                                                                                                                                           

BOOKIN CUSTO BUS_I JOURN TTIME                                                                                                                                                                                                                                  
------ ----- ----- ----- ---------------------------------------------------------------------------                                                                                                                                                            
BO12   C12   B02   J21   05-JUL-19 06.00.00.000000 AM                                                                                                                                                                                                           
BO13   C13   B02   J21   05-JUL-19 06.00.00.000000 AM                                                                                                                                                                                                           
BO14   C14   B02   J21   05-JUL-19 06.00.00.000000 AM                                                                                                                                                                                                           
BO15   C15   B02   J21   05-JUL-19 06.00.00.000000 AM                                                                                                                                                                                                           
BO16   C16   B02   J21   05-JUL-19 06.00.00.000000 AM                                                                                                                                                                                                           
BO17   C17   B02   J21   05-JUL-19 06.00.00.000000 AM                                                                                                                                                                                                           
BO18   C18   B02   J21   05-JUL-19 06.00.00.000000 AM                                                                                                                                                                                                           
BO19   C19   B02   J21   05-JUL-19 06.00.00.000000 AM                                                                                                                                                                                                           
BO20   C20   B02   J21   05-JUL-19 06.00.00.000000 AM                                                                                                                                                                                                           
BO21   C21   B02   J21   05-JUL-19 06.00.00.000000 AM                                                                                                                                                                                                           
BO22   C22   B02   J21   05-JUL-19 06.00.00.000000 AM                                                                                                                                                                                                           

BOOKIN CUSTO BUS_I JOURN TTIME                                                                                                                                                                                                                                  
------ ----- ----- ----- ---------------------------------------------------------------------------                                                                                                                                                            
BO23   C23   B02   J21   05-JUL-19 06.00.00.000000 AM                                                                                                                                                                                                           
BO24   C24   B02   J21   05-JUL-19 06.00.00.000000 AM                                                                                                                                                                                                           
BO25   C25   B02   J21   05-JUL-19 06.00.00.000000 AM                                                                                                                                                                                                           
BO26   C26   B02   J21   05-JUL-19 06.00.00.000000 AM                                                                                                                                                                                                           
BO27   C27   B02   J21   05-JUL-19 06.00.00.000000 AM                                                                                                                                                                                                           
BO28   C28   B02   J21   05-JUL-19 06.00.00.000000 AM                                                                                                                                                                                                           
BO29   C29   B02   J21   05-JUL-19 06.00.00.000000 AM                                                                                                                                                                                                           
BO30   C30   B02   J21   05-JUL-19 06.00.00.000000 AM                                                                                                                                                                                                           
BO31   C31   B02   J21   05-JUL-19 06.00.00.000000 AM                                                                                                                                                                                                           
BO32   C32   B02   J21   05-JUL-19 06.00.00.000000 AM                                                                                                                                                                                                           
BO33   C33   B02   J21   05-JUL-19 06.00.00.000000 AM                                                                                                                                                                                                           

BOOKIN CUSTO BUS_I JOURN TTIME                                                                                                                                                                                                                                  
------ ----- ----- ----- ---------------------------------------------------------------------------                                                                                                                                                            
BO34   C34   B02   J21   05-JUL-19 06.00.00.000000 AM                                                                                                                                                                                                           
BO35   C35   B02   J21   05-JUL-19 06.00.00.000000 AM                                                                                                                                                                                                           
BO36   C36   B02   J21   05-JUL-19 06.00.00.000000 AM                                                                                                                                                                                                           
BO37   C37   B02   J21   05-JUL-19 06.00.00.000000 AM                                                                                                                                                                                                           
BO38   C38   B02   J21   05-JUL-19 06.00.00.000000 AM                                                                                                                                                                                                           

38 rows selected.

SQL> SELECT BCJ.BOOKING_ID,BCJ.BUS_ID,BCJ.JOURNEY_ID,BCJ.TTIME FROM PASSENGER_DETAILS P INNER JOIN (SELECT BO.BOOKING_ID,BO.CUSTOMER_ID,BJ.BUS_ID,BJ.JOURNEY_ID,BJ.TTIME FROM CUSTOMER_BOOKING_DETAILS BO INNER JOIN (SELECT B.BUS_ID,J.JOURNEY_ID,J.TTIME FROM JOURNEY_DETAILS J INNER JOIN BUS_DETAILS B ON J.BUS_ID=B.BUS_ID WHERE J.TTIME='05-JULY-2019 06:00:00 AM' AND B.BUS_ID='B02') BJ ON BJ.JOURNEY_ID=BO.JOURNEY_ID) BCJ ON BCJ.CUSTOMER_ID=P.CUSTOMER_ID;

BOOKIN BUS_I JOURN TTIME                                                                                                                                                                                                                                        
------ ----- ----- ---------------------------------------------------------------------------                                                                                                                                                                  
BO01   B02   J21   05-JUL-19 06.00.00.000000 AM                                                                                                                                                                                                                 
BO02   B02   J21   05-JUL-19 06.00.00.000000 AM                                                                                                                                                                                                                 
BO03   B02   J21   05-JUL-19 06.00.00.000000 AM                                                                                                                                                                                                                 
BO04   B02   J21   05-JUL-19 06.00.00.000000 AM                                                                                                                                                                                                                 
BO05   B02   J21   05-JUL-19 06.00.00.000000 AM                                                                                                                                                                                                                 
BO06   B02   J21   05-JUL-19 06.00.00.000000 AM                                                                                                                                                                                                                 
BO07   B02   J21   05-JUL-19 06.00.00.000000 AM                                                                                                                                                                                                                 
BO08   B02   J21   05-JUL-19 06.00.00.000000 AM                                                                                                                                                                                                                 
BO09   B02   J21   05-JUL-19 06.00.00.000000 AM                                                                                                                                                                                                                 
BO10   B02   J21   05-JUL-19 06.00.00.000000 AM                                                                                                                                                                                                                 
BO11   B02   J21   05-JUL-19 06.00.00.000000 AM                                                                                                                                                                                                                 

BOOKIN BUS_I JOURN TTIME                                                                                                                                                                                                                                        
------ ----- ----- ---------------------------------------------------------------------------                                                                                                                                                                  
BO12   B02   J21   05-JUL-19 06.00.00.000000 AM                                                                                                                                                                                                                 
BO13   B02   J21   05-JUL-19 06.00.00.000000 AM                                                                                                                                                                                                                 
BO14   B02   J21   05-JUL-19 06.00.00.000000 AM                                                                                                                                                                                                                 
BO15   B02   J21   05-JUL-19 06.00.00.000000 AM                                                                                                                                                                                                                 
BO16   B02   J21   05-JUL-19 06.00.00.000000 AM                                                                                                                                                                                                                 
BO17   B02   J21   05-JUL-19 06.00.00.000000 AM                                                                                                                                                                                                                 
BO18   B02   J21   05-JUL-19 06.00.00.000000 AM                                                                                                                                                                                                                 
BO19   B02   J21   05-JUL-19 06.00.00.000000 AM                                                                                                                                                                                                                 
BO20   B02   J21   05-JUL-19 06.00.00.000000 AM                                                                                                                                                                                                                 
BO21   B02   J21   05-JUL-19 06.00.00.000000 AM                                                                                                                                                                                                                 
BO22   B02   J21   05-JUL-19 06.00.00.000000 AM                                                                                                                                                                                                                 

BOOKIN BUS_I JOURN TTIME                                                                                                                                                                                                                                        
------ ----- ----- ---------------------------------------------------------------------------                                                                                                                                                                  
BO23   B02   J21   05-JUL-19 06.00.00.000000 AM                                                                                                                                                                                                                 
BO24   B02   J21   05-JUL-19 06.00.00.000000 AM                                                                                                                                                                                                                 
BO25   B02   J21   05-JUL-19 06.00.00.000000 AM                                                                                                                                                                                                                 
BO26   B02   J21   05-JUL-19 06.00.00.000000 AM                                                                                                                                                                                                                 
BO27   B02   J21   05-JUL-19 06.00.00.000000 AM                                                                                                                                                                                                                 
BO28   B02   J21   05-JUL-19 06.00.00.000000 AM                                                                                                                                                                                                                 
BO29   B02   J21   05-JUL-19 06.00.00.000000 AM                                                                                                                                                                                                                 
BO30   B02   J21   05-JUL-19 06.00.00.000000 AM                                                                                                                                                                                                                 
BO31   B02   J21   05-JUL-19 06.00.00.000000 AM                                                                                                                                                                                                                 
BO32   B02   J21   05-JUL-19 06.00.00.000000 AM                                                                                                                                                                                                                 
BO33   B02   J21   05-JUL-19 06.00.00.000000 AM                                                                                                                                                                                                                 

BOOKIN BUS_I JOURN TTIME                                                                                                                                                                                                                                        
------ ----- ----- ---------------------------------------------------------------------------                                                                                                                                                                  
BO34   B02   J21   05-JUL-19 06.00.00.000000 AM                                                                                                                                                                                                                 
BO35   B02   J21   05-JUL-19 06.00.00.000000 AM                                                                                                                                                                                                                 
BO36   B02   J21   05-JUL-19 06.00.00.000000 AM                                                                                                                                                                                                                 
BO37   B02   J21   05-JUL-19 06.00.00.000000 AM                                                                                                                                                                                                                 
BO38   B02   J21   05-JUL-19 06.00.00.000000 AM                                                                                                                                                                                                                 

38 rows selected.

SQL> SELECT P.CUSTOMER_ID,P.NAME,P.PHONE_NUMBER,BCJ.BOOKING_ID,BCJ.BUS_ID,BCJ.JOURNEY_ID,BCJ.TTIME DATE_TIME FROM PASSENGER_DETAILS P INNER JOIN (SELECT BO.BOOKING_ID,BO.CUSTOMER_ID,BJ.BUS_ID,BJ.JOURNEY_ID,BJ.TTIME FROM CUSTOMER_BOOKING_DETAILS BO INNER JOIN (SELECT B.BUS_ID,J.JOURNEY_ID,J.TTIME FROM JOURNEY_DETAILS J INNER JOIN BUS_DETAILS B ON J.BUS_ID=B.BUS_ID WHERE J.TTIME='05-JULY-2019 06:00:00 AM' AND B.BUS_ID='B02') BJ ON BJ.JOURNEY_ID=BO.JOURNEY_ID) BCJ ON BCJ.CUSTOMER_ID=P.CUSTOMER_ID;

CUSTO NAME                                     PHONE_NUMBER BOOKIN BUS_I JOURN DATE_TIME                                                                                                                                                                        
----- ---------------------------------------- ------------ ------ ----- ----- ---------------------------------------------------------------------------                                                                                                      
C01   Jamie Vardy                                3692029666 BO01   B02   J21   05-JUL-19 06.00.00.000000 AM                                                                                                                                                     
C02   Adam Traore                                3381358905 BO02   B02   J21   05-JUL-19 06.00.00.000000 AM                                                                                                                                                     
C03   Sandi Malls                                1564337985 BO03   B02   J21   05-JUL-19 06.00.00.000000 AM                                                                                                                                                     
C04   Trent Arnold                               5485949405 BO04   B02   J21   05-JUL-19 06.00.00.000000 AM                                                                                                                                                     
C05   Mike Forgo                                 5934710388 BO05   B02   J21   05-JUL-19 06.00.00.000000 AM                                                                                                                                                     
C06   Gabriel Foden                              9698291115 BO06   B02   J21   05-JUL-19 06.00.00.000000 AM                                                                                                                                                     
C07   Phil Kevin                                 2265315320 BO07   B02   J21   05-JUL-19 06.00.00.000000 AM                                                                                                                                                     
C08   Eion Morgan                                1298973395 BO08   B02   J21   05-JUL-19 06.00.00.000000 AM                                                                                                                                                     
C09   David Willis                               9982350680 BO09   B02   J21   05-JUL-19 06.00.00.000000 AM                                                                                                                                                     
C10   Hugh Jackman                               8809966936 BO10   B02   J21   05-JUL-19 06.00.00.000000 AM                                                                                                                                                     
C11   Genny Ollins                               9357843930 BO11   B02   J21   05-JUL-19 06.00.00.000000 AM                                                                                                                                                     

CUSTO NAME                                     PHONE_NUMBER BOOKIN BUS_I JOURN DATE_TIME                                                                                                                                                                        
----- ---------------------------------------- ------------ ------ ----- ----- ---------------------------------------------------------------------------                                                                                                      
C12   George Weah                                4668960411 BO12   B02   J21   05-JUL-19 06.00.00.000000 AM                                                                                                                                                     
C13   Gill Dennis                                7180193947 BO13   B02   J21   05-JUL-19 06.00.00.000000 AM                                                                                                                                                     
C14   Fred Jinngs                                6057381289 BO14   B02   J21   05-JUL-19 06.00.00.000000 AM                                                                                                                                                     
C15   Phoeb Kevin                                2265532012 BO15   B02   J21   05-JUL-19 06.00.00.000000 AM                                                                                                                                                     
C16   Eion Morner                                9598973395 BO16   B02   J21   05-JUL-19 06.00.00.000000 AM                                                                                                                                                     
C17   Rita Wallis                                9382930680 BO17   B02   J21   05-JUL-19 06.00.00.000000 AM                                                                                                                                                     
C18   Hugli Jackler                              8839966936 BO18   B02   J21   05-JUL-19 06.00.00.000000 AM                                                                                                                                                     
C19   Genny Ollins                                938753930 BO19   B02   J21   05-JUL-19 06.00.00.000000 AM                                                                                                                                                     
C20   George Wowey                               9876960411 BO20   B02   J21   05-JUL-19 06.00.00.000000 AM                                                                                                                                                     
C21   Gill Dennis                                9464193947 BO21   B02   J21   05-JUL-19 06.00.00.000000 AM                                                                                                                                                     
C22   Fred Jinngs                                9443381289 BO22   B02   J21   05-JUL-19 06.00.00.000000 AM                                                                                                                                                     

CUSTO NAME                                     PHONE_NUMBER BOOKIN BUS_I JOURN DATE_TIME                                                                                                                                                                        
----- ---------------------------------------- ------------ ------ ----- ----- ---------------------------------------------------------------------------                                                                                                      
C23   Phineas Kevester                           9005315320 BO23   B02   J21   05-JUL-19 06.00.00.000000 AM                                                                                                                                                     
C24   Kallis Morgan                              9090973395 BO24   B02   J21   05-JUL-19 06.00.00.000000 AM                                                                                                                                                     
C25   Dave Williamson                            9121350680 BO25   B02   J21   05-JUL-19 06.00.00.000000 AM                                                                                                                                                     
C26   Hugh Caprio                                9911966936 BO26   B02   J21   05-JUL-19 06.00.00.000000 AM                                                                                                                                                     
C27   Gen Jokstar                                9234843930 BO27   B02   J21   05-JUL-19 06.00.00.000000 AM                                                                                                                                                     
C28   George Wheatley                            9434960411 BO28   B02   J21   05-JUL-19 06.00.00.000000 AM                                                                                                                                                     
C29   Gilliam Dennistar                          9023453947 BO29   B02   J21   05-JUL-19 06.00.00.000000 AM                                                                                                                                                     
C30   Fredling Jingis                            9900380089 BO30   B02   J21   05-JUL-19 06.00.00.000000 AM                                                                                                                                                     
C31   Ferb Kevlos                                2265315320 BO31   B02   J21   05-JUL-19 06.00.00.000000 AM                                                                                                                                                     
C32   Morgan Ellis                               1298973395 BO32   B02   J21   05-JUL-19 06.00.00.000000 AM                                                                                                                                                     
C33   David Decker                               9982350680 BO33   B02   J21   05-JUL-19 06.00.00.000000 AM                                                                                                                                                     

CUSTO NAME                                     PHONE_NUMBER BOOKIN BUS_I JOURN DATE_TIME                                                                                                                                                                        
----- ---------------------------------------- ------------ ------ ----- ----- ---------------------------------------------------------------------------                                                                                                      
C34   Jack Morris                                8809966936 BO34   B02   J21   05-JUL-19 06.00.00.000000 AM                                                                                                                                                     
C35   Genny Oliver                               9357843930 BO35   B02   J21   05-JUL-19 06.00.00.000000 AM                                                                                                                                                     
C36   Gerill Johnson                             4668960411 BO36   B02   J21   05-JUL-19 06.00.00.000000 AM                                                                                                                                                     
C37   Den Gillings                               7180193947 BO37   B02   J21   05-JUL-19 06.00.00.000000 AM                                                                                                                                                     
C38   Fredrick Willing                           6057381289 BO38   B02   J21   05-JUL-19 06.00.00.000000 AM                                                                                                                                                     

38 rows selected.

SQL> SELECT P.CUSTOMER_ID,P.NAME,P.PHONE_NUMBER,BCJ.BOOKING_ID,BCJ.BUS_ID,BCJ.JOURNEY_ID,BCJ.TTIME DATE_TIME FROM PASSENGER_DETAILS P INNER JOIN (SELECT BO.BOOKING_ID,BO.CUSTOMER_ID,BJ.BUS_ID,BJ.JOURNEY_ID,BJ.TTIME FROM CUSTOMER_BOOKING_DETAILS BO INNER JOIN (SELECT B.BUS_ID,J.JOURNEY_ID,J.TTIME FROM JOURNEY_DETAILS J INNER JOIN BUS_DETAILS B ON J.BUS_ID=B.BUS_ID WHERE J.TTIME='05-JULY-2019 06:00:00 AM' AND B.BUS_ID='B02') BJ ON BJ.JOURNEY_ID=BO.JOURNEY_ID WHERE BO.SEAT_STATUS='Confirmed') BCJ ON BCJ.CUSTOMER_ID=P.CUSTOMER_ID;

no rows selected

SQL> SELECT P.CUSTOMER_ID,P.NAME,P.PHONE_NUMBER,BCJ.BOOKING_ID,BCJ.BUS_ID,BCJ.JOURNEY_ID,BCJ.TTIME DATE_TIME FROM PASSENGER_DETAILS P INNER JOIN (SELECT BO.BOOKING_ID,BO.CUSTOMER_ID,BJ.BUS_ID,BJ.JOURNEY_ID,BJ.TTIME FROM CUSTOMER_BOOKING_DETAILS BO INNER JOIN (SELECT B.BUS_ID,J.JOURNEY_ID,J.TTIME FROM JOURNEY_DETAILS J INNER JOIN BUS_DETAILS B ON J.BUS_ID=B.BUS_ID WHERE J.TTIME='05-JULY-2019 06:00:00 AM' AND B.BUS_ID='B02') BJ ON BJ.JOURNEY_ID=BO.JOURNEY_ID WHERE BO.SEAT_STATUS='confirmed') BCJ ON BCJ.CUSTOMER_ID=P.CUSTOMER_ID;

CUSTO NAME                                     PHONE_NUMBER BOOKIN BUS_I JOURN DATE_TIME                                                                                                                                                                        
----- ---------------------------------------- ------------ ------ ----- ----- ---------------------------------------------------------------------------                                                                                                      
C01   Jamie Vardy                                3692029666 BO01   B02   J21   05-JUL-19 06.00.00.000000 AM                                                                                                                                                     
C02   Adam Traore                                3381358905 BO02   B02   J21   05-JUL-19 06.00.00.000000 AM                                                                                                                                                     
C03   Sandi Malls                                1564337985 BO03   B02   J21   05-JUL-19 06.00.00.000000 AM                                                                                                                                                     
C04   Trent Arnold                               5485949405 BO04   B02   J21   05-JUL-19 06.00.00.000000 AM                                                                                                                                                     
C05   Mike Forgo                                 5934710388 BO05   B02   J21   05-JUL-19 06.00.00.000000 AM                                                                                                                                                     
C06   Gabriel Foden                              9698291115 BO06   B02   J21   05-JUL-19 06.00.00.000000 AM                                                                                                                                                     
C07   Phil Kevin                                 2265315320 BO07   B02   J21   05-JUL-19 06.00.00.000000 AM                                                                                                                                                     
C08   Eion Morgan                                1298973395 BO08   B02   J21   05-JUL-19 06.00.00.000000 AM                                                                                                                                                     
C09   David Willis                               9982350680 BO09   B02   J21   05-JUL-19 06.00.00.000000 AM                                                                                                                                                     
C10   Hugh Jackman                               8809966936 BO10   B02   J21   05-JUL-19 06.00.00.000000 AM                                                                                                                                                     
C11   Genny Ollins                               9357843930 BO11   B02   J21   05-JUL-19 06.00.00.000000 AM                                                                                                                                                     

CUSTO NAME                                     PHONE_NUMBER BOOKIN BUS_I JOURN DATE_TIME                                                                                                                                                                        
----- ---------------------------------------- ------------ ------ ----- ----- ---------------------------------------------------------------------------                                                                                                      
C12   George Weah                                4668960411 BO12   B02   J21   05-JUL-19 06.00.00.000000 AM                                                                                                                                                     
C13   Gill Dennis                                7180193947 BO13   B02   J21   05-JUL-19 06.00.00.000000 AM                                                                                                                                                     
C14   Fred Jinngs                                6057381289 BO14   B02   J21   05-JUL-19 06.00.00.000000 AM                                                                                                                                                     
C15   Phoeb Kevin                                2265532012 BO15   B02   J21   05-JUL-19 06.00.00.000000 AM                                                                                                                                                     
C16   Eion Morner                                9598973395 BO16   B02   J21   05-JUL-19 06.00.00.000000 AM                                                                                                                                                     
C17   Rita Wallis                                9382930680 BO17   B02   J21   05-JUL-19 06.00.00.000000 AM                                                                                                                                                     
C18   Hugli Jackler                              8839966936 BO18   B02   J21   05-JUL-19 06.00.00.000000 AM                                                                                                                                                     
C19   Genny Ollins                                938753930 BO19   B02   J21   05-JUL-19 06.00.00.000000 AM                                                                                                                                                     
C20   George Wowey                               9876960411 BO20   B02   J21   05-JUL-19 06.00.00.000000 AM                                                                                                                                                     
C21   Gill Dennis                                9464193947 BO21   B02   J21   05-JUL-19 06.00.00.000000 AM                                                                                                                                                     
C22   Fred Jinngs                                9443381289 BO22   B02   J21   05-JUL-19 06.00.00.000000 AM                                                                                                                                                     

CUSTO NAME                                     PHONE_NUMBER BOOKIN BUS_I JOURN DATE_TIME                                                                                                                                                                        
----- ---------------------------------------- ------------ ------ ----- ----- ---------------------------------------------------------------------------                                                                                                      
C23   Phineas Kevester                           9005315320 BO23   B02   J21   05-JUL-19 06.00.00.000000 AM                                                                                                                                                     
C24   Kallis Morgan                              9090973395 BO24   B02   J21   05-JUL-19 06.00.00.000000 AM                                                                                                                                                     
C25   Dave Williamson                            9121350680 BO25   B02   J21   05-JUL-19 06.00.00.000000 AM                                                                                                                                                     
C26   Hugh Caprio                                9911966936 BO26   B02   J21   05-JUL-19 06.00.00.000000 AM                                                                                                                                                     
C27   Gen Jokstar                                9234843930 BO27   B02   J21   05-JUL-19 06.00.00.000000 AM                                                                                                                                                     
C28   George Wheatley                            9434960411 BO28   B02   J21   05-JUL-19 06.00.00.000000 AM                                                                                                                                                     
C29   Gilliam Dennistar                          9023453947 BO29   B02   J21   05-JUL-19 06.00.00.000000 AM                                                                                                                                                     
C30   Fredling Jingis                            9900380089 BO30   B02   J21   05-JUL-19 06.00.00.000000 AM                                                                                                                                                     
C31   Ferb Kevlos                                2265315320 BO31   B02   J21   05-JUL-19 06.00.00.000000 AM                                                                                                                                                     
C32   Morgan Ellis                               1298973395 BO32   B02   J21   05-JUL-19 06.00.00.000000 AM                                                                                                                                                     
C33   David Decker                               9982350680 BO33   B02   J21   05-JUL-19 06.00.00.000000 AM                                                                                                                                                     

CUSTO NAME                                     PHONE_NUMBER BOOKIN BUS_I JOURN DATE_TIME                                                                                                                                                                        
----- ---------------------------------------- ------------ ------ ----- ----- ---------------------------------------------------------------------------                                                                                                      
C34   Jack Morris                                8809966936 BO34   B02   J21   05-JUL-19 06.00.00.000000 AM                                                                                                                                                     
C35   Genny Oliver                               9357843930 BO35   B02   J21   05-JUL-19 06.00.00.000000 AM                                                                                                                                                     
C36   Gerill Johnson                             4668960411 BO36   B02   J21   05-JUL-19 06.00.00.000000 AM                                                                                                                                                     
C37   Den Gillings                               7180193947 BO37   B02   J21   05-JUL-19 06.00.00.000000 AM                                                                                                                                                     
C38   Fredrick Willing                           6057381289 BO38   B02   J21   05-JUL-19 06.00.00.000000 AM                                                                                                                                                     

38 rows selected.

SQL> SELECT PC.NAME,PC.AGE,PC.PHONE_NUMBER,PC.BOOKING_ID,PC.SEAT_STATUS,PC.JOURNEY_ID,JD.JDDATE JOURNEY_DATE,JD.TTIME TIME FROM JOURNEY_DETAILS JD INNER JOIN (SELECT * FROM PASSENGER_DETAILS PD INNER JOIN CUSTOMER_BOOKING_DETAILS CBD ON PD.CUSTOMER_ID=CBD.CUSTOMER_ID WHERE CBD.SEAT_STATUS='confirmed')PC ON PC.JOURNEY_ID=JD.JOURNEY_ID WHERE JD.JOURNEY_ID='J21';

NAME                                     AGE PHONE_NUMBER BOOKIN SEAT_STAT JOURN JOURNEY_D TIME                                                                                                                                                                 
---------------------------------------- --- ------------ ------ --------- ----- --------- ---------------------------------------------------------------------------                                                                                          
Jamie Vardy                              22    3692029666 BO01   confirmed J21   05-JUL-19 05-JUL-19 06.00.00.000000 AM                                                                                                                                         
Adam Traore                              28    3381358905 BO02   confirmed J21   05-JUL-19 05-JUL-19 06.00.00.000000 AM                                                                                                                                         
Sandi Malls                              42    1564337985 BO03   confirmed J21   05-JUL-19 05-JUL-19 06.00.00.000000 AM                                                                                                                                         
Trent Arnold                             32    5485949405 BO04   confirmed J21   05-JUL-19 05-JUL-19 06.00.00.000000 AM                                                                                                                                         
Mike Forgo                               18    5934710388 BO05   confirmed J21   05-JUL-19 05-JUL-19 06.00.00.000000 AM                                                                                                                                         
Gabriel Foden                            25    9698291115 BO06   confirmed J21   05-JUL-19 05-JUL-19 06.00.00.000000 AM                                                                                                                                         
Phil Kevin                               52    2265315320 BO07   confirmed J21   05-JUL-19 05-JUL-19 06.00.00.000000 AM                                                                                                                                         
Eion Morgan                              46    1298973395 BO08   confirmed J21   05-JUL-19 05-JUL-19 06.00.00.000000 AM                                                                                                                                         
David Willis                             43    9982350680 BO09   confirmed J21   05-JUL-19 05-JUL-19 06.00.00.000000 AM                                                                                                                                         
Hugh Jackman                             29    8809966936 BO10   confirmed J21   05-JUL-19 05-JUL-19 06.00.00.000000 AM                                                                                                                                         
Genny Ollins                             29    9357843930 BO11   confirmed J21   05-JUL-19 05-JUL-19 06.00.00.000000 AM                                                                                                                                         

NAME                                     AGE PHONE_NUMBER BOOKIN SEAT_STAT JOURN JOURNEY_D TIME                                                                                                                                                                 
---------------------------------------- --- ------------ ------ --------- ----- --------- ---------------------------------------------------------------------------                                                                                          
George Weah                              49    4668960411 BO12   confirmed J21   05-JUL-19 05-JUL-19 06.00.00.000000 AM                                                                                                                                         
Gill Dennis                              35    7180193947 BO13   confirmed J21   05-JUL-19 05-JUL-19 06.00.00.000000 AM                                                                                                                                         
Fred Jinngs                              51    6057381289 BO14   confirmed J21   05-JUL-19 05-JUL-19 06.00.00.000000 AM                                                                                                                                         
Phoeb Kevin                              26    2265532012 BO15   confirmed J21   05-JUL-19 05-JUL-19 06.00.00.000000 AM                                                                                                                                         
Eion Morner                              16    9598973395 BO16   confirmed J21   05-JUL-19 05-JUL-19 06.00.00.000000 AM                                                                                                                                         
Rita Wallis                              43    9382930680 BO17   confirmed J21   05-JUL-19 05-JUL-19 06.00.00.000000 AM                                                                                                                                         
Hugli Jackler                            29    8839966936 BO18   confirmed J21   05-JUL-19 05-JUL-19 06.00.00.000000 AM                                                                                                                                         
Genny Ollins                             29     938753930 BO19   confirmed J21   05-JUL-19 05-JUL-19 06.00.00.000000 AM                                                                                                                                         
George Wowey                             49    9876960411 BO20   confirmed J21   05-JUL-19 05-JUL-19 06.00.00.000000 AM                                                                                                                                         
Gill Dennis                              35    9464193947 BO21   confirmed J21   05-JUL-19 05-JUL-19 06.00.00.000000 AM                                                                                                                                         
Fred Jinngs                              51    9443381289 BO22   confirmed J21   05-JUL-19 05-JUL-19 06.00.00.000000 AM                                                                                                                                         

NAME                                     AGE PHONE_NUMBER BOOKIN SEAT_STAT JOURN JOURNEY_D TIME                                                                                                                                                                 
---------------------------------------- --- ------------ ------ --------- ----- --------- ---------------------------------------------------------------------------                                                                                          
Phineas Kevester                         59    9005315320 BO23   confirmed J21   05-JUL-19 05-JUL-19 06.00.00.000000 AM                                                                                                                                         
Kallis Morgan                            41    9090973395 BO24   confirmed J21   05-JUL-19 05-JUL-19 06.00.00.000000 AM                                                                                                                                         
Dave Williamson                          48    9121350680 BO25   confirmed J21   05-JUL-19 05-JUL-19 06.00.00.000000 AM                                                                                                                                         
Hugh Caprio                              22    9911966936 BO26   confirmed J21   05-JUL-19 05-JUL-19 06.00.00.000000 AM                                                                                                                                         
Gen Jokstar                              25    9234843930 BO27   confirmed J21   05-JUL-19 05-JUL-19 06.00.00.000000 AM                                                                                                                                         
George Wheatley                          41    9434960411 BO28   confirmed J21   05-JUL-19 05-JUL-19 06.00.00.000000 AM                                                                                                                                         
Gilliam Dennistar                        31    9023453947 BO29   confirmed J21   05-JUL-19 05-JUL-19 06.00.00.000000 AM                                                                                                                                         
Fredling Jingis                          55    9900380089 BO30   confirmed J21   05-JUL-19 05-JUL-19 06.00.00.000000 AM                                                                                                                                         
Ferb Kevlos                              66    2265315320 BO31   confirmed J21   05-JUL-19 05-JUL-19 06.00.00.000000 AM                                                                                                                                         
Morgan Ellis                             65    1298973395 BO32   confirmed J21   05-JUL-19 05-JUL-19 06.00.00.000000 AM                                                                                                                                         
David Decker                             34    9982350680 BO33   confirmed J21   05-JUL-19 05-JUL-19 06.00.00.000000 AM                                                                                                                                         

NAME                                     AGE PHONE_NUMBER BOOKIN SEAT_STAT JOURN JOURNEY_D TIME                                                                                                                                                                 
---------------------------------------- --- ------------ ------ --------- ----- --------- ---------------------------------------------------------------------------                                                                                          
Jack Morris                              22    8809966936 BO34   confirmed J21   05-JUL-19 05-JUL-19 06.00.00.000000 AM                                                                                                                                         
Genny Oliver                             49    9357843930 BO35   confirmed J21   05-JUL-19 05-JUL-19 06.00.00.000000 AM                                                                                                                                         
Gerill Johnson                           19    4668960411 BO36   confirmed J21   05-JUL-19 05-JUL-19 06.00.00.000000 AM                                                                                                                                         
Den Gillings                             33    7180193947 BO37   confirmed J21   05-JUL-19 05-JUL-19 06.00.00.000000 AM                                                                                                                                         
Fredrick Willing                         58    6057381289 BO38   confirmed J21   05-JUL-19 05-JUL-19 06.00.00.000000 AM                                                                                                                                         

38 rows selected.

SQL> spool off;
